PH commonpak NULL C:/Users/jflinn18/Desktop/Mod_for_Project/commonPak.vhd sub00/vhpl00 1493920025
PB commonpak commonpak C:/Users/jflinn18/Desktop/Mod_for_Project/commonPak.vhd sub00/vhpl01 1493920026
AR font_rom behavioral C:/Users/jflinn18/Desktop/Mod_for_Project/Font_Rom.vhd sub00/vhpl03 1493920028
AR vga_module behavioral C:/Users/jflinn18/Desktop/Mod_for_Project/vga_module.vhd sub00/vhpl09 1493920034
EN vga_module NULL C:/Users/jflinn18/Desktop/Mod_for_Project/vga_module.vhd sub00/vhpl08 1493920033
EN pixel_on_text NULL C:/Users/jflinn18/Desktop/Mod_for_Project/Pixek_On_Text.vhd sub00/vhpl04 1493920031
EN font_rom NULL C:/Users/jflinn18/Desktop/Mod_for_Project/Font_Rom.vhd sub00/vhpl02 1493920027
EN vga_mem NULL C:/Users/jflinn18/Desktop/Mod_for_Project/vga_mem.vhd sub00/vhpl06 1493920029
AR pixel_on_text behavioral C:/Users/jflinn18/Desktop/Mod_for_Project/Pixek_On_Text.vhd sub00/vhpl05 1493920032
AR vga_mem behavioral C:/Users/jflinn18/Desktop/Mod_for_Project/vga_mem.vhd sub00/vhpl07 1493920030
