V3 27
FL C:/Users/dhansen17/Desktop/Mod_for_Project/Mod_for_Project/commonPak.vhd 2017/05/02.11:04:41 P.20131013
FL C:/Users/dhansen17/Desktop/Mod_for_Project/Mod_for_Project/Font_Rom.vhd 2017/05/02.11:06:01 P.20131013
FL C:/Users/dhansen17/Desktop/Mod_for_Project/Mod_for_Project/Pixek_On_Text.vhd 2017/05/02.11:19:47 P.20131013
FL C:/Users/jflinn18/Desktop/MIPS_CPU/Mod_for_Project/commonPak.vhd 2017/05/04.09:54:54 P.20131013
PH work/commonPak 1493921126 \
      FL C:/Users/jflinn18/Desktop/MIPS_CPU/Mod_for_Project/commonPak.vhd \
      PB ieee/std_logic_1164 1381692176 PB ieee/MATH_REAL 1381692182
PB work/commonPak 1493921127 \
      FL C:/Users/jflinn18/Desktop/MIPS_CPU/Mod_for_Project/commonPak.vhd \
      PH work/commonPak 1493921126
FL C:/Users/jflinn18/Desktop/MIPS_CPU/Mod_for_Project/Font_Rom.vhd 2017/05/04.09:54:54 P.20131013
EN work/Font_Rom 1493921128 \
      FL C:/Users/jflinn18/Desktop/MIPS_CPU/Mod_for_Project/Font_Rom.vhd \
      PB ieee/std_logic_1164 1381692176 PB ieee/NUMERIC_STD 1381692181 \
      PB work/commonPak 1493921127
AR work/Font_Rom/Behavioral 1493921129 \
      FL C:/Users/jflinn18/Desktop/MIPS_CPU/Mod_for_Project/Font_Rom.vhd \
      EN work/Font_Rom 1493921128
FL C:/Users/jflinn18/Desktop/MIPS_CPU/Mod_for_Project/Pixek_On_Text.vhd 2017/05/04.10:39:15 P.20131013
EN work/Pixel_On_Text 1493921132 \
      FL C:/Users/jflinn18/Desktop/MIPS_CPU/Mod_for_Project/Pixek_On_Text.vhd \
      PB ieee/std_logic_1164 1381692176 PB ieee/NUMERIC_STD 1381692181 LB UNISIM \
      PH unisim/VCOMPONENTS 1381692182 PB work/commonPak 1493921127
AR work/Pixel_On_Text/Behavioral 1493921133 \
      FL C:/Users/jflinn18/Desktop/MIPS_CPU/Mod_for_Project/Pixek_On_Text.vhd \
      EN work/Pixel_On_Text 1493921132 CP work/Font_Rom
FL C:/Users/jflinn18/Desktop/MIPS_CPU/Mod_for_Project/vga_mem.vhd 2017/05/04.10:36:55 P.20131013
EN work/vga_mem 1493921130 \
      FL C:/Users/jflinn18/Desktop/MIPS_CPU/Mod_for_Project/vga_mem.vhd \
      PB ieee/std_logic_1164 1381692176 PB ieee/NUMERIC_STD 1381692181 LB UNISIM \
      PH unisim/VCOMPONENTS 1381692182
AR work/vga_mem/Behavioral 1493921131 \
      FL C:/Users/jflinn18/Desktop/MIPS_CPU/Mod_for_Project/vga_mem.vhd \
      EN work/vga_mem 1493921130
FL C:/Users/jflinn18/Desktop/MIPS_CPU/Mod_for_Project/vga_module.vhd 2017/05/04.11:05:23 P.20131013
EN work/vga_module 1493921134 \
      FL C:/Users/jflinn18/Desktop/MIPS_CPU/Mod_for_Project/vga_module.vhd \
      PB ieee/std_logic_1164 1381692176 PB ieee/NUMERIC_STD 1381692181 LB UNISIM \
      PH unisim/VCOMPONENTS 1381692182 PB work/commonPak 1493921127
AR work/vga_module/Behavioral 1493921135 \
      FL C:/Users/jflinn18/Desktop/MIPS_CPU/Mod_for_Project/vga_module.vhd \
      EN work/vga_module 1493921134 CP vga_mem CP Pixel_On_Text
FL C:/Users/jflinn18/Desktop/Mod_for_Project/commonPak.vhd 2017/05/04.09:54:54 P.20131013
FL C:/Users/jflinn18/Desktop/Mod_for_Project/Font_Rom.vhd 2017/05/04.09:54:54 P.20131013
FL C:/Users/jflinn18/Desktop/Mod_for_Project/Pixek_On_Text.vhd 2017/05/04.10:39:15 P.20131013
FL C:/Users/jflinn18/Desktop/Mod_for_Project/vga_mem.vhd 2017/05/04.10:36:55 P.20131013
FL C:/Users/jflinn18/Desktop/Mod_for_Project/vga_module.vhd 2017/05/04.10:47:02 P.20131013
