V3 22
FL C:/Users/dhansen17/Desktop/Mod_for_Project/Mod_for_Project/commonPak.vhd 2017/05/02.11:04:41 P.20131013
FL C:/Users/dhansen17/Desktop/Mod_for_Project/Mod_for_Project/Font_Rom.vhd 2017/05/02.11:06:01 P.20131013
FL C:/Users/dhansen17/Desktop/Mod_for_Project/Mod_for_Project/Pixek_On_Text.vhd 2017/05/02.11:19:47 P.20131013
FL C:/Users/jflinn18/Desktop/Mod_for_Project/commonPak.vhd 2017/05/04.09:54:54 P.20131013
PH work/commonPak 1493920025 \
      FL C:/Users/jflinn18/Desktop/Mod_for_Project/commonPak.vhd \
      PB ieee/std_logic_1164 1381692176 PB ieee/MATH_REAL 1381692182
PB work/commonPak 1493920026 \
      FL C:/Users/jflinn18/Desktop/Mod_for_Project/commonPak.vhd \
      PH work/commonPak 1493920025
FL C:/Users/jflinn18/Desktop/Mod_for_Project/Font_Rom.vhd 2017/05/04.09:54:54 P.20131013
EN work/Font_Rom 1493920027 \
      FL C:/Users/jflinn18/Desktop/Mod_for_Project/Font_Rom.vhd \
      PB ieee/std_logic_1164 1381692176 PB ieee/NUMERIC_STD 1381692181 \
      PB work/commonPak 1493920026
AR work/Font_Rom/Behavioral 1493920028 \
      FL C:/Users/jflinn18/Desktop/Mod_for_Project/Font_Rom.vhd EN work/Font_Rom 1493920027
FL C:/Users/jflinn18/Desktop/Mod_for_Project/Pixek_On_Text.vhd 2017/05/04.10:39:15 P.20131013
EN work/Pixel_On_Text 1493920031 \
      FL C:/Users/jflinn18/Desktop/Mod_for_Project/Pixek_On_Text.vhd \
      PB ieee/std_logic_1164 1381692176 PB ieee/NUMERIC_STD 1381692181 LB UNISIM \
      PH unisim/VCOMPONENTS 1381692182 PB work/commonPak 1493920026
AR work/Pixel_On_Text/Behavioral 1493920032 \
      FL C:/Users/jflinn18/Desktop/Mod_for_Project/Pixek_On_Text.vhd \
      EN work/Pixel_On_Text 1493920031 CP work/Font_Rom
FL C:/Users/jflinn18/Desktop/Mod_for_Project/vga_mem.vhd 2017/05/04.10:36:55 P.20131013
EN work/vga_mem 1493920029 \
      FL C:/Users/jflinn18/Desktop/Mod_for_Project/vga_mem.vhd \
      PB ieee/std_logic_1164 1381692176 PB ieee/NUMERIC_STD 1381692181 LB UNISIM \
      PH unisim/VCOMPONENTS 1381692182
AR work/vga_mem/Behavioral 1493920030 \
      FL C:/Users/jflinn18/Desktop/Mod_for_Project/vga_mem.vhd EN work/vga_mem 1493920029
FL C:/Users/jflinn18/Desktop/Mod_for_Project/vga_module.vhd 2017/05/04.10:47:02 P.20131013
EN work/vga_module 1493920033 \
      FL C:/Users/jflinn18/Desktop/Mod_for_Project/vga_module.vhd \
      PB ieee/std_logic_1164 1381692176 PB ieee/NUMERIC_STD 1381692181 LB UNISIM \
      PH unisim/VCOMPONENTS 1381692182 PB work/commonPak 1493920026
AR work/vga_module/Behavioral 1493920034 \
      FL C:/Users/jflinn18/Desktop/Mod_for_Project/vga_module.vhd \
      EN work/vga_module 1493920033 CP vga_mem CP Pixel_On_Text
