Release 14.7 - xst P.20131013 (nt64)
Copyright (c) 1995-2013 Xilinx, Inc.  All rights reserved.
--> Parameter TMPDIR set to xst/projnav.tmp


Total REAL time to Xst completion: 0.00 secs
Total CPU time to Xst completion: 0.08 secs
 
--> Parameter xsthdpdir set to xst


Total REAL time to Xst completion: 0.00 secs
Total CPU time to Xst completion: 0.08 secs
 
--> Reading design: mips_fpga_interface.prj

TABLE OF CONTENTS
  1) Synthesis Options Summary
  2) HDL Compilation
  3) Design Hierarchy Analysis
  4) HDL Analysis
  5) HDL Synthesis
     5.1) HDL Synthesis Report
  6) Advanced HDL Synthesis
     6.1) Advanced HDL Synthesis Report
  7) Low Level Synthesis
  8) Partition Report
  9) Final Report
	9.1) Device utilization summary
	9.2) Partition Resource Summary
	9.3) TIMING REPORT


=========================================================================
*                      Synthesis Options Summary                        *
=========================================================================
---- Source Parameters
Input File Name                    : "mips_fpga_interface.prj"
Input Format                       : mixed
Ignore Synthesis Constraint File   : NO

---- Target Parameters
Output File Name                   : "mips_fpga_interface"
Output Format                      : NGC
Target Device                      : xc3s1000-5-ft256

---- Source Options
Top Module Name                    : mips_fpga_interface
Automatic FSM Extraction           : YES
FSM Encoding Algorithm             : Auto
Safe Implementation                : No
FSM Style                          : LUT
RAM Extraction                     : Yes
RAM Style                          : Auto
ROM Extraction                     : Yes
Mux Style                          : Auto
Decoder Extraction                 : YES
Priority Encoder Extraction        : Yes
Shift Register Extraction          : YES
Logical Shifter Extraction         : YES
XOR Collapsing                     : YES
ROM Style                          : Auto
Mux Extraction                     : Yes
Resource Sharing                   : YES
Asynchronous To Synchronous        : NO
Multiplier Style                   : Auto
Automatic Register Balancing       : No

---- Target Options
Add IO Buffers                     : YES
Global Maximum Fanout              : 100000
Add Generic Clock Buffer(BUFG)     : 8
Register Duplication               : YES
Slice Packing                      : YES
Optimize Instantiated Primitives   : NO
Use Clock Enable                   : Yes
Use Synchronous Set                : Yes
Use Synchronous Reset              : Yes
Pack IO Registers into IOBs        : Auto
Equivalent register Removal        : YES

---- General Options
Optimization Goal                  : Speed
Optimization Effort                : 1
Keep Hierarchy                     : No
Netlist Hierarchy                  : As_Optimized
RTL Output                         : Yes
Global Optimization                : AllClockNets
Read Cores                         : YES
Write Timing Constraints           : NO
Cross Clock Analysis               : NO
Hierarchy Separator                : /
Bus Delimiter                      : <>
Case Specifier                     : Maintain
Slice Utilization Ratio            : 100
BRAM Utilization Ratio             : 100
Verilog 2001                       : YES
Auto BRAM Packing                  : NO
Slice Utilization Ratio Delta      : 5

=========================================================================


=========================================================================
*                          HDL Compilation                              *
=========================================================================
Compiling vhdl file "C:/Users/jflinn18/Desktop/MIPS_CPU/MIPS_CPU_FPGA_AND_SIM_V4/mips_building_blocks.vhd" in Library work.
Architecture behave of Entity regfile is up to date.
Architecture behave of Entity adder is up to date.
Architecture behave of Entity sl2 is up to date.
Architecture behave of Entity signext is up to date.
Architecture asynchronous of Entity flopr is up to date.
Architecture behave of Entity mux2 is up to date.
Architecture behave of Entity shiftleft is up to date.
Architecture behave of Entity shiftright is up to date.
Compiling vhdl file "C:/Users/jflinn18/Desktop/MIPS_CPU/MIPS_CPU_FPGA_AND_SIM_V4/mips_alu.vhd" in Library work.
Architecture behave of Entity alu is up to date.
Compiling vhdl file "C:/Users/jflinn18/Desktop/MIPS_CPU/MIPS_CPU_FPGA_AND_SIM_V4/mips_decoder_main.vhd" in Library work.
Architecture behave of Entity maindec is up to date.
Compiling vhdl file "C:/Users/jflinn18/Desktop/MIPS_CPU/MIPS_CPU_FPGA_AND_SIM_V4/mips_decoder_alu.vhd" in Library work.
Architecture behave of Entity aludec is up to date.
Compiling vhdl file "C:/Users/jflinn18/Desktop/MIPS_CPU/MIPS_CPU_FPGA_AND_SIM_V4/mips_mem.vhd" in Library work.
Architecture behave of Entity dmem is up to date.
Architecture behave of Entity vgamem is up to date.
Architecture behave of Entity imem is up to date.
Compiling vhdl file "C:/Users/jflinn18/Desktop/MIPS_CPU/MIPS_CPU_FPGA_AND_SIM_V4/box.vhd" in Library work.
Architecture behavioral of Entity boxcolor is up to date.
Compiling vhdl file "C:/Users/jflinn18/Desktop/MIPS_CPU/MIPS_CPU_FPGA_AND_SIM_V4/mips_controller.vhd" in Library work.
Architecture struct of Entity controller is up to date.
Compiling vhdl file "C:/Users/jflinn18/Desktop/MIPS_CPU/MIPS_CPU_FPGA_AND_SIM_V4/mips_datapath.vhd" in Library work.
Architecture struct of Entity datapath is up to date.
Compiling vhdl file "C:/Users/jflinn18/Desktop/MIPS_CPU/MIPS_CPU_FPGA_AND_SIM_V4/addrDecoder.vhd" in Library work.
Architecture behavioral of Entity addrdecoder is up to date.
Compiling vhdl file "C:/Users/jflinn18/Desktop/MIPS_CPU/MIPS_CPU_FPGA_AND_SIM_V4/mips.vhd" in Library work.
Architecture struct of Entity mips is up to date.
Compiling vhdl file "C:/Users/jflinn18/Desktop/MIPS_CPU/MIPS_CPU_FPGA_AND_SIM_V4/vgaBoxes.vhd" in Library work.
Architecture behavioral of Entity vgaboxes is up to date.
Compiling vhdl file "C:/Users/jflinn18/Desktop/MIPS_CPU/MIPS_CPU_FPGA_AND_SIM_V4/mips_top.vhd" in Library work.
Architecture test of Entity top is up to date.
Compiling vhdl file "C:/Users/jflinn18/Desktop/MIPS_CPU/MIPS_CPU_FPGA_AND_SIM_V4/mips_fpga_interface.vhd" in Library work.
Architecture test_fpga of Entity mips_fpga_interface is up to date.

=========================================================================
*                     Design Hierarchy Analysis                         *
=========================================================================
Analyzing hierarchy for entity <mips_fpga_interface> in library <work> (architecture <test_fpga>).

Analyzing hierarchy for entity <top> in library <work> (architecture <test>).

Analyzing hierarchy for entity <addrDecoder> in library <work> (architecture <behavioral>).

Analyzing hierarchy for entity <mips> in library <work> (architecture <struct>).

Analyzing hierarchy for entity <imem> in library <work> (architecture <behave>).

Analyzing hierarchy for entity <dmem> in library <work> (architecture <behave>).

Analyzing hierarchy for entity <vgaBoxes> in library <work> (architecture <behavioral>).

Analyzing hierarchy for entity <controller> in library <work> (architecture <struct>).

Analyzing hierarchy for entity <datapath> in library <work> (architecture <struct>).

Analyzing hierarchy for entity <vgaMem> in library <work> (architecture <behave>).

Analyzing hierarchy for entity <boxColor> in library <work> (architecture <behavioral>).

Analyzing hierarchy for entity <maindec> in library <work> (architecture <behave>).

Analyzing hierarchy for entity <aludec> in library <work> (architecture <behave>).

Analyzing hierarchy for entity <flopr> in library <work> (architecture <asynchronous>) with generics.
	width = 32

Analyzing hierarchy for entity <adder> in library <work> (architecture <behave>).

Analyzing hierarchy for entity <sl2> in library <work> (architecture <behave>).

Analyzing hierarchy for entity <mux2> in library <work> (architecture <behave>) with generics.
	width = 32

Analyzing hierarchy for entity <regfile> in library <work> (architecture <behave>).

Analyzing hierarchy for entity <mux2> in library <work> (architecture <behave>) with generics.
	width = 5

Analyzing hierarchy for entity <signext> in library <work> (architecture <behave>).

Analyzing hierarchy for entity <alu> in library <work> (architecture <behave>).

Analyzing hierarchy for entity <ShiftLeft> in library <work> (architecture <behave>).

Analyzing hierarchy for entity <ShiftRight> in library <work> (architecture <behave>).


=========================================================================
*                            HDL Analysis                               *
=========================================================================
Analyzing Entity <mips_fpga_interface> in library <work> (Architecture <test_fpga>).
Entity <mips_fpga_interface> analyzed. Unit <mips_fpga_interface> generated.

Analyzing Entity <top> in library <work> (Architecture <test>).
Entity <top> analyzed. Unit <top> generated.

Analyzing Entity <addrDecoder> in library <work> (Architecture <behavioral>).
Entity <addrDecoder> analyzed. Unit <addrDecoder> generated.

Analyzing Entity <mips> in library <work> (Architecture <struct>).
Entity <mips> analyzed. Unit <mips> generated.

Analyzing Entity <controller> in library <work> (Architecture <struct>).
Entity <controller> analyzed. Unit <controller> generated.

Analyzing Entity <maindec> in library <work> (Architecture <behave>).
Entity <maindec> analyzed. Unit <maindec> generated.

Analyzing Entity <aludec> in library <work> (Architecture <behave>).
Entity <aludec> analyzed. Unit <aludec> generated.

Analyzing Entity <datapath> in library <work> (Architecture <struct>).
Entity <datapath> analyzed. Unit <datapath> generated.

Analyzing generic Entity <flopr> in library <work> (Architecture <asynchronous>).
	width = 32
Entity <flopr> analyzed. Unit <flopr> generated.

Analyzing Entity <adder> in library <work> (Architecture <behave>).
Entity <adder> analyzed. Unit <adder> generated.

Analyzing Entity <sl2> in library <work> (Architecture <behave>).
Entity <sl2> analyzed. Unit <sl2> generated.

Analyzing generic Entity <mux2.1> in library <work> (Architecture <behave>).
	width = 32
Entity <mux2.1> analyzed. Unit <mux2.1> generated.

Analyzing Entity <regfile> in library <work> (Architecture <behave>).
Entity <regfile> analyzed. Unit <regfile> generated.

Analyzing generic Entity <mux2.2> in library <work> (Architecture <behave>).
	width = 5
Entity <mux2.2> analyzed. Unit <mux2.2> generated.

Analyzing Entity <signext> in library <work> (Architecture <behave>).
Entity <signext> analyzed. Unit <signext> generated.

Analyzing Entity <alu> in library <work> (Architecture <behave>).
Entity <alu> analyzed. Unit <alu> generated.

Analyzing Entity <ShiftLeft> in library <work> (Architecture <behave>).
INFO:Xst:1561 - "C:/Users/jflinn18/Desktop/MIPS_CPU/MIPS_CPU_FPGA_AND_SIM_V4/mips_building_blocks.vhd" line 185: Mux is complete : default of case is discarded
Entity <ShiftLeft> analyzed. Unit <ShiftLeft> generated.

Analyzing Entity <ShiftRight> in library <work> (Architecture <behave>).
INFO:Xst:1561 - "C:/Users/jflinn18/Desktop/MIPS_CPU/MIPS_CPU_FPGA_AND_SIM_V4/mips_building_blocks.vhd" line 228: Mux is complete : default of case is discarded
Entity <ShiftRight> analyzed. Unit <ShiftRight> generated.

Analyzing Entity <imem> in library <work> (Architecture <behave>).
INFO:Xst:1749 - "C:/Users/jflinn18/Desktop/MIPS_CPU/MIPS_CPU_FPGA_AND_SIM_V4/mips_mem.vhd" line 125: report: char:2
INFO:Xst:1749 - "C:/Users/jflinn18/Desktop/MIPS_CPU/MIPS_CPU_FPGA_AND_SIM_V4/mips_mem.vhd" line 125: report: char:0
INFO:Xst:1749 - "C:/Users/jflinn18/Desktop/MIPS_CPU/MIPS_CPU_FPGA_AND_SIM_V4/mips_mem.vhd" line 125: report: char:0
INFO:Xst:1749 - "C:/Users/jflinn18/Desktop/MIPS_CPU/MIPS_CPU_FPGA_AND_SIM_V4/mips_mem.vhd" line 125: report: char:8
INFO:Xst:1749 - "C:/Users/jflinn18/Desktop/MIPS_CPU/MIPS_CPU_FPGA_AND_SIM_V4/mips_mem.vhd" line 125: report: char:0
INFO:Xst:1749 - "C:/Users/jflinn18/Desktop/MIPS_CPU/MIPS_CPU_FPGA_AND_SIM_V4/mips_mem.vhd" line 125: report: char:0
INFO:Xst:1749 - "C:/Users/jflinn18/Desktop/MIPS_CPU/MIPS_CPU_FPGA_AND_SIM_V4/mips_mem.vhd" line 125: report: char:0
INFO:Xst:1749 - "C:/Users/jflinn18/Desktop/MIPS_CPU/MIPS_CPU_FPGA_AND_SIM_V4/mips_mem.vhd" line 125: report: char:0
INFO:Xst:1749 - "C:/Users/jflinn18/Desktop/MIPS_CPU/MIPS_CPU_FPGA_AND_SIM_V4/mips_mem.vhd" line 125: report: char:2
INFO:Xst:1749 - "C:/Users/jflinn18/Desktop/MIPS_CPU/MIPS_CPU_FPGA_AND_SIM_V4/mips_mem.vhd" line 125: report: char:0
INFO:Xst:1749 - "C:/Users/jflinn18/Desktop/MIPS_CPU/MIPS_CPU_FPGA_AND_SIM_V4/mips_mem.vhd" line 125: report: char:0
INFO:Xst:1749 - "C:/Users/jflinn18/Desktop/MIPS_CPU/MIPS_CPU_FPGA_AND_SIM_V4/mips_mem.vhd" line 125: report: char:9
INFO:Xst:1749 - "C:/Users/jflinn18/Desktop/MIPS_CPU/MIPS_CPU_FPGA_AND_SIM_V4/mips_mem.vhd" line 125: report: char:0
INFO:Xst:1749 - "C:/Users/jflinn18/Desktop/MIPS_CPU/MIPS_CPU_FPGA_AND_SIM_V4/mips_mem.vhd" line 125: report: char:0
INFO:Xst:1749 - "C:/Users/jflinn18/Desktop/MIPS_CPU/MIPS_CPU_FPGA_AND_SIM_V4/mips_mem.vhd" line 125: report: char:2
INFO:Xst:1749 - "C:/Users/jflinn18/Desktop/MIPS_CPU/MIPS_CPU_FPGA_AND_SIM_V4/mips_mem.vhd" line 125: report: char:1
INFO:Xst:1749 - "C:/Users/jflinn18/Desktop/MIPS_CPU/MIPS_CPU_FPGA_AND_SIM_V4/mips_mem.vhd" line 125: report: char:2
INFO:Xst:1749 - "C:/Users/jflinn18/Desktop/MIPS_CPU/MIPS_CPU_FPGA_AND_SIM_V4/mips_mem.vhd" line 125: report: char:0
INFO:Xst:1749 - "C:/Users/jflinn18/Desktop/MIPS_CPU/MIPS_CPU_FPGA_AND_SIM_V4/mips_mem.vhd" line 125: report: char:0
INFO:Xst:1749 - "C:/Users/jflinn18/Desktop/MIPS_CPU/MIPS_CPU_FPGA_AND_SIM_V4/mips_mem.vhd" line 125: report: char:a
INFO:Xst:1749 - "C:/Users/jflinn18/Desktop/MIPS_CPU/MIPS_CPU_FPGA_AND_SIM_V4/mips_mem.vhd" line 125: report: char:0
INFO:Xst:1749 - "C:/Users/jflinn18/Desktop/MIPS_CPU/MIPS_CPU_FPGA_AND_SIM_V4/mips_mem.vhd" line 125: report: char:0
INFO:Xst:1749 - "C:/Users/jflinn18/Desktop/MIPS_CPU/MIPS_CPU_FPGA_AND_SIM_V4/mips_mem.vhd" line 125: report: char:0
INFO:Xst:1749 - "C:/Users/jflinn18/Desktop/MIPS_CPU/MIPS_CPU_FPGA_AND_SIM_V4/mips_mem.vhd" line 125: report: char:3
INFO:Xst:1749 - "C:/Users/jflinn18/Desktop/MIPS_CPU/MIPS_CPU_FPGA_AND_SIM_V4/mips_mem.vhd" line 125: report: char:2
INFO:Xst:1749 - "C:/Users/jflinn18/Desktop/MIPS_CPU/MIPS_CPU_FPGA_AND_SIM_V4/mips_mem.vhd" line 125: report: char:0
INFO:Xst:1749 - "C:/Users/jflinn18/Desktop/MIPS_CPU/MIPS_CPU_FPGA_AND_SIM_V4/mips_mem.vhd" line 125: report: char:0
INFO:Xst:1749 - "C:/Users/jflinn18/Desktop/MIPS_CPU/MIPS_CPU_FPGA_AND_SIM_V4/mips_mem.vhd" line 125: report: char:d
INFO:Xst:1749 - "C:/Users/jflinn18/Desktop/MIPS_CPU/MIPS_CPU_FPGA_AND_SIM_V4/mips_mem.vhd" line 125: report: char:0
INFO:Xst:1749 - "C:/Users/jflinn18/Desktop/MIPS_CPU/MIPS_CPU_FPGA_AND_SIM_V4/mips_mem.vhd" line 125: report: char:0
INFO:Xst:1749 - "C:/Users/jflinn18/Desktop/MIPS_CPU/MIPS_CPU_FPGA_AND_SIM_V4/mips_mem.vhd" line 125: report: char:0
INFO:Xst:1749 - "C:/Users/jflinn18/Desktop/MIPS_CPU/MIPS_CPU_FPGA_AND_SIM_V4/mips_mem.vhd" line 125: report: char:1
INFO:Xst:1749 - "C:/Users/jflinn18/Desktop/MIPS_CPU/MIPS_CPU_FPGA_AND_SIM_V4/mips_mem.vhd" line 125: report: char:3
INFO:Xst:1749 - "C:/Users/jflinn18/Desktop/MIPS_CPU/MIPS_CPU_FPGA_AND_SIM_V4/mips_mem.vhd" line 125: report: char:1
INFO:Xst:1749 - "C:/Users/jflinn18/Desktop/MIPS_CPU/MIPS_CPU_FPGA_AND_SIM_V4/mips_mem.vhd" line 125: report: char:2
INFO:Xst:1749 - "C:/Users/jflinn18/Desktop/MIPS_CPU/MIPS_CPU_FPGA_AND_SIM_V4/mips_mem.vhd" line 125: report: char:b
INFO:Xst:1749 - "C:/Users/jflinn18/Desktop/MIPS_CPU/MIPS_CPU_FPGA_AND_SIM_V4/mips_mem.vhd" line 125: report: char:0
INFO:Xst:1749 - "C:/Users/jflinn18/Desktop/MIPS_CPU/MIPS_CPU_FPGA_AND_SIM_V4/mips_mem.vhd" line 125: report: char:0
INFO:Xst:1749 - "C:/Users/jflinn18/Desktop/MIPS_CPU/MIPS_CPU_FPGA_AND_SIM_V4/mips_mem.vhd" line 125: report: char:0
INFO:Xst:1749 - "C:/Users/jflinn18/Desktop/MIPS_CPU/MIPS_CPU_FPGA_AND_SIM_V4/mips_mem.vhd" line 125: report: char:1
INFO:Xst:1749 - "C:/Users/jflinn18/Desktop/MIPS_CPU/MIPS_CPU_FPGA_AND_SIM_V4/mips_mem.vhd" line 125: report: char:1
INFO:Xst:1749 - "C:/Users/jflinn18/Desktop/MIPS_CPU/MIPS_CPU_FPGA_AND_SIM_V4/mips_mem.vhd" line 125: report: char:1
INFO:Xst:1749 - "C:/Users/jflinn18/Desktop/MIPS_CPU/MIPS_CPU_FPGA_AND_SIM_V4/mips_mem.vhd" line 125: report: char:6
INFO:Xst:1749 - "C:/Users/jflinn18/Desktop/MIPS_CPU/MIPS_CPU_FPGA_AND_SIM_V4/mips_mem.vhd" line 125: report: char:d
INFO:Xst:1749 - "C:/Users/jflinn18/Desktop/MIPS_CPU/MIPS_CPU_FPGA_AND_SIM_V4/mips_mem.vhd" line 125: report: char:0
INFO:Xst:1749 - "C:/Users/jflinn18/Desktop/MIPS_CPU/MIPS_CPU_FPGA_AND_SIM_V4/mips_mem.vhd" line 125: report: char:0
INFO:Xst:1749 - "C:/Users/jflinn18/Desktop/MIPS_CPU/MIPS_CPU_FPGA_AND_SIM_V4/mips_mem.vhd" line 125: report: char:0
INFO:Xst:1749 - "C:/Users/jflinn18/Desktop/MIPS_CPU/MIPS_CPU_FPGA_AND_SIM_V4/mips_mem.vhd" line 125: report: char:1
INFO:Xst:1749 - "C:/Users/jflinn18/Desktop/MIPS_CPU/MIPS_CPU_FPGA_AND_SIM_V4/mips_mem.vhd" line 125: report: char:0
INFO:Xst:1749 - "C:/Users/jflinn18/Desktop/MIPS_CPU/MIPS_CPU_FPGA_AND_SIM_V4/mips_mem.vhd" line 125: report: char:8
INFO:Xst:1749 - "C:/Users/jflinn18/Desktop/MIPS_CPU/MIPS_CPU_FPGA_AND_SIM_V4/mips_mem.vhd" line 125: report: char:0
INFO:Xst:1749 - "C:/Users/jflinn18/Desktop/MIPS_CPU/MIPS_CPU_FPGA_AND_SIM_V4/mips_mem.vhd" line 125: report: char:0
INFO:Xst:1749 - "C:/Users/jflinn18/Desktop/MIPS_CPU/MIPS_CPU_FPGA_AND_SIM_V4/mips_mem.vhd" line 125: report: char:0
INFO:Xst:1749 - "C:/Users/jflinn18/Desktop/MIPS_CPU/MIPS_CPU_FPGA_AND_SIM_V4/mips_mem.vhd" line 125: report: char:0
INFO:Xst:1749 - "C:/Users/jflinn18/Desktop/MIPS_CPU/MIPS_CPU_FPGA_AND_SIM_V4/mips_mem.vhd" line 125: report: char:0
INFO:Xst:1749 - "C:/Users/jflinn18/Desktop/MIPS_CPU/MIPS_CPU_FPGA_AND_SIM_V4/mips_mem.vhd" line 125: report: char:9
INFO:Xst:1749 - "C:/Users/jflinn18/Desktop/MIPS_CPU/MIPS_CPU_FPGA_AND_SIM_V4/mips_mem.vhd" line 125: report: char:0
INFO:Xst:1749 - "C:/Users/jflinn18/Desktop/MIPS_CPU/MIPS_CPU_FPGA_AND_SIM_V4/mips_mem.vhd" line 125: report: char:1
INFO:Xst:1749 - "C:/Users/jflinn18/Desktop/MIPS_CPU/MIPS_CPU_FPGA_AND_SIM_V4/mips_mem.vhd" line 125: report: char:0
INFO:Xst:1749 - "C:/Users/jflinn18/Desktop/MIPS_CPU/MIPS_CPU_FPGA_AND_SIM_V4/mips_mem.vhd" line 125: report: char:a
INFO:Xst:1749 - "C:/Users/jflinn18/Desktop/MIPS_CPU/MIPS_CPU_FPGA_AND_SIM_V4/mips_mem.vhd" line 125: report: char:4
INFO:Xst:1749 - "C:/Users/jflinn18/Desktop/MIPS_CPU/MIPS_CPU_FPGA_AND_SIM_V4/mips_mem.vhd" line 125: report: char:0
INFO:Xst:1749 - "C:/Users/jflinn18/Desktop/MIPS_CPU/MIPS_CPU_FPGA_AND_SIM_V4/mips_mem.vhd" line 125: report: char:2
INFO:Xst:1749 - "C:/Users/jflinn18/Desktop/MIPS_CPU/MIPS_CPU_FPGA_AND_SIM_V4/mips_mem.vhd" line 125: report: char:0
INFO:Xst:1749 - "C:/Users/jflinn18/Desktop/MIPS_CPU/MIPS_CPU_FPGA_AND_SIM_V4/mips_mem.vhd" line 125: report: char:1
INFO:Xst:1749 - "C:/Users/jflinn18/Desktop/MIPS_CPU/MIPS_CPU_FPGA_AND_SIM_V4/mips_mem.vhd" line 125: report: char:1
INFO:Xst:1749 - "C:/Users/jflinn18/Desktop/MIPS_CPU/MIPS_CPU_FPGA_AND_SIM_V4/mips_mem.vhd" line 125: report: char:2
INFO:Xst:1749 - "C:/Users/jflinn18/Desktop/MIPS_CPU/MIPS_CPU_FPGA_AND_SIM_V4/mips_mem.vhd" line 125: report: char:d
INFO:Xst:1749 - "C:/Users/jflinn18/Desktop/MIPS_CPU/MIPS_CPU_FPGA_AND_SIM_V4/mips_mem.vhd" line 125: report: char:0
INFO:Xst:1749 - "C:/Users/jflinn18/Desktop/MIPS_CPU/MIPS_CPU_FPGA_AND_SIM_V4/mips_mem.vhd" line 125: report: char:0
INFO:Xst:1749 - "C:/Users/jflinn18/Desktop/MIPS_CPU/MIPS_CPU_FPGA_AND_SIM_V4/mips_mem.vhd" line 125: report: char:0
INFO:Xst:1749 - "C:/Users/jflinn18/Desktop/MIPS_CPU/MIPS_CPU_FPGA_AND_SIM_V4/mips_mem.vhd" line 125: report: char:3
INFO:Xst:1749 - "C:/Users/jflinn18/Desktop/MIPS_CPU/MIPS_CPU_FPGA_AND_SIM_V4/mips_mem.vhd" line 125: report: char:0
INFO:Xst:1749 - "C:/Users/jflinn18/Desktop/MIPS_CPU/MIPS_CPU_FPGA_AND_SIM_V4/mips_mem.vhd" line 125: report: char:0
INFO:Xst:1749 - "C:/Users/jflinn18/Desktop/MIPS_CPU/MIPS_CPU_FPGA_AND_SIM_V4/mips_mem.vhd" line 125: report: char:0
INFO:Xst:1749 - "C:/Users/jflinn18/Desktop/MIPS_CPU/MIPS_CPU_FPGA_AND_SIM_V4/mips_mem.vhd" line 125: report: char:9
INFO:Xst:1749 - "C:/Users/jflinn18/Desktop/MIPS_CPU/MIPS_CPU_FPGA_AND_SIM_V4/mips_mem.vhd" line 125: report: char:4
INFO:Xst:1749 - "C:/Users/jflinn18/Desktop/MIPS_CPU/MIPS_CPU_FPGA_AND_SIM_V4/mips_mem.vhd" line 125: report: char:8
INFO:Xst:1749 - "C:/Users/jflinn18/Desktop/MIPS_CPU/MIPS_CPU_FPGA_AND_SIM_V4/mips_mem.vhd" line 125: report: char:4
INFO:Xst:1749 - "C:/Users/jflinn18/Desktop/MIPS_CPU/MIPS_CPU_FPGA_AND_SIM_V4/mips_mem.vhd" line 125: report: char:2
INFO:Xst:1749 - "C:/Users/jflinn18/Desktop/MIPS_CPU/MIPS_CPU_FPGA_AND_SIM_V4/mips_mem.vhd" line 125: report: char:0
INFO:Xst:1749 - "C:/Users/jflinn18/Desktop/MIPS_CPU/MIPS_CPU_FPGA_AND_SIM_V4/mips_mem.vhd" line 125: report: char:0
INFO:Xst:1749 - "C:/Users/jflinn18/Desktop/MIPS_CPU/MIPS_CPU_FPGA_AND_SIM_V4/mips_mem.vhd" line 125: report: char:0
INFO:Xst:1749 - "C:/Users/jflinn18/Desktop/MIPS_CPU/MIPS_CPU_FPGA_AND_SIM_V4/mips_mem.vhd" line 125: report: char:a
INFO:Xst:1749 - "C:/Users/jflinn18/Desktop/MIPS_CPU/MIPS_CPU_FPGA_AND_SIM_V4/mips_mem.vhd" line 125: report: char:5
INFO:Xst:1749 - "C:/Users/jflinn18/Desktop/MIPS_CPU/MIPS_CPU_FPGA_AND_SIM_V4/mips_mem.vhd" line 125: report: char:0
INFO:Xst:1749 - "C:/Users/jflinn18/Desktop/MIPS_CPU/MIPS_CPU_FPGA_AND_SIM_V4/mips_mem.vhd" line 125: report: char:4
INFO:Xst:1749 - "C:/Users/jflinn18/Desktop/MIPS_CPU/MIPS_CPU_FPGA_AND_SIM_V4/mips_mem.vhd" line 125: report: char:0
INFO:Xst:1749 - "C:/Users/jflinn18/Desktop/MIPS_CPU/MIPS_CPU_FPGA_AND_SIM_V4/mips_mem.vhd" line 125: report: char:0
INFO:Xst:1749 - "C:/Users/jflinn18/Desktop/MIPS_CPU/MIPS_CPU_FPGA_AND_SIM_V4/mips_mem.vhd" line 125: report: char:8
INFO:Xst:1749 - "C:/Users/jflinn18/Desktop/MIPS_CPU/MIPS_CPU_FPGA_AND_SIM_V4/mips_mem.vhd" line 125: report: char:0
INFO:Xst:1749 - "C:/Users/jflinn18/Desktop/MIPS_CPU/MIPS_CPU_FPGA_AND_SIM_V4/mips_mem.vhd" line 125: report: char:0
INFO:Xst:1749 - "C:/Users/jflinn18/Desktop/MIPS_CPU/MIPS_CPU_FPGA_AND_SIM_V4/mips_mem.vhd" line 125: report: char:0
INFO:Xst:1749 - "C:/Users/jflinn18/Desktop/MIPS_CPU/MIPS_CPU_FPGA_AND_SIM_V4/mips_mem.vhd" line 125: report: char:0
INFO:Xst:1749 - "C:/Users/jflinn18/Desktop/MIPS_CPU/MIPS_CPU_FPGA_AND_SIM_V4/mips_mem.vhd" line 125: report: char:0
INFO:Xst:1749 - "C:/Users/jflinn18/Desktop/MIPS_CPU/MIPS_CPU_FPGA_AND_SIM_V4/mips_mem.vhd" line 125: report: char:4
INFO:Xst:1749 - "C:/Users/jflinn18/Desktop/MIPS_CPU/MIPS_CPU_FPGA_AND_SIM_V4/mips_mem.vhd" line 125: report: char:2
INFO:Xst:1749 - "C:/Users/jflinn18/Desktop/MIPS_CPU/MIPS_CPU_FPGA_AND_SIM_V4/mips_mem.vhd" line 125: report: char:1
INFO:Xst:1749 - "C:/Users/jflinn18/Desktop/MIPS_CPU/MIPS_CPU_FPGA_AND_SIM_V4/mips_mem.vhd" line 125: report: char:1
INFO:Xst:1749 - "C:/Users/jflinn18/Desktop/MIPS_CPU/MIPS_CPU_FPGA_AND_SIM_V4/mips_mem.vhd" line 125: report: char:8
INFO:Xst:1749 - "C:/Users/jflinn18/Desktop/MIPS_CPU/MIPS_CPU_FPGA_AND_SIM_V4/mips_mem.vhd" line 125: report: char:0
INFO:Xst:1749 - "C:/Users/jflinn18/Desktop/MIPS_CPU/MIPS_CPU_FPGA_AND_SIM_V4/mips_mem.vhd" line 125: report: char:0
INFO:Xst:1749 - "C:/Users/jflinn18/Desktop/MIPS_CPU/MIPS_CPU_FPGA_AND_SIM_V4/mips_mem.vhd" line 125: report: char:0
INFO:Xst:1749 - "C:/Users/jflinn18/Desktop/MIPS_CPU/MIPS_CPU_FPGA_AND_SIM_V4/mips_mem.vhd" line 125: report: char:0
INFO:Xst:1749 - "C:/Users/jflinn18/Desktop/MIPS_CPU/MIPS_CPU_FPGA_AND_SIM_V4/mips_mem.vhd" line 125: report: char:2
INFO:Xst:1749 - "C:/Users/jflinn18/Desktop/MIPS_CPU/MIPS_CPU_FPGA_AND_SIM_V4/mips_mem.vhd" line 125: report: char:0
INFO:Xst:1749 - "C:/Users/jflinn18/Desktop/MIPS_CPU/MIPS_CPU_FPGA_AND_SIM_V4/mips_mem.vhd" line 125: report: char:1
INFO:Xst:1749 - "C:/Users/jflinn18/Desktop/MIPS_CPU/MIPS_CPU_FPGA_AND_SIM_V4/mips_mem.vhd" line 125: report: char:9
INFO:Xst:1749 - "C:/Users/jflinn18/Desktop/MIPS_CPU/MIPS_CPU_FPGA_AND_SIM_V4/mips_mem.vhd" line 125: report: char:0
INFO:Xst:1749 - "C:/Users/jflinn18/Desktop/MIPS_CPU/MIPS_CPU_FPGA_AND_SIM_V4/mips_mem.vhd" line 125: report: char:0
INFO:Xst:1749 - "C:/Users/jflinn18/Desktop/MIPS_CPU/MIPS_CPU_FPGA_AND_SIM_V4/mips_mem.vhd" line 125: report: char:0
INFO:Xst:1749 - "C:/Users/jflinn18/Desktop/MIPS_CPU/MIPS_CPU_FPGA_AND_SIM_V4/mips_mem.vhd" line 125: report: char:a
INFO:Xst:1749 - "C:/Users/jflinn18/Desktop/MIPS_CPU/MIPS_CPU_FPGA_AND_SIM_V4/mips_mem.vhd" line 125: report: char:2
INFO:Xst:1749 - "C:/Users/jflinn18/Desktop/MIPS_CPU/MIPS_CPU_FPGA_AND_SIM_V4/mips_mem.vhd" line 125: report: char:1
INFO:Xst:1749 - "C:/Users/jflinn18/Desktop/MIPS_CPU/MIPS_CPU_FPGA_AND_SIM_V4/mips_mem.vhd" line 125: report: char:8
INFO:Xst:1749 - "C:/Users/jflinn18/Desktop/MIPS_CPU/MIPS_CPU_FPGA_AND_SIM_V4/mips_mem.vhd" line 125: report: char:c
INFO:Xst:1749 - "C:/Users/jflinn18/Desktop/MIPS_CPU/MIPS_CPU_FPGA_AND_SIM_V4/mips_mem.vhd" line 125: report: char:f
INFO:Xst:1749 - "C:/Users/jflinn18/Desktop/MIPS_CPU/MIPS_CPU_FPGA_AND_SIM_V4/mips_mem.vhd" line 125: report: char:f
INFO:Xst:1749 - "C:/Users/jflinn18/Desktop/MIPS_CPU/MIPS_CPU_FPGA_AND_SIM_V4/mips_mem.vhd" line 125: report: char:e
INFO:Xst:1749 - "C:/Users/jflinn18/Desktop/MIPS_CPU/MIPS_CPU_FPGA_AND_SIM_V4/mips_mem.vhd" line 125: report: char:0
INFO:Xst:1749 - "C:/Users/jflinn18/Desktop/MIPS_CPU/MIPS_CPU_FPGA_AND_SIM_V4/mips_mem.vhd" line 125: report: char:2
INFO:Xst:1749 - "C:/Users/jflinn18/Desktop/MIPS_CPU/MIPS_CPU_FPGA_AND_SIM_V4/mips_mem.vhd" line 125: report: char:1
INFO:Xst:1749 - "C:/Users/jflinn18/Desktop/MIPS_CPU/MIPS_CPU_FPGA_AND_SIM_V4/mips_mem.vhd" line 125: report: char:a
INFO:Xst:1749 - "C:/Users/jflinn18/Desktop/MIPS_CPU/MIPS_CPU_FPGA_AND_SIM_V4/mips_mem.vhd" line 125: report: char:d
INFO:Xst:1749 - "C:/Users/jflinn18/Desktop/MIPS_CPU/MIPS_CPU_FPGA_AND_SIM_V4/mips_mem.vhd" line 125: report: char:f
INFO:Xst:1749 - "C:/Users/jflinn18/Desktop/MIPS_CPU/MIPS_CPU_FPGA_AND_SIM_V4/mips_mem.vhd" line 125: report: char:f
INFO:Xst:1749 - "C:/Users/jflinn18/Desktop/MIPS_CPU/MIPS_CPU_FPGA_AND_SIM_V4/mips_mem.vhd" line 125: report: char:e
INFO:Xst:1749 - "C:/Users/jflinn18/Desktop/MIPS_CPU/MIPS_CPU_FPGA_AND_SIM_V4/mips_mem.vhd" line 125: report: char:4
INFO:Xst:1749 - "C:/Users/jflinn18/Desktop/MIPS_CPU/MIPS_CPU_FPGA_AND_SIM_V4/mips_mem.vhd" line 125: report: char:2
INFO:Xst:1749 - "C:/Users/jflinn18/Desktop/MIPS_CPU/MIPS_CPU_FPGA_AND_SIM_V4/mips_mem.vhd" line 125: report: char:1
INFO:Xst:1749 - "C:/Users/jflinn18/Desktop/MIPS_CPU/MIPS_CPU_FPGA_AND_SIM_V4/mips_mem.vhd" line 125: report: char:c
INFO:Xst:1749 - "C:/Users/jflinn18/Desktop/MIPS_CPU/MIPS_CPU_FPGA_AND_SIM_V4/mips_mem.vhd" line 125: report: char:e
INFO:Xst:1749 - "C:/Users/jflinn18/Desktop/MIPS_CPU/MIPS_CPU_FPGA_AND_SIM_V4/mips_mem.vhd" line 125: report: char:f
INFO:Xst:1749 - "C:/Users/jflinn18/Desktop/MIPS_CPU/MIPS_CPU_FPGA_AND_SIM_V4/mips_mem.vhd" line 125: report: char:f
INFO:Xst:1749 - "C:/Users/jflinn18/Desktop/MIPS_CPU/MIPS_CPU_FPGA_AND_SIM_V4/mips_mem.vhd" line 125: report: char:e
INFO:Xst:1749 - "C:/Users/jflinn18/Desktop/MIPS_CPU/MIPS_CPU_FPGA_AND_SIM_V4/mips_mem.vhd" line 125: report: char:8
INFO:Xst:1749 - "C:/Users/jflinn18/Desktop/MIPS_CPU/MIPS_CPU_FPGA_AND_SIM_V4/mips_mem.vhd" line 125: report: char:2
INFO:Xst:1749 - "C:/Users/jflinn18/Desktop/MIPS_CPU/MIPS_CPU_FPGA_AND_SIM_V4/mips_mem.vhd" line 125: report: char:1
INFO:Xst:1749 - "C:/Users/jflinn18/Desktop/MIPS_CPU/MIPS_CPU_FPGA_AND_SIM_V4/mips_mem.vhd" line 125: report: char:e
INFO:Xst:1749 - "C:/Users/jflinn18/Desktop/MIPS_CPU/MIPS_CPU_FPGA_AND_SIM_V4/mips_mem.vhd" line 125: report: char:f
INFO:Xst:1749 - "C:/Users/jflinn18/Desktop/MIPS_CPU/MIPS_CPU_FPGA_AND_SIM_V4/mips_mem.vhd" line 125: report: char:f
INFO:Xst:1749 - "C:/Users/jflinn18/Desktop/MIPS_CPU/MIPS_CPU_FPGA_AND_SIM_V4/mips_mem.vhd" line 125: report: char:f
INFO:Xst:1749 - "C:/Users/jflinn18/Desktop/MIPS_CPU/MIPS_CPU_FPGA_AND_SIM_V4/mips_mem.vhd" line 125: report: char:e
INFO:Xst:1749 - "C:/Users/jflinn18/Desktop/MIPS_CPU/MIPS_CPU_FPGA_AND_SIM_V4/mips_mem.vhd" line 125: report: char:c
INFO:Xst:1749 - "C:/Users/jflinn18/Desktop/MIPS_CPU/MIPS_CPU_FPGA_AND_SIM_V4/mips_mem.vhd" line 125: report: char:2
INFO:Xst:1749 - "C:/Users/jflinn18/Desktop/MIPS_CPU/MIPS_CPU_FPGA_AND_SIM_V4/mips_mem.vhd" line 125: report: char:0
INFO:Xst:1749 - "C:/Users/jflinn18/Desktop/MIPS_CPU/MIPS_CPU_FPGA_AND_SIM_V4/mips_mem.vhd" line 125: report: char:0
INFO:Xst:1749 - "C:/Users/jflinn18/Desktop/MIPS_CPU/MIPS_CPU_FPGA_AND_SIM_V4/mips_mem.vhd" line 125: report: char:8
INFO:Xst:1749 - "C:/Users/jflinn18/Desktop/MIPS_CPU/MIPS_CPU_FPGA_AND_SIM_V4/mips_mem.vhd" line 125: report: char:0
INFO:Xst:1749 - "C:/Users/jflinn18/Desktop/MIPS_CPU/MIPS_CPU_FPGA_AND_SIM_V4/mips_mem.vhd" line 125: report: char:0
INFO:Xst:1749 - "C:/Users/jflinn18/Desktop/MIPS_CPU/MIPS_CPU_FPGA_AND_SIM_V4/mips_mem.vhd" line 125: report: char:0
INFO:Xst:1749 - "C:/Users/jflinn18/Desktop/MIPS_CPU/MIPS_CPU_FPGA_AND_SIM_V4/mips_mem.vhd" line 125: report: char:0
INFO:Xst:1749 - "C:/Users/jflinn18/Desktop/MIPS_CPU/MIPS_CPU_FPGA_AND_SIM_V4/mips_mem.vhd" line 125: report: char:2
INFO:Xst:1749 - "C:/Users/jflinn18/Desktop/MIPS_CPU/MIPS_CPU_FPGA_AND_SIM_V4/mips_mem.vhd" line 125: report: char:0
INFO:Xst:1749 - "C:/Users/jflinn18/Desktop/MIPS_CPU/MIPS_CPU_FPGA_AND_SIM_V4/mips_mem.vhd" line 125: report: char:0
INFO:Xst:1749 - "C:/Users/jflinn18/Desktop/MIPS_CPU/MIPS_CPU_FPGA_AND_SIM_V4/mips_mem.vhd" line 125: report: char:9
INFO:Xst:1749 - "C:/Users/jflinn18/Desktop/MIPS_CPU/MIPS_CPU_FPGA_AND_SIM_V4/mips_mem.vhd" line 125: report: char:0
INFO:Xst:1749 - "C:/Users/jflinn18/Desktop/MIPS_CPU/MIPS_CPU_FPGA_AND_SIM_V4/mips_mem.vhd" line 125: report: char:0
INFO:Xst:1749 - "C:/Users/jflinn18/Desktop/MIPS_CPU/MIPS_CPU_FPGA_AND_SIM_V4/mips_mem.vhd" line 125: report: char:0
INFO:Xst:1749 - "C:/Users/jflinn18/Desktop/MIPS_CPU/MIPS_CPU_FPGA_AND_SIM_V4/mips_mem.vhd" line 125: report: char:0
INFO:Xst:1749 - "C:/Users/jflinn18/Desktop/MIPS_CPU/MIPS_CPU_FPGA_AND_SIM_V4/mips_mem.vhd" line 125: report: char:2
INFO:Xst:1749 - "C:/Users/jflinn18/Desktop/MIPS_CPU/MIPS_CPU_FPGA_AND_SIM_V4/mips_mem.vhd" line 125: report: char:0
INFO:Xst:1749 - "C:/Users/jflinn18/Desktop/MIPS_CPU/MIPS_CPU_FPGA_AND_SIM_V4/mips_mem.vhd" line 125: report: char:0
INFO:Xst:1749 - "C:/Users/jflinn18/Desktop/MIPS_CPU/MIPS_CPU_FPGA_AND_SIM_V4/mips_mem.vhd" line 125: report: char:a
INFO:Xst:1749 - "C:/Users/jflinn18/Desktop/MIPS_CPU/MIPS_CPU_FPGA_AND_SIM_V4/mips_mem.vhd" line 125: report: char:0
INFO:Xst:1749 - "C:/Users/jflinn18/Desktop/MIPS_CPU/MIPS_CPU_FPGA_AND_SIM_V4/mips_mem.vhd" line 125: report: char:0
INFO:Xst:1749 - "C:/Users/jflinn18/Desktop/MIPS_CPU/MIPS_CPU_FPGA_AND_SIM_V4/mips_mem.vhd" line 125: report: char:0
INFO:Xst:1749 - "C:/Users/jflinn18/Desktop/MIPS_CPU/MIPS_CPU_FPGA_AND_SIM_V4/mips_mem.vhd" line 125: report: char:0
INFO:Xst:1749 - "C:/Users/jflinn18/Desktop/MIPS_CPU/MIPS_CPU_FPGA_AND_SIM_V4/mips_mem.vhd" line 125: report: char:2
INFO:Xst:1749 - "C:/Users/jflinn18/Desktop/MIPS_CPU/MIPS_CPU_FPGA_AND_SIM_V4/mips_mem.vhd" line 125: report: char:0
INFO:Xst:1749 - "C:/Users/jflinn18/Desktop/MIPS_CPU/MIPS_CPU_FPGA_AND_SIM_V4/mips_mem.vhd" line 125: report: char:0
INFO:Xst:1749 - "C:/Users/jflinn18/Desktop/MIPS_CPU/MIPS_CPU_FPGA_AND_SIM_V4/mips_mem.vhd" line 125: report: char:b
INFO:Xst:1749 - "C:/Users/jflinn18/Desktop/MIPS_CPU/MIPS_CPU_FPGA_AND_SIM_V4/mips_mem.vhd" line 125: report: char:0
INFO:Xst:1749 - "C:/Users/jflinn18/Desktop/MIPS_CPU/MIPS_CPU_FPGA_AND_SIM_V4/mips_mem.vhd" line 125: report: char:0
INFO:Xst:1749 - "C:/Users/jflinn18/Desktop/MIPS_CPU/MIPS_CPU_FPGA_AND_SIM_V4/mips_mem.vhd" line 125: report: char:0
INFO:Xst:1749 - "C:/Users/jflinn18/Desktop/MIPS_CPU/MIPS_CPU_FPGA_AND_SIM_V4/mips_mem.vhd" line 125: report: char:0
INFO:Xst:1749 - "C:/Users/jflinn18/Desktop/MIPS_CPU/MIPS_CPU_FPGA_AND_SIM_V4/mips_mem.vhd" line 125: report: char:1
INFO:Xst:1749 - "C:/Users/jflinn18/Desktop/MIPS_CPU/MIPS_CPU_FPGA_AND_SIM_V4/mips_mem.vhd" line 125: report: char:3
INFO:Xst:1749 - "C:/Users/jflinn18/Desktop/MIPS_CPU/MIPS_CPU_FPGA_AND_SIM_V4/mips_mem.vhd" line 125: report: char:0
INFO:Xst:1749 - "C:/Users/jflinn18/Desktop/MIPS_CPU/MIPS_CPU_FPGA_AND_SIM_V4/mips_mem.vhd" line 125: report: char:0
INFO:Xst:1749 - "C:/Users/jflinn18/Desktop/MIPS_CPU/MIPS_CPU_FPGA_AND_SIM_V4/mips_mem.vhd" line 125: report: char:0
INFO:Xst:1749 - "C:/Users/jflinn18/Desktop/MIPS_CPU/MIPS_CPU_FPGA_AND_SIM_V4/mips_mem.vhd" line 125: report: char:0
INFO:Xst:1749 - "C:/Users/jflinn18/Desktop/MIPS_CPU/MIPS_CPU_FPGA_AND_SIM_V4/mips_mem.vhd" line 125: report: char:1
INFO:Xst:1749 - "C:/Users/jflinn18/Desktop/MIPS_CPU/MIPS_CPU_FPGA_AND_SIM_V4/mips_mem.vhd" line 125: report: char:2
INFO:Xst:1749 - "C:/Users/jflinn18/Desktop/MIPS_CPU/MIPS_CPU_FPGA_AND_SIM_V4/mips_mem.vhd" line 125: report: char:2
INFO:Xst:1749 - "C:/Users/jflinn18/Desktop/MIPS_CPU/MIPS_CPU_FPGA_AND_SIM_V4/mips_mem.vhd" line 125: report: char:3
INFO:Xst:1749 - "C:/Users/jflinn18/Desktop/MIPS_CPU/MIPS_CPU_FPGA_AND_SIM_V4/mips_mem.vhd" line 125: report: char:1
INFO:Xst:1749 - "C:/Users/jflinn18/Desktop/MIPS_CPU/MIPS_CPU_FPGA_AND_SIM_V4/mips_mem.vhd" line 125: report: char:8
INFO:Xst:1749 - "C:/Users/jflinn18/Desktop/MIPS_CPU/MIPS_CPU_FPGA_AND_SIM_V4/mips_mem.vhd" line 125: report: char:f
INFO:Xst:1749 - "C:/Users/jflinn18/Desktop/MIPS_CPU/MIPS_CPU_FPGA_AND_SIM_V4/mips_mem.vhd" line 125: report: char:f
INFO:Xst:1749 - "C:/Users/jflinn18/Desktop/MIPS_CPU/MIPS_CPU_FPGA_AND_SIM_V4/mips_mem.vhd" line 125: report: char:f
INFO:Xst:1749 - "C:/Users/jflinn18/Desktop/MIPS_CPU/MIPS_CPU_FPGA_AND_SIM_V4/mips_mem.vhd" line 125: report: char:f
INFO:Xst:1749 - "C:/Users/jflinn18/Desktop/MIPS_CPU/MIPS_CPU_FPGA_AND_SIM_V4/mips_mem.vhd" line 125: report: char:2
INFO:Xst:1749 - "C:/Users/jflinn18/Desktop/MIPS_CPU/MIPS_CPU_FPGA_AND_SIM_V4/mips_mem.vhd" line 125: report: char:1
INFO:Xst:1749 - "C:/Users/jflinn18/Desktop/MIPS_CPU/MIPS_CPU_FPGA_AND_SIM_V4/mips_mem.vhd" line 125: report: char:0
INFO:Xst:1749 - "C:/Users/jflinn18/Desktop/MIPS_CPU/MIPS_CPU_FPGA_AND_SIM_V4/mips_mem.vhd" line 125: report: char:8
INFO:Xst:1749 - "C:/Users/jflinn18/Desktop/MIPS_CPU/MIPS_CPU_FPGA_AND_SIM_V4/mips_mem.vhd" line 125: report: char:0
INFO:Xst:1749 - "C:/Users/jflinn18/Desktop/MIPS_CPU/MIPS_CPU_FPGA_AND_SIM_V4/mips_mem.vhd" line 125: report: char:0
INFO:Xst:1749 - "C:/Users/jflinn18/Desktop/MIPS_CPU/MIPS_CPU_FPGA_AND_SIM_V4/mips_mem.vhd" line 125: report: char:0
INFO:Xst:1749 - "C:/Users/jflinn18/Desktop/MIPS_CPU/MIPS_CPU_FPGA_AND_SIM_V4/mips_mem.vhd" line 125: report: char:1
INFO:Xst:1749 - "C:/Users/jflinn18/Desktop/MIPS_CPU/MIPS_CPU_FPGA_AND_SIM_V4/mips_mem.vhd" line 125: report: char:1
INFO:Xst:1749 - "C:/Users/jflinn18/Desktop/MIPS_CPU/MIPS_CPU_FPGA_AND_SIM_V4/mips_mem.vhd" line 125: report: char:1
INFO:Xst:1749 - "C:/Users/jflinn18/Desktop/MIPS_CPU/MIPS_CPU_FPGA_AND_SIM_V4/mips_mem.vhd" line 125: report: char:1
INFO:Xst:1749 - "C:/Users/jflinn18/Desktop/MIPS_CPU/MIPS_CPU_FPGA_AND_SIM_V4/mips_mem.vhd" line 125: report: char:9
INFO:Xst:1749 - "C:/Users/jflinn18/Desktop/MIPS_CPU/MIPS_CPU_FPGA_AND_SIM_V4/mips_mem.vhd" line 125: report: char:0
INFO:Xst:1749 - "C:/Users/jflinn18/Desktop/MIPS_CPU/MIPS_CPU_FPGA_AND_SIM_V4/mips_mem.vhd" line 125: report: char:0
INFO:Xst:1749 - "C:/Users/jflinn18/Desktop/MIPS_CPU/MIPS_CPU_FPGA_AND_SIM_V4/mips_mem.vhd" line 125: report: char:0
INFO:Xst:1749 - "C:/Users/jflinn18/Desktop/MIPS_CPU/MIPS_CPU_FPGA_AND_SIM_V4/mips_mem.vhd" line 125: report: char:1
INFO:Xst:1749 - "C:/Users/jflinn18/Desktop/MIPS_CPU/MIPS_CPU_FPGA_AND_SIM_V4/mips_mem.vhd" line 125: report: char:0
INFO:Xst:1749 - "C:/Users/jflinn18/Desktop/MIPS_CPU/MIPS_CPU_FPGA_AND_SIM_V4/mips_mem.vhd" line 125: report: char:8
INFO:Xst:1749 - "C:/Users/jflinn18/Desktop/MIPS_CPU/MIPS_CPU_FPGA_AND_SIM_V4/mips_mem.vhd" line 125: report: char:0
INFO:Xst:1749 - "C:/Users/jflinn18/Desktop/MIPS_CPU/MIPS_CPU_FPGA_AND_SIM_V4/mips_mem.vhd" line 125: report: char:0
INFO:Xst:1749 - "C:/Users/jflinn18/Desktop/MIPS_CPU/MIPS_CPU_FPGA_AND_SIM_V4/mips_mem.vhd" line 125: report: char:0
INFO:Xst:1749 - "C:/Users/jflinn18/Desktop/MIPS_CPU/MIPS_CPU_FPGA_AND_SIM_V4/mips_mem.vhd" line 125: report: char:0
INFO:Xst:1749 - "C:/Users/jflinn18/Desktop/MIPS_CPU/MIPS_CPU_FPGA_AND_SIM_V4/mips_mem.vhd" line 125: report: char:1
INFO:Xst:1749 - "C:/Users/jflinn18/Desktop/MIPS_CPU/MIPS_CPU_FPGA_AND_SIM_V4/mips_mem.vhd" line 125: report: char:6
INFO:Xst:1749 - "C:/Users/jflinn18/Desktop/MIPS_CPU/MIPS_CPU_FPGA_AND_SIM_V4/mips_mem.vhd" line 125: report: char:2
INFO:Xst:1749 - "C:/Users/jflinn18/Desktop/MIPS_CPU/MIPS_CPU_FPGA_AND_SIM_V4/mips_mem.vhd" line 125: report: char:1
INFO:Xst:1749 - "C:/Users/jflinn18/Desktop/MIPS_CPU/MIPS_CPU_FPGA_AND_SIM_V4/mips_mem.vhd" line 125: report: char:2
INFO:Xst:1749 - "C:/Users/jflinn18/Desktop/MIPS_CPU/MIPS_CPU_FPGA_AND_SIM_V4/mips_mem.vhd" line 125: report: char:9
INFO:Xst:1749 - "C:/Users/jflinn18/Desktop/MIPS_CPU/MIPS_CPU_FPGA_AND_SIM_V4/mips_mem.vhd" line 125: report: char:0
INFO:Xst:1749 - "C:/Users/jflinn18/Desktop/MIPS_CPU/MIPS_CPU_FPGA_AND_SIM_V4/mips_mem.vhd" line 125: report: char:0
INFO:Xst:1749 - "C:/Users/jflinn18/Desktop/MIPS_CPU/MIPS_CPU_FPGA_AND_SIM_V4/mips_mem.vhd" line 125: report: char:0
INFO:Xst:1749 - "C:/Users/jflinn18/Desktop/MIPS_CPU/MIPS_CPU_FPGA_AND_SIM_V4/mips_mem.vhd" line 125: report: char:1
INFO:Xst:1749 - "C:/Users/jflinn18/Desktop/MIPS_CPU/MIPS_CPU_FPGA_AND_SIM_V4/mips_mem.vhd" line 125: report: char:2
INFO:Xst:1749 - "C:/Users/jflinn18/Desktop/MIPS_CPU/MIPS_CPU_FPGA_AND_SIM_V4/mips_mem.vhd" line 125: report: char:0
INFO:Xst:1749 - "C:/Users/jflinn18/Desktop/MIPS_CPU/MIPS_CPU_FPGA_AND_SIM_V4/mips_mem.vhd" line 125: report: char:0
INFO:Xst:1749 - "C:/Users/jflinn18/Desktop/MIPS_CPU/MIPS_CPU_FPGA_AND_SIM_V4/mips_mem.vhd" line 125: report: char:8
INFO:Xst:1749 - "C:/Users/jflinn18/Desktop/MIPS_CPU/MIPS_CPU_FPGA_AND_SIM_V4/mips_mem.vhd" line 125: report: char:0
INFO:Xst:1749 - "C:/Users/jflinn18/Desktop/MIPS_CPU/MIPS_CPU_FPGA_AND_SIM_V4/mips_mem.vhd" line 125: report: char:0
INFO:Xst:1749 - "C:/Users/jflinn18/Desktop/MIPS_CPU/MIPS_CPU_FPGA_AND_SIM_V4/mips_mem.vhd" line 125: report: char:0
INFO:Xst:1749 - "C:/Users/jflinn18/Desktop/MIPS_CPU/MIPS_CPU_FPGA_AND_SIM_V4/mips_mem.vhd" line 125: report: char:0
INFO:Xst:1749 - "C:/Users/jflinn18/Desktop/MIPS_CPU/MIPS_CPU_FPGA_AND_SIM_V4/mips_mem.vhd" line 125: report: char:1
INFO:Xst:1749 - "C:/Users/jflinn18/Desktop/MIPS_CPU/MIPS_CPU_FPGA_AND_SIM_V4/mips_mem.vhd" line 125: report: char:1
INFO:Xst:1749 - "C:/Users/jflinn18/Desktop/MIPS_CPU/MIPS_CPU_FPGA_AND_SIM_V4/mips_mem.vhd" line 125: report: char:3
INFO:Xst:1749 - "C:/Users/jflinn18/Desktop/MIPS_CPU/MIPS_CPU_FPGA_AND_SIM_V4/mips_mem.vhd" line 125: report: char:9
INFO:Xst:1749 - "C:/Users/jflinn18/Desktop/MIPS_CPU/MIPS_CPU_FPGA_AND_SIM_V4/mips_mem.vhd" line 125: report: char:0
INFO:Xst:1749 - "C:/Users/jflinn18/Desktop/MIPS_CPU/MIPS_CPU_FPGA_AND_SIM_V4/mips_mem.vhd" line 125: report: char:0
INFO:Xst:1749 - "C:/Users/jflinn18/Desktop/MIPS_CPU/MIPS_CPU_FPGA_AND_SIM_V4/mips_mem.vhd" line 125: report: char:0
INFO:Xst:1749 - "C:/Users/jflinn18/Desktop/MIPS_CPU/MIPS_CPU_FPGA_AND_SIM_V4/mips_mem.vhd" line 125: report: char:1
INFO:Xst:1749 - "C:/Users/jflinn18/Desktop/MIPS_CPU/MIPS_CPU_FPGA_AND_SIM_V4/mips_mem.vhd" line 125: report: char:0
INFO:Xst:1749 - "C:/Users/jflinn18/Desktop/MIPS_CPU/MIPS_CPU_FPGA_AND_SIM_V4/mips_mem.vhd" line 125: report: char:8
INFO:Xst:1749 - "C:/Users/jflinn18/Desktop/MIPS_CPU/MIPS_CPU_FPGA_AND_SIM_V4/mips_mem.vhd" line 125: report: char:0
INFO:Xst:1749 - "C:/Users/jflinn18/Desktop/MIPS_CPU/MIPS_CPU_FPGA_AND_SIM_V4/mips_mem.vhd" line 125: report: char:0
INFO:Xst:1749 - "C:/Users/jflinn18/Desktop/MIPS_CPU/MIPS_CPU_FPGA_AND_SIM_V4/mips_mem.vhd" line 125: report: char:0
INFO:Xst:1749 - "C:/Users/jflinn18/Desktop/MIPS_CPU/MIPS_CPU_FPGA_AND_SIM_V4/mips_mem.vhd" line 125: report: char:0
INFO:Xst:1749 - "C:/Users/jflinn18/Desktop/MIPS_CPU/MIPS_CPU_FPGA_AND_SIM_V4/mips_mem.vhd" line 125: report: char:1
INFO:Xst:1749 - "C:/Users/jflinn18/Desktop/MIPS_CPU/MIPS_CPU_FPGA_AND_SIM_V4/mips_mem.vhd" line 125: report: char:6
INFO:Xst:1749 - "C:/Users/jflinn18/Desktop/MIPS_CPU/MIPS_CPU_FPGA_AND_SIM_V4/mips_mem.vhd" line 125: report: char:2
INFO:Xst:1749 - "C:/Users/jflinn18/Desktop/MIPS_CPU/MIPS_CPU_FPGA_AND_SIM_V4/mips_mem.vhd" line 125: report: char:1
INFO:Xst:1749 - "C:/Users/jflinn18/Desktop/MIPS_CPU/MIPS_CPU_FPGA_AND_SIM_V4/mips_mem.vhd" line 125: report: char:4
INFO:Xst:1749 - "C:/Users/jflinn18/Desktop/MIPS_CPU/MIPS_CPU_FPGA_AND_SIM_V4/mips_mem.vhd" line 125: report: char:a
INFO:Xst:1749 - "C:/Users/jflinn18/Desktop/MIPS_CPU/MIPS_CPU_FPGA_AND_SIM_V4/mips_mem.vhd" line 125: report: char:0
INFO:Xst:1749 - "C:/Users/jflinn18/Desktop/MIPS_CPU/MIPS_CPU_FPGA_AND_SIM_V4/mips_mem.vhd" line 125: report: char:0
INFO:Xst:1749 - "C:/Users/jflinn18/Desktop/MIPS_CPU/MIPS_CPU_FPGA_AND_SIM_V4/mips_mem.vhd" line 125: report: char:0
INFO:Xst:1749 - "C:/Users/jflinn18/Desktop/MIPS_CPU/MIPS_CPU_FPGA_AND_SIM_V4/mips_mem.vhd" line 125: report: char:1
INFO:Xst:1749 - "C:/Users/jflinn18/Desktop/MIPS_CPU/MIPS_CPU_FPGA_AND_SIM_V4/mips_mem.vhd" line 125: report: char:2
INFO:Xst:1749 - "C:/Users/jflinn18/Desktop/MIPS_CPU/MIPS_CPU_FPGA_AND_SIM_V4/mips_mem.vhd" line 125: report: char:0
INFO:Xst:1749 - "C:/Users/jflinn18/Desktop/MIPS_CPU/MIPS_CPU_FPGA_AND_SIM_V4/mips_mem.vhd" line 125: report: char:0
INFO:Xst:1749 - "C:/Users/jflinn18/Desktop/MIPS_CPU/MIPS_CPU_FPGA_AND_SIM_V4/mips_mem.vhd" line 125: report: char:9
INFO:Xst:1749 - "C:/Users/jflinn18/Desktop/MIPS_CPU/MIPS_CPU_FPGA_AND_SIM_V4/mips_mem.vhd" line 125: report: char:0
INFO:Xst:1749 - "C:/Users/jflinn18/Desktop/MIPS_CPU/MIPS_CPU_FPGA_AND_SIM_V4/mips_mem.vhd" line 125: report: char:0
INFO:Xst:1749 - "C:/Users/jflinn18/Desktop/MIPS_CPU/MIPS_CPU_FPGA_AND_SIM_V4/mips_mem.vhd" line 125: report: char:0
INFO:Xst:1749 - "C:/Users/jflinn18/Desktop/MIPS_CPU/MIPS_CPU_FPGA_AND_SIM_V4/mips_mem.vhd" line 125: report: char:0
INFO:Xst:1749 - "C:/Users/jflinn18/Desktop/MIPS_CPU/MIPS_CPU_FPGA_AND_SIM_V4/mips_mem.vhd" line 125: report: char:1
INFO:Xst:1749 - "C:/Users/jflinn18/Desktop/MIPS_CPU/MIPS_CPU_FPGA_AND_SIM_V4/mips_mem.vhd" line 125: report: char:1
INFO:Xst:1749 - "C:/Users/jflinn18/Desktop/MIPS_CPU/MIPS_CPU_FPGA_AND_SIM_V4/mips_mem.vhd" line 125: report: char:5
INFO:Xst:1749 - "C:/Users/jflinn18/Desktop/MIPS_CPU/MIPS_CPU_FPGA_AND_SIM_V4/mips_mem.vhd" line 125: report: char:9
INFO:Xst:1749 - "C:/Users/jflinn18/Desktop/MIPS_CPU/MIPS_CPU_FPGA_AND_SIM_V4/mips_mem.vhd" line 125: report: char:0
INFO:Xst:1749 - "C:/Users/jflinn18/Desktop/MIPS_CPU/MIPS_CPU_FPGA_AND_SIM_V4/mips_mem.vhd" line 125: report: char:0
INFO:Xst:1749 - "C:/Users/jflinn18/Desktop/MIPS_CPU/MIPS_CPU_FPGA_AND_SIM_V4/mips_mem.vhd" line 125: report: char:0
INFO:Xst:1749 - "C:/Users/jflinn18/Desktop/MIPS_CPU/MIPS_CPU_FPGA_AND_SIM_V4/mips_mem.vhd" line 125: report: char:1
INFO:Xst:1749 - "C:/Users/jflinn18/Desktop/MIPS_CPU/MIPS_CPU_FPGA_AND_SIM_V4/mips_mem.vhd" line 125: report: char:0
INFO:Xst:1749 - "C:/Users/jflinn18/Desktop/MIPS_CPU/MIPS_CPU_FPGA_AND_SIM_V4/mips_mem.vhd" line 125: report: char:8
INFO:Xst:1749 - "C:/Users/jflinn18/Desktop/MIPS_CPU/MIPS_CPU_FPGA_AND_SIM_V4/mips_mem.vhd" line 125: report: char:0
INFO:Xst:1749 - "C:/Users/jflinn18/Desktop/MIPS_CPU/MIPS_CPU_FPGA_AND_SIM_V4/mips_mem.vhd" line 125: report: char:0
INFO:Xst:1749 - "C:/Users/jflinn18/Desktop/MIPS_CPU/MIPS_CPU_FPGA_AND_SIM_V4/mips_mem.vhd" line 125: report: char:0
INFO:Xst:1749 - "C:/Users/jflinn18/Desktop/MIPS_CPU/MIPS_CPU_FPGA_AND_SIM_V4/mips_mem.vhd" line 125: report: char:0
INFO:Xst:1749 - "C:/Users/jflinn18/Desktop/MIPS_CPU/MIPS_CPU_FPGA_AND_SIM_V4/mips_mem.vhd" line 125: report: char:1
INFO:Xst:1749 - "C:/Users/jflinn18/Desktop/MIPS_CPU/MIPS_CPU_FPGA_AND_SIM_V4/mips_mem.vhd" line 125: report: char:6
INFO:Xst:1749 - "C:/Users/jflinn18/Desktop/MIPS_CPU/MIPS_CPU_FPGA_AND_SIM_V4/mips_mem.vhd" line 125: report: char:2
INFO:Xst:1749 - "C:/Users/jflinn18/Desktop/MIPS_CPU/MIPS_CPU_FPGA_AND_SIM_V4/mips_mem.vhd" line 125: report: char:1
INFO:Xst:1749 - "C:/Users/jflinn18/Desktop/MIPS_CPU/MIPS_CPU_FPGA_AND_SIM_V4/mips_mem.vhd" line 125: report: char:6
INFO:Xst:1749 - "C:/Users/jflinn18/Desktop/MIPS_CPU/MIPS_CPU_FPGA_AND_SIM_V4/mips_mem.vhd" line 125: report: char:b
INFO:Xst:1749 - "C:/Users/jflinn18/Desktop/MIPS_CPU/MIPS_CPU_FPGA_AND_SIM_V4/mips_mem.vhd" line 125: report: char:0
INFO:Xst:1749 - "C:/Users/jflinn18/Desktop/MIPS_CPU/MIPS_CPU_FPGA_AND_SIM_V4/mips_mem.vhd" line 125: report: char:0
INFO:Xst:1749 - "C:/Users/jflinn18/Desktop/MIPS_CPU/MIPS_CPU_FPGA_AND_SIM_V4/mips_mem.vhd" line 125: report: char:0
INFO:Xst:1749 - "C:/Users/jflinn18/Desktop/MIPS_CPU/MIPS_CPU_FPGA_AND_SIM_V4/mips_mem.vhd" line 125: report: char:1
INFO:Xst:1749 - "C:/Users/jflinn18/Desktop/MIPS_CPU/MIPS_CPU_FPGA_AND_SIM_V4/mips_mem.vhd" line 125: report: char:2
INFO:Xst:1749 - "C:/Users/jflinn18/Desktop/MIPS_CPU/MIPS_CPU_FPGA_AND_SIM_V4/mips_mem.vhd" line 125: report: char:0
INFO:Xst:1749 - "C:/Users/jflinn18/Desktop/MIPS_CPU/MIPS_CPU_FPGA_AND_SIM_V4/mips_mem.vhd" line 125: report: char:0
INFO:Xst:1749 - "C:/Users/jflinn18/Desktop/MIPS_CPU/MIPS_CPU_FPGA_AND_SIM_V4/mips_mem.vhd" line 125: report: char:a
INFO:Xst:1749 - "C:/Users/jflinn18/Desktop/MIPS_CPU/MIPS_CPU_FPGA_AND_SIM_V4/mips_mem.vhd" line 125: report: char:0
INFO:Xst:1749 - "C:/Users/jflinn18/Desktop/MIPS_CPU/MIPS_CPU_FPGA_AND_SIM_V4/mips_mem.vhd" line 125: report: char:0
INFO:Xst:1749 - "C:/Users/jflinn18/Desktop/MIPS_CPU/MIPS_CPU_FPGA_AND_SIM_V4/mips_mem.vhd" line 125: report: char:0
INFO:Xst:1749 - "C:/Users/jflinn18/Desktop/MIPS_CPU/MIPS_CPU_FPGA_AND_SIM_V4/mips_mem.vhd" line 125: report: char:0
INFO:Xst:1749 - "C:/Users/jflinn18/Desktop/MIPS_CPU/MIPS_CPU_FPGA_AND_SIM_V4/mips_mem.vhd" line 125: report: char:1
INFO:Xst:1749 - "C:/Users/jflinn18/Desktop/MIPS_CPU/MIPS_CPU_FPGA_AND_SIM_V4/mips_mem.vhd" line 125: report: char:1
INFO:Xst:1749 - "C:/Users/jflinn18/Desktop/MIPS_CPU/MIPS_CPU_FPGA_AND_SIM_V4/mips_mem.vhd" line 125: report: char:7
INFO:Xst:1749 - "C:/Users/jflinn18/Desktop/MIPS_CPU/MIPS_CPU_FPGA_AND_SIM_V4/mips_mem.vhd" line 125: report: char:9
INFO:Xst:1749 - "C:/Users/jflinn18/Desktop/MIPS_CPU/MIPS_CPU_FPGA_AND_SIM_V4/mips_mem.vhd" line 125: report: char:0
INFO:Xst:1749 - "C:/Users/jflinn18/Desktop/MIPS_CPU/MIPS_CPU_FPGA_AND_SIM_V4/mips_mem.vhd" line 125: report: char:0
INFO:Xst:1749 - "C:/Users/jflinn18/Desktop/MIPS_CPU/MIPS_CPU_FPGA_AND_SIM_V4/mips_mem.vhd" line 125: report: char:0
INFO:Xst:1749 - "C:/Users/jflinn18/Desktop/MIPS_CPU/MIPS_CPU_FPGA_AND_SIM_V4/mips_mem.vhd" line 125: report: char:1
INFO:Xst:1749 - "C:/Users/jflinn18/Desktop/MIPS_CPU/MIPS_CPU_FPGA_AND_SIM_V4/mips_mem.vhd" line 125: report: char:0
INFO:Xst:1749 - "C:/Users/jflinn18/Desktop/MIPS_CPU/MIPS_CPU_FPGA_AND_SIM_V4/mips_mem.vhd" line 125: report: char:8
INFO:Xst:1749 - "C:/Users/jflinn18/Desktop/MIPS_CPU/MIPS_CPU_FPGA_AND_SIM_V4/mips_mem.vhd" line 125: report: char:0
INFO:Xst:1749 - "C:/Users/jflinn18/Desktop/MIPS_CPU/MIPS_CPU_FPGA_AND_SIM_V4/mips_mem.vhd" line 125: report: char:0
INFO:Xst:1749 - "C:/Users/jflinn18/Desktop/MIPS_CPU/MIPS_CPU_FPGA_AND_SIM_V4/mips_mem.vhd" line 125: report: char:0
INFO:Xst:1749 - "C:/Users/jflinn18/Desktop/MIPS_CPU/MIPS_CPU_FPGA_AND_SIM_V4/mips_mem.vhd" line 125: report: char:0
INFO:Xst:1749 - "C:/Users/jflinn18/Desktop/MIPS_CPU/MIPS_CPU_FPGA_AND_SIM_V4/mips_mem.vhd" line 125: report: char:1
INFO:Xst:1749 - "C:/Users/jflinn18/Desktop/MIPS_CPU/MIPS_CPU_FPGA_AND_SIM_V4/mips_mem.vhd" line 125: report: char:6
INFO:Xst:1749 - "C:/Users/jflinn18/Desktop/MIPS_CPU/MIPS_CPU_FPGA_AND_SIM_V4/mips_mem.vhd" line 125: report: char:2
INFO:Xst:1749 - "C:/Users/jflinn18/Desktop/MIPS_CPU/MIPS_CPU_FPGA_AND_SIM_V4/mips_mem.vhd" line 125: report: char:0
INFO:Xst:1749 - "C:/Users/jflinn18/Desktop/MIPS_CPU/MIPS_CPU_FPGA_AND_SIM_V4/mips_mem.vhd" line 125: report: char:0
INFO:Xst:1749 - "C:/Users/jflinn18/Desktop/MIPS_CPU/MIPS_CPU_FPGA_AND_SIM_V4/mips_mem.vhd" line 125: report: char:b
INFO:Xst:1749 - "C:/Users/jflinn18/Desktop/MIPS_CPU/MIPS_CPU_FPGA_AND_SIM_V4/mips_mem.vhd" line 125: report: char:0
INFO:Xst:1749 - "C:/Users/jflinn18/Desktop/MIPS_CPU/MIPS_CPU_FPGA_AND_SIM_V4/mips_mem.vhd" line 125: report: char:0
INFO:Xst:1749 - "C:/Users/jflinn18/Desktop/MIPS_CPU/MIPS_CPU_FPGA_AND_SIM_V4/mips_mem.vhd" line 125: report: char:0
INFO:Xst:1749 - "C:/Users/jflinn18/Desktop/MIPS_CPU/MIPS_CPU_FPGA_AND_SIM_V4/mips_mem.vhd" line 125: report: char:0
INFO:Xst:1749 - "C:/Users/jflinn18/Desktop/MIPS_CPU/MIPS_CPU_FPGA_AND_SIM_V4/mips_mem.vhd" line 125: report: char:0
INFO:Xst:1749 - "C:/Users/jflinn18/Desktop/MIPS_CPU/MIPS_CPU_FPGA_AND_SIM_V4/mips_mem.vhd" line 125: report: char:8
INFO:Xst:1749 - "C:/Users/jflinn18/Desktop/MIPS_CPU/MIPS_CPU_FPGA_AND_SIM_V4/mips_mem.vhd" line 125: report: char:0
INFO:Xst:1749 - "C:/Users/jflinn18/Desktop/MIPS_CPU/MIPS_CPU_FPGA_AND_SIM_V4/mips_mem.vhd" line 125: report: char:0
INFO:Xst:1749 - "C:/Users/jflinn18/Desktop/MIPS_CPU/MIPS_CPU_FPGA_AND_SIM_V4/mips_mem.vhd" line 125: report: char:0
INFO:Xst:1749 - "C:/Users/jflinn18/Desktop/MIPS_CPU/MIPS_CPU_FPGA_AND_SIM_V4/mips_mem.vhd" line 125: report: char:0
INFO:Xst:1749 - "C:/Users/jflinn18/Desktop/MIPS_CPU/MIPS_CPU_FPGA_AND_SIM_V4/mips_mem.vhd" line 125: report: char:1
INFO:Xst:1749 - "C:/Users/jflinn18/Desktop/MIPS_CPU/MIPS_CPU_FPGA_AND_SIM_V4/mips_mem.vhd" line 125: report: char:6
INFO:Xst:1749 - "C:/Users/jflinn18/Desktop/MIPS_CPU/MIPS_CPU_FPGA_AND_SIM_V4/mips_mem.vhd" line 125: report: char:a
INFO:Xst:1749 - "C:/Users/jflinn18/Desktop/MIPS_CPU/MIPS_CPU_FPGA_AND_SIM_V4/mips_mem.vhd" line 125: report: char:d
INFO:Xst:1749 - "C:/Users/jflinn18/Desktop/MIPS_CPU/MIPS_CPU_FPGA_AND_SIM_V4/mips_mem.vhd" line 125: report: char:8
INFO:Xst:1749 - "C:/Users/jflinn18/Desktop/MIPS_CPU/MIPS_CPU_FPGA_AND_SIM_V4/mips_mem.vhd" line 125: report: char:8
INFO:Xst:1749 - "C:/Users/jflinn18/Desktop/MIPS_CPU/MIPS_CPU_FPGA_AND_SIM_V4/mips_mem.vhd" line 125: report: char:0
INFO:Xst:1749 - "C:/Users/jflinn18/Desktop/MIPS_CPU/MIPS_CPU_FPGA_AND_SIM_V4/mips_mem.vhd" line 125: report: char:0
INFO:Xst:1749 - "C:/Users/jflinn18/Desktop/MIPS_CPU/MIPS_CPU_FPGA_AND_SIM_V4/mips_mem.vhd" line 125: report: char:0
INFO:Xst:1749 - "C:/Users/jflinn18/Desktop/MIPS_CPU/MIPS_CPU_FPGA_AND_SIM_V4/mips_mem.vhd" line 125: report: char:0
INFO:Xst:1749 - "C:/Users/jflinn18/Desktop/MIPS_CPU/MIPS_CPU_FPGA_AND_SIM_V4/mips_mem.vhd" line 125: report: char:a
INFO:Xst:1749 - "C:/Users/jflinn18/Desktop/MIPS_CPU/MIPS_CPU_FPGA_AND_SIM_V4/mips_mem.vhd" line 125: report: char:d
INFO:Xst:1749 - "C:/Users/jflinn18/Desktop/MIPS_CPU/MIPS_CPU_FPGA_AND_SIM_V4/mips_mem.vhd" line 125: report: char:a
INFO:Xst:1749 - "C:/Users/jflinn18/Desktop/MIPS_CPU/MIPS_CPU_FPGA_AND_SIM_V4/mips_mem.vhd" line 125: report: char:9
INFO:Xst:1749 - "C:/Users/jflinn18/Desktop/MIPS_CPU/MIPS_CPU_FPGA_AND_SIM_V4/mips_mem.vhd" line 125: report: char:0
INFO:Xst:1749 - "C:/Users/jflinn18/Desktop/MIPS_CPU/MIPS_CPU_FPGA_AND_SIM_V4/mips_mem.vhd" line 125: report: char:0
INFO:Xst:1749 - "C:/Users/jflinn18/Desktop/MIPS_CPU/MIPS_CPU_FPGA_AND_SIM_V4/mips_mem.vhd" line 125: report: char:0
INFO:Xst:1749 - "C:/Users/jflinn18/Desktop/MIPS_CPU/MIPS_CPU_FPGA_AND_SIM_V4/mips_mem.vhd" line 125: report: char:0
INFO:Xst:1749 - "C:/Users/jflinn18/Desktop/MIPS_CPU/MIPS_CPU_FPGA_AND_SIM_V4/mips_mem.vhd" line 125: report: char:a
INFO:Xst:1749 - "C:/Users/jflinn18/Desktop/MIPS_CPU/MIPS_CPU_FPGA_AND_SIM_V4/mips_mem.vhd" line 125: report: char:d
INFO:Xst:1749 - "C:/Users/jflinn18/Desktop/MIPS_CPU/MIPS_CPU_FPGA_AND_SIM_V4/mips_mem.vhd" line 125: report: char:c
INFO:Xst:1749 - "C:/Users/jflinn18/Desktop/MIPS_CPU/MIPS_CPU_FPGA_AND_SIM_V4/mips_mem.vhd" line 125: report: char:a
INFO:Xst:1749 - "C:/Users/jflinn18/Desktop/MIPS_CPU/MIPS_CPU_FPGA_AND_SIM_V4/mips_mem.vhd" line 125: report: char:0
INFO:Xst:1749 - "C:/Users/jflinn18/Desktop/MIPS_CPU/MIPS_CPU_FPGA_AND_SIM_V4/mips_mem.vhd" line 125: report: char:0
INFO:Xst:1749 - "C:/Users/jflinn18/Desktop/MIPS_CPU/MIPS_CPU_FPGA_AND_SIM_V4/mips_mem.vhd" line 125: report: char:0
INFO:Xst:1749 - "C:/Users/jflinn18/Desktop/MIPS_CPU/MIPS_CPU_FPGA_AND_SIM_V4/mips_mem.vhd" line 125: report: char:0
INFO:Xst:1749 - "C:/Users/jflinn18/Desktop/MIPS_CPU/MIPS_CPU_FPGA_AND_SIM_V4/mips_mem.vhd" line 125: report: char:a
INFO:Xst:1749 - "C:/Users/jflinn18/Desktop/MIPS_CPU/MIPS_CPU_FPGA_AND_SIM_V4/mips_mem.vhd" line 125: report: char:d
INFO:Xst:1749 - "C:/Users/jflinn18/Desktop/MIPS_CPU/MIPS_CPU_FPGA_AND_SIM_V4/mips_mem.vhd" line 125: report: char:e
INFO:Xst:1749 - "C:/Users/jflinn18/Desktop/MIPS_CPU/MIPS_CPU_FPGA_AND_SIM_V4/mips_mem.vhd" line 125: report: char:b
INFO:Xst:1749 - "C:/Users/jflinn18/Desktop/MIPS_CPU/MIPS_CPU_FPGA_AND_SIM_V4/mips_mem.vhd" line 125: report: char:0
INFO:Xst:1749 - "C:/Users/jflinn18/Desktop/MIPS_CPU/MIPS_CPU_FPGA_AND_SIM_V4/mips_mem.vhd" line 125: report: char:0
INFO:Xst:1749 - "C:/Users/jflinn18/Desktop/MIPS_CPU/MIPS_CPU_FPGA_AND_SIM_V4/mips_mem.vhd" line 125: report: char:0
INFO:Xst:1749 - "C:/Users/jflinn18/Desktop/MIPS_CPU/MIPS_CPU_FPGA_AND_SIM_V4/mips_mem.vhd" line 125: report: char:0
INFO:Xst:1749 - "C:/Users/jflinn18/Desktop/MIPS_CPU/MIPS_CPU_FPGA_AND_SIM_V4/mips_mem.vhd" line 125: report: char:0
INFO:Xst:1749 - "C:/Users/jflinn18/Desktop/MIPS_CPU/MIPS_CPU_FPGA_AND_SIM_V4/mips_mem.vhd" line 125: report: char:0
INFO:Xst:1749 - "C:/Users/jflinn18/Desktop/MIPS_CPU/MIPS_CPU_FPGA_AND_SIM_V4/mips_mem.vhd" line 125: report: char:0
INFO:Xst:1749 - "C:/Users/jflinn18/Desktop/MIPS_CPU/MIPS_CPU_FPGA_AND_SIM_V4/mips_mem.vhd" line 125: report: char:0
INFO:Xst:1749 - "C:/Users/jflinn18/Desktop/MIPS_CPU/MIPS_CPU_FPGA_AND_SIM_V4/mips_mem.vhd" line 125: report: char:0
INFO:Xst:1749 - "C:/Users/jflinn18/Desktop/MIPS_CPU/MIPS_CPU_FPGA_AND_SIM_V4/mips_mem.vhd" line 125: report: char:0
INFO:Xst:1749 - "C:/Users/jflinn18/Desktop/MIPS_CPU/MIPS_CPU_FPGA_AND_SIM_V4/mips_mem.vhd" line 125: report: char:0
INFO:Xst:1749 - "C:/Users/jflinn18/Desktop/MIPS_CPU/MIPS_CPU_FPGA_AND_SIM_V4/mips_mem.vhd" line 125: report: char:0
ERROR:Xst:1923 - "C:/Users/jflinn18/Desktop/MIPS_CPU/MIPS_CPU_FPGA_AND_SIM_V4/mips_mem.vhd" line 124: Line <L> has not enough elements for target <ch>.
--> 

Total memory usage is 306028 kilobytes

Number of errors   :    1 (   0 filtered)
Number of warnings :    0 (   0 filtered)
Number of infos    :  370 (   0 filtered)

