--------------------------------------------------------------------------------
Release 14.7 Trace  (nt64)
Copyright (c) 1995-2013 Xilinx, Inc.  All rights reserved.

C:\14.7\ISE_DS\ISE\bin\nt64\unwrapped\trce.exe -intstyle ise -v 3 -s 5 -n 3
-fastpaths -xml mips_fpga_interface.twx mips_fpga_interface.ncd -o
mips_fpga_interface.twr mips_fpga_interface.pcf

Design file:              mips_fpga_interface.ncd
Physical constraint file: mips_fpga_interface.pcf
Device,package,speed:     xc3s1000,ft256,-5 (PRODUCTION 1.39 2013-10-13)
Report level:             verbose report

Environment Variable      Effect 
--------------------      ------ 
NONE                      No environment variables were set
--------------------------------------------------------------------------------

INFO:Timing:3412 - To improve timing, see the Timing Closure User Guide (UG612).
INFO:Timing:2752 - To get complete path coverage, use the unconstrained paths 
   option. All paths that are not constrained will be reported in the 
   unconstrained paths section(s) of the report.
INFO:Timing:3339 - The clock-to-out numbers in this timing report are based on 
   a 50 Ohm transmission line loading model.  For the details of this model, 
   and for more information on accounting for different loading conditions, 
   please see the device datasheet.
INFO:Timing:3390 - This architecture does not support a default System Jitter 
   value, please add SYSTEM_JITTER constraint to the UCF to modify the Clock 
   Uncertainty calculation.
INFO:Timing:3389 - This architecture does not support 'Discrete Jitter' and 
   'Phase Error' calculations, these terms will be zero in the Clock 
   Uncertainty calculation.  Please make appropriate modification to 
   SYSTEM_JITTER to account for the unsupported Discrete Jitter and Phase 
   Error.

================================================================================
Timing constraint: TS_clk = PERIOD TIMEGRP "clk" 10 ns HIGH 50%;
For more information, see Period Analysis in the Timing Closure User Guide (UG612).

 17265 paths analyzed, 111 endpoints analyzed, 0 failing endpoints
 0 timing errors detected. (0 setup errors, 0 hold errors, 0 component switching limit errors)
 Minimum period is   9.589ns.
--------------------------------------------------------------------------------

Paths for end point cnt_4 (SLICE_X60Y2.SR), 507 paths
--------------------------------------------------------------------------------
Slack (setup path):     0.411ns (requirement - (data path - clock path skew + uncertainty))
  Source:               cnt_1 (FF)
  Destination:          cnt_4 (FF)
  Requirement:          10.000ns
  Data Path Delay:      9.569ns (Levels of Logic = 17)
  Clock Path Skew:      -0.020ns (0.076 - 0.096)
  Source Clock:         clk_BUFGP rising at 0.000ns
  Destination Clock:    clk_BUFGP rising at 10.000ns
  Clock Uncertainty:    0.000ns

  Maximum Data Path: cnt_1 to cnt_4
    Location             Delay type         Delay(ns)  Physical Resource
                                                       Logical Resource(s)
    -------------------------------------------------  -------------------
    SLICE_X60Y0.YQ       Tcko                  0.626   cnt<0>
                                                       cnt_1
    SLICE_X61Y0.G3       net (fanout=2)        0.394   cnt<1>
    SLICE_X61Y0.COUT     Topcyg                0.904   Madd_mips_clk_input_add0000_cy<1>
                                                       cnt<1>_rt.1
                                                       Madd_mips_clk_input_add0000_cy<1>
    SLICE_X61Y1.CIN      net (fanout=1)        0.000   Madd_mips_clk_input_add0000_cy<1>
    SLICE_X61Y1.COUT     Tbyp                  0.111   Madd_mips_clk_input_add0000_cy<3>
                                                       Madd_mips_clk_input_add0000_cy<2>
                                                       Madd_mips_clk_input_add0000_cy<3>
    SLICE_X61Y2.CIN      net (fanout=1)        0.000   Madd_mips_clk_input_add0000_cy<3>
    SLICE_X61Y2.COUT     Tbyp                  0.111   mips_clk_input_add0000<5>
                                                       Madd_mips_clk_input_add0000_cy<4>
                                                       Madd_mips_clk_input_add0000_cy<5>
    SLICE_X61Y3.CIN      net (fanout=1)        0.000   Madd_mips_clk_input_add0000_cy<5>
    SLICE_X61Y3.COUT     Tbyp                  0.111   mips_clk_input_add0000<6>
                                                       Madd_mips_clk_input_add0000_cy<6>
                                                       Madd_mips_clk_input_add0000_cy<7>
    SLICE_X61Y4.CIN      net (fanout=1)        0.000   Madd_mips_clk_input_add0000_cy<7>
    SLICE_X61Y4.COUT     Tbyp                  0.111   mips_clk_input_add0000<8>
                                                       Madd_mips_clk_input_add0000_cy<8>
                                                       Madd_mips_clk_input_add0000_cy<9>
    SLICE_X61Y5.CIN      net (fanout=1)        0.000   Madd_mips_clk_input_add0000_cy<9>
    SLICE_X61Y5.COUT     Tbyp                  0.111   mips_clk_input_add0000<10>
                                                       Madd_mips_clk_input_add0000_cy<10>
                                                       Madd_mips_clk_input_add0000_cy<11>
    SLICE_X61Y6.CIN      net (fanout=1)        0.000   Madd_mips_clk_input_add0000_cy<11>
    SLICE_X61Y6.COUT     Tbyp                  0.111   mips_clk_input_add0000<12>
                                                       Madd_mips_clk_input_add0000_cy<12>
                                                       Madd_mips_clk_input_add0000_cy<13>
    SLICE_X61Y7.CIN      net (fanout=1)        0.000   Madd_mips_clk_input_add0000_cy<13>
    SLICE_X61Y7.COUT     Tbyp                  0.111   mips_clk_input_add0000<14>
                                                       Madd_mips_clk_input_add0000_cy<14>
                                                       Madd_mips_clk_input_add0000_cy<15>
    SLICE_X61Y8.CIN      net (fanout=1)        0.000   Madd_mips_clk_input_add0000_cy<15>
    SLICE_X61Y8.COUT     Tbyp                  0.111   mips_clk_input_add0000<16>
                                                       Madd_mips_clk_input_add0000_cy<16>
                                                       Madd_mips_clk_input_add0000_cy<17>
    SLICE_X61Y9.CIN      net (fanout=1)        0.000   Madd_mips_clk_input_add0000_cy<17>
    SLICE_X61Y9.COUT     Tbyp                  0.111   mips_clk_input_add0000<18>
                                                       Madd_mips_clk_input_add0000_cy<18>
                                                       Madd_mips_clk_input_add0000_cy<19>
    SLICE_X61Y10.CIN     net (fanout=1)        0.000   Madd_mips_clk_input_add0000_cy<19>
    SLICE_X61Y10.COUT    Tbyp                  0.111   mips_clk_input_add0000<20>
                                                       Madd_mips_clk_input_add0000_cy<20>
                                                       Madd_mips_clk_input_add0000_cy<21>
    SLICE_X61Y11.CIN     net (fanout=1)        0.000   Madd_mips_clk_input_add0000_cy<21>
    SLICE_X61Y11.COUT    Tbyp                  0.111   mips_clk_input_add0000<22>
                                                       Madd_mips_clk_input_add0000_cy<22>
                                                       Madd_mips_clk_input_add0000_cy<23>
    SLICE_X61Y12.CIN     net (fanout=1)        0.000   Madd_mips_clk_input_add0000_cy<23>
    SLICE_X61Y12.COUT    Tbyp                  0.111   mips_clk_input_add0000<24>
                                                       Madd_mips_clk_input_add0000_cy<24>
                                                       Madd_mips_clk_input_add0000_cy<25>
    SLICE_X61Y13.CIN     net (fanout=1)        0.000   Madd_mips_clk_input_add0000_cy<25>
    SLICE_X61Y13.Y       Tciny                 0.803   mips_clk_input_add0000<26>
                                                       Madd_mips_clk_input_add0000_cy<26>
                                                       Madd_mips_clk_input_add0000_xor<27>
    SLICE_X63Y9.F1       net (fanout=2)        1.152   mips_clk_input_add0000<27>
    SLICE_X63Y9.COUT     Topcyf                0.894   Mcompar_mips_clk_input_cmp_lt0000_cy<11>1
                                                       Mcompar_mips_clk_input_cmp_lt0000_lut<10>1
                                                       Mcompar_mips_clk_input_cmp_lt0000_cy<10>_0
                                                       Mcompar_mips_clk_input_cmp_lt0000_cy<11>_0
    SLICE_X63Y10.CIN     net (fanout=1)        0.000   Mcompar_mips_clk_input_cmp_lt0000_cy<11>1
    SLICE_X63Y10.XB      Tcinxb                0.279   cnt_cmp_ge0000
                                                       Mcompar_mips_clk_input_cmp_lt0000_cy<12>_0
    SLICE_X63Y11.G4      net (fanout=1)        0.345   cnt_cmp_ge0000
    SLICE_X63Y11.Y       Tilo                  0.479   mips_clk_input_or0000
                                                       cnt_or00001
    SLICE_X60Y2.SR       net (fanout=16)       1.469   cnt_or0000
    SLICE_X60Y2.CLK      Tsrck                 0.892   cnt<4>
                                                       cnt_4
    -------------------------------------------------  ---------------------------
    Total                                      9.569ns (6.209ns logic, 3.360ns route)
                                                       (64.9% logic, 35.1% route)

--------------------------------------------------------------------------------
Slack (setup path):     0.411ns (requirement - (data path - clock path skew + uncertainty))
  Source:               cnt_2 (FF)
  Destination:          cnt_4 (FF)
  Requirement:          10.000ns
  Data Path Delay:      9.569ns (Levels of Logic = 16)
  Clock Path Skew:      -0.020ns (0.076 - 0.096)
  Source Clock:         clk_BUFGP rising at 0.000ns
  Destination Clock:    clk_BUFGP rising at 10.000ns
  Clock Uncertainty:    0.000ns

  Maximum Data Path: cnt_2 to cnt_4
    Location             Delay type         Delay(ns)  Physical Resource
                                                       Logical Resource(s)
    -------------------------------------------------  -------------------
    SLICE_X60Y1.XQ       Tcko                  0.626   cnt<2>
                                                       cnt_2
    SLICE_X61Y1.F1       net (fanout=2)        0.515   cnt<2>
    SLICE_X61Y1.COUT     Topcyf                0.894   Madd_mips_clk_input_add0000_cy<3>
                                                       cnt<2>_rt.1
                                                       Madd_mips_clk_input_add0000_cy<2>
                                                       Madd_mips_clk_input_add0000_cy<3>
    SLICE_X61Y2.CIN      net (fanout=1)        0.000   Madd_mips_clk_input_add0000_cy<3>
    SLICE_X61Y2.COUT     Tbyp                  0.111   mips_clk_input_add0000<5>
                                                       Madd_mips_clk_input_add0000_cy<4>
                                                       Madd_mips_clk_input_add0000_cy<5>
    SLICE_X61Y3.CIN      net (fanout=1)        0.000   Madd_mips_clk_input_add0000_cy<5>
    SLICE_X61Y3.COUT     Tbyp                  0.111   mips_clk_input_add0000<6>
                                                       Madd_mips_clk_input_add0000_cy<6>
                                                       Madd_mips_clk_input_add0000_cy<7>
    SLICE_X61Y4.CIN      net (fanout=1)        0.000   Madd_mips_clk_input_add0000_cy<7>
    SLICE_X61Y4.COUT     Tbyp                  0.111   mips_clk_input_add0000<8>
                                                       Madd_mips_clk_input_add0000_cy<8>
                                                       Madd_mips_clk_input_add0000_cy<9>
    SLICE_X61Y5.CIN      net (fanout=1)        0.000   Madd_mips_clk_input_add0000_cy<9>
    SLICE_X61Y5.COUT     Tbyp                  0.111   mips_clk_input_add0000<10>
                                                       Madd_mips_clk_input_add0000_cy<10>
                                                       Madd_mips_clk_input_add0000_cy<11>
    SLICE_X61Y6.CIN      net (fanout=1)        0.000   Madd_mips_clk_input_add0000_cy<11>
    SLICE_X61Y6.COUT     Tbyp                  0.111   mips_clk_input_add0000<12>
                                                       Madd_mips_clk_input_add0000_cy<12>
                                                       Madd_mips_clk_input_add0000_cy<13>
    SLICE_X61Y7.CIN      net (fanout=1)        0.000   Madd_mips_clk_input_add0000_cy<13>
    SLICE_X61Y7.COUT     Tbyp                  0.111   mips_clk_input_add0000<14>
                                                       Madd_mips_clk_input_add0000_cy<14>
                                                       Madd_mips_clk_input_add0000_cy<15>
    SLICE_X61Y8.CIN      net (fanout=1)        0.000   Madd_mips_clk_input_add0000_cy<15>
    SLICE_X61Y8.COUT     Tbyp                  0.111   mips_clk_input_add0000<16>
                                                       Madd_mips_clk_input_add0000_cy<16>
                                                       Madd_mips_clk_input_add0000_cy<17>
    SLICE_X61Y9.CIN      net (fanout=1)        0.000   Madd_mips_clk_input_add0000_cy<17>
    SLICE_X61Y9.COUT     Tbyp                  0.111   mips_clk_input_add0000<18>
                                                       Madd_mips_clk_input_add0000_cy<18>
                                                       Madd_mips_clk_input_add0000_cy<19>
    SLICE_X61Y10.CIN     net (fanout=1)        0.000   Madd_mips_clk_input_add0000_cy<19>
    SLICE_X61Y10.COUT    Tbyp                  0.111   mips_clk_input_add0000<20>
                                                       Madd_mips_clk_input_add0000_cy<20>
                                                       Madd_mips_clk_input_add0000_cy<21>
    SLICE_X61Y11.CIN     net (fanout=1)        0.000   Madd_mips_clk_input_add0000_cy<21>
    SLICE_X61Y11.COUT    Tbyp                  0.111   mips_clk_input_add0000<22>
                                                       Madd_mips_clk_input_add0000_cy<22>
                                                       Madd_mips_clk_input_add0000_cy<23>
    SLICE_X61Y12.CIN     net (fanout=1)        0.000   Madd_mips_clk_input_add0000_cy<23>
    SLICE_X61Y12.COUT    Tbyp                  0.111   mips_clk_input_add0000<24>
                                                       Madd_mips_clk_input_add0000_cy<24>
                                                       Madd_mips_clk_input_add0000_cy<25>
    SLICE_X61Y13.CIN     net (fanout=1)        0.000   Madd_mips_clk_input_add0000_cy<25>
    SLICE_X61Y13.Y       Tciny                 0.803   mips_clk_input_add0000<26>
                                                       Madd_mips_clk_input_add0000_cy<26>
                                                       Madd_mips_clk_input_add0000_xor<27>
    SLICE_X63Y9.F1       net (fanout=2)        1.152   mips_clk_input_add0000<27>
    SLICE_X63Y9.COUT     Topcyf                0.894   Mcompar_mips_clk_input_cmp_lt0000_cy<11>1
                                                       Mcompar_mips_clk_input_cmp_lt0000_lut<10>1
                                                       Mcompar_mips_clk_input_cmp_lt0000_cy<10>_0
                                                       Mcompar_mips_clk_input_cmp_lt0000_cy<11>_0
    SLICE_X63Y10.CIN     net (fanout=1)        0.000   Mcompar_mips_clk_input_cmp_lt0000_cy<11>1
    SLICE_X63Y10.XB      Tcinxb                0.279   cnt_cmp_ge0000
                                                       Mcompar_mips_clk_input_cmp_lt0000_cy<12>_0
    SLICE_X63Y11.G4      net (fanout=1)        0.345   cnt_cmp_ge0000
    SLICE_X63Y11.Y       Tilo                  0.479   mips_clk_input_or0000
                                                       cnt_or00001
    SLICE_X60Y2.SR       net (fanout=16)       1.469   cnt_or0000
    SLICE_X60Y2.CLK      Tsrck                 0.892   cnt<4>
                                                       cnt_4
    -------------------------------------------------  ---------------------------
    Total                                      9.569ns (6.088ns logic, 3.481ns route)
                                                       (63.6% logic, 36.4% route)

--------------------------------------------------------------------------------
Slack (setup path):     0.457ns (requirement - (data path - clock path skew + uncertainty))
  Source:               cnt_3 (FF)
  Destination:          cnt_4 (FF)
  Requirement:          10.000ns
  Data Path Delay:      9.523ns (Levels of Logic = 16)
  Clock Path Skew:      -0.020ns (0.076 - 0.096)
  Source Clock:         clk_BUFGP rising at 0.000ns
  Destination Clock:    clk_BUFGP rising at 10.000ns
  Clock Uncertainty:    0.000ns

  Maximum Data Path: cnt_3 to cnt_4
    Location             Delay type         Delay(ns)  Physical Resource
                                                       Logical Resource(s)
    -------------------------------------------------  -------------------
    SLICE_X60Y1.YQ       Tcko                  0.626   cnt<2>
                                                       cnt_3
    SLICE_X61Y1.G2       net (fanout=2)        0.459   cnt<3>
    SLICE_X61Y1.COUT     Topcyg                0.904   Madd_mips_clk_input_add0000_cy<3>
                                                       cnt<3>_rt.1
                                                       Madd_mips_clk_input_add0000_cy<3>
    SLICE_X61Y2.CIN      net (fanout=1)        0.000   Madd_mips_clk_input_add0000_cy<3>
    SLICE_X61Y2.COUT     Tbyp                  0.111   mips_clk_input_add0000<5>
                                                       Madd_mips_clk_input_add0000_cy<4>
                                                       Madd_mips_clk_input_add0000_cy<5>
    SLICE_X61Y3.CIN      net (fanout=1)        0.000   Madd_mips_clk_input_add0000_cy<5>
    SLICE_X61Y3.COUT     Tbyp                  0.111   mips_clk_input_add0000<6>
                                                       Madd_mips_clk_input_add0000_cy<6>
                                                       Madd_mips_clk_input_add0000_cy<7>
    SLICE_X61Y4.CIN      net (fanout=1)        0.000   Madd_mips_clk_input_add0000_cy<7>
    SLICE_X61Y4.COUT     Tbyp                  0.111   mips_clk_input_add0000<8>
                                                       Madd_mips_clk_input_add0000_cy<8>
                                                       Madd_mips_clk_input_add0000_cy<9>
    SLICE_X61Y5.CIN      net (fanout=1)        0.000   Madd_mips_clk_input_add0000_cy<9>
    SLICE_X61Y5.COUT     Tbyp                  0.111   mips_clk_input_add0000<10>
                                                       Madd_mips_clk_input_add0000_cy<10>
                                                       Madd_mips_clk_input_add0000_cy<11>
    SLICE_X61Y6.CIN      net (fanout=1)        0.000   Madd_mips_clk_input_add0000_cy<11>
    SLICE_X61Y6.COUT     Tbyp                  0.111   mips_clk_input_add0000<12>
                                                       Madd_mips_clk_input_add0000_cy<12>
                                                       Madd_mips_clk_input_add0000_cy<13>
    SLICE_X61Y7.CIN      net (fanout=1)        0.000   Madd_mips_clk_input_add0000_cy<13>
    SLICE_X61Y7.COUT     Tbyp                  0.111   mips_clk_input_add0000<14>
                                                       Madd_mips_clk_input_add0000_cy<14>
                                                       Madd_mips_clk_input_add0000_cy<15>
    SLICE_X61Y8.CIN      net (fanout=1)        0.000   Madd_mips_clk_input_add0000_cy<15>
    SLICE_X61Y8.COUT     Tbyp                  0.111   mips_clk_input_add0000<16>
                                                       Madd_mips_clk_input_add0000_cy<16>
                                                       Madd_mips_clk_input_add0000_cy<17>
    SLICE_X61Y9.CIN      net (fanout=1)        0.000   Madd_mips_clk_input_add0000_cy<17>
    SLICE_X61Y9.COUT     Tbyp                  0.111   mips_clk_input_add0000<18>
                                                       Madd_mips_clk_input_add0000_cy<18>
                                                       Madd_mips_clk_input_add0000_cy<19>
    SLICE_X61Y10.CIN     net (fanout=1)        0.000   Madd_mips_clk_input_add0000_cy<19>
    SLICE_X61Y10.COUT    Tbyp                  0.111   mips_clk_input_add0000<20>
                                                       Madd_mips_clk_input_add0000_cy<20>
                                                       Madd_mips_clk_input_add0000_cy<21>
    SLICE_X61Y11.CIN     net (fanout=1)        0.000   Madd_mips_clk_input_add0000_cy<21>
    SLICE_X61Y11.COUT    Tbyp                  0.111   mips_clk_input_add0000<22>
                                                       Madd_mips_clk_input_add0000_cy<22>
                                                       Madd_mips_clk_input_add0000_cy<23>
    SLICE_X61Y12.CIN     net (fanout=1)        0.000   Madd_mips_clk_input_add0000_cy<23>
    SLICE_X61Y12.COUT    Tbyp                  0.111   mips_clk_input_add0000<24>
                                                       Madd_mips_clk_input_add0000_cy<24>
                                                       Madd_mips_clk_input_add0000_cy<25>
    SLICE_X61Y13.CIN     net (fanout=1)        0.000   Madd_mips_clk_input_add0000_cy<25>
    SLICE_X61Y13.Y       Tciny                 0.803   mips_clk_input_add0000<26>
                                                       Madd_mips_clk_input_add0000_cy<26>
                                                       Madd_mips_clk_input_add0000_xor<27>
    SLICE_X63Y9.F1       net (fanout=2)        1.152   mips_clk_input_add0000<27>
    SLICE_X63Y9.COUT     Topcyf                0.894   Mcompar_mips_clk_input_cmp_lt0000_cy<11>1
                                                       Mcompar_mips_clk_input_cmp_lt0000_lut<10>1
                                                       Mcompar_mips_clk_input_cmp_lt0000_cy<10>_0
                                                       Mcompar_mips_clk_input_cmp_lt0000_cy<11>_0
    SLICE_X63Y10.CIN     net (fanout=1)        0.000   Mcompar_mips_clk_input_cmp_lt0000_cy<11>1
    SLICE_X63Y10.XB      Tcinxb                0.279   cnt_cmp_ge0000
                                                       Mcompar_mips_clk_input_cmp_lt0000_cy<12>_0
    SLICE_X63Y11.G4      net (fanout=1)        0.345   cnt_cmp_ge0000
    SLICE_X63Y11.Y       Tilo                  0.479   mips_clk_input_or0000
                                                       cnt_or00001
    SLICE_X60Y2.SR       net (fanout=16)       1.469   cnt_or0000
    SLICE_X60Y2.CLK      Tsrck                 0.892   cnt<4>
                                                       cnt_4
    -------------------------------------------------  ---------------------------
    Total                                      9.523ns (6.098ns logic, 3.425ns route)
                                                       (64.0% logic, 36.0% route)

--------------------------------------------------------------------------------

Paths for end point cnt_5 (SLICE_X60Y2.SR), 507 paths
--------------------------------------------------------------------------------
Slack (setup path):     0.411ns (requirement - (data path - clock path skew + uncertainty))
  Source:               cnt_1 (FF)
  Destination:          cnt_5 (FF)
  Requirement:          10.000ns
  Data Path Delay:      9.569ns (Levels of Logic = 17)
  Clock Path Skew:      -0.020ns (0.076 - 0.096)
  Source Clock:         clk_BUFGP rising at 0.000ns
  Destination Clock:    clk_BUFGP rising at 10.000ns
  Clock Uncertainty:    0.000ns

  Maximum Data Path: cnt_1 to cnt_5
    Location             Delay type         Delay(ns)  Physical Resource
                                                       Logical Resource(s)
    -------------------------------------------------  -------------------
    SLICE_X60Y0.YQ       Tcko                  0.626   cnt<0>
                                                       cnt_1
    SLICE_X61Y0.G3       net (fanout=2)        0.394   cnt<1>
    SLICE_X61Y0.COUT     Topcyg                0.904   Madd_mips_clk_input_add0000_cy<1>
                                                       cnt<1>_rt.1
                                                       Madd_mips_clk_input_add0000_cy<1>
    SLICE_X61Y1.CIN      net (fanout=1)        0.000   Madd_mips_clk_input_add0000_cy<1>
    SLICE_X61Y1.COUT     Tbyp                  0.111   Madd_mips_clk_input_add0000_cy<3>
                                                       Madd_mips_clk_input_add0000_cy<2>
                                                       Madd_mips_clk_input_add0000_cy<3>
    SLICE_X61Y2.CIN      net (fanout=1)        0.000   Madd_mips_clk_input_add0000_cy<3>
    SLICE_X61Y2.COUT     Tbyp                  0.111   mips_clk_input_add0000<5>
                                                       Madd_mips_clk_input_add0000_cy<4>
                                                       Madd_mips_clk_input_add0000_cy<5>
    SLICE_X61Y3.CIN      net (fanout=1)        0.000   Madd_mips_clk_input_add0000_cy<5>
    SLICE_X61Y3.COUT     Tbyp                  0.111   mips_clk_input_add0000<6>
                                                       Madd_mips_clk_input_add0000_cy<6>
                                                       Madd_mips_clk_input_add0000_cy<7>
    SLICE_X61Y4.CIN      net (fanout=1)        0.000   Madd_mips_clk_input_add0000_cy<7>
    SLICE_X61Y4.COUT     Tbyp                  0.111   mips_clk_input_add0000<8>
                                                       Madd_mips_clk_input_add0000_cy<8>
                                                       Madd_mips_clk_input_add0000_cy<9>
    SLICE_X61Y5.CIN      net (fanout=1)        0.000   Madd_mips_clk_input_add0000_cy<9>
    SLICE_X61Y5.COUT     Tbyp                  0.111   mips_clk_input_add0000<10>
                                                       Madd_mips_clk_input_add0000_cy<10>
                                                       Madd_mips_clk_input_add0000_cy<11>
    SLICE_X61Y6.CIN      net (fanout=1)        0.000   Madd_mips_clk_input_add0000_cy<11>
    SLICE_X61Y6.COUT     Tbyp                  0.111   mips_clk_input_add0000<12>
                                                       Madd_mips_clk_input_add0000_cy<12>
                                                       Madd_mips_clk_input_add0000_cy<13>
    SLICE_X61Y7.CIN      net (fanout=1)        0.000   Madd_mips_clk_input_add0000_cy<13>
    SLICE_X61Y7.COUT     Tbyp                  0.111   mips_clk_input_add0000<14>
                                                       Madd_mips_clk_input_add0000_cy<14>
                                                       Madd_mips_clk_input_add0000_cy<15>
    SLICE_X61Y8.CIN      net (fanout=1)        0.000   Madd_mips_clk_input_add0000_cy<15>
    SLICE_X61Y8.COUT     Tbyp                  0.111   mips_clk_input_add0000<16>
                                                       Madd_mips_clk_input_add0000_cy<16>
                                                       Madd_mips_clk_input_add0000_cy<17>
    SLICE_X61Y9.CIN      net (fanout=1)        0.000   Madd_mips_clk_input_add0000_cy<17>
    SLICE_X61Y9.COUT     Tbyp                  0.111   mips_clk_input_add0000<18>
                                                       Madd_mips_clk_input_add0000_cy<18>
                                                       Madd_mips_clk_input_add0000_cy<19>
    SLICE_X61Y10.CIN     net (fanout=1)        0.000   Madd_mips_clk_input_add0000_cy<19>
    SLICE_X61Y10.COUT    Tbyp                  0.111   mips_clk_input_add0000<20>
                                                       Madd_mips_clk_input_add0000_cy<20>
                                                       Madd_mips_clk_input_add0000_cy<21>
    SLICE_X61Y11.CIN     net (fanout=1)        0.000   Madd_mips_clk_input_add0000_cy<21>
    SLICE_X61Y11.COUT    Tbyp                  0.111   mips_clk_input_add0000<22>
                                                       Madd_mips_clk_input_add0000_cy<22>
                                                       Madd_mips_clk_input_add0000_cy<23>
    SLICE_X61Y12.CIN     net (fanout=1)        0.000   Madd_mips_clk_input_add0000_cy<23>
    SLICE_X61Y12.COUT    Tbyp                  0.111   mips_clk_input_add0000<24>
                                                       Madd_mips_clk_input_add0000_cy<24>
                                                       Madd_mips_clk_input_add0000_cy<25>
    SLICE_X61Y13.CIN     net (fanout=1)        0.000   Madd_mips_clk_input_add0000_cy<25>
    SLICE_X61Y13.Y       Tciny                 0.803   mips_clk_input_add0000<26>
                                                       Madd_mips_clk_input_add0000_cy<26>
                                                       Madd_mips_clk_input_add0000_xor<27>
    SLICE_X63Y9.F1       net (fanout=2)        1.152   mips_clk_input_add0000<27>
    SLICE_X63Y9.COUT     Topcyf                0.894   Mcompar_mips_clk_input_cmp_lt0000_cy<11>1
                                                       Mcompar_mips_clk_input_cmp_lt0000_lut<10>1
                                                       Mcompar_mips_clk_input_cmp_lt0000_cy<10>_0
                                                       Mcompar_mips_clk_input_cmp_lt0000_cy<11>_0
    SLICE_X63Y10.CIN     net (fanout=1)        0.000   Mcompar_mips_clk_input_cmp_lt0000_cy<11>1
    SLICE_X63Y10.XB      Tcinxb                0.279   cnt_cmp_ge0000
                                                       Mcompar_mips_clk_input_cmp_lt0000_cy<12>_0
    SLICE_X63Y11.G4      net (fanout=1)        0.345   cnt_cmp_ge0000
    SLICE_X63Y11.Y       Tilo                  0.479   mips_clk_input_or0000
                                                       cnt_or00001
    SLICE_X60Y2.SR       net (fanout=16)       1.469   cnt_or0000
    SLICE_X60Y2.CLK      Tsrck                 0.892   cnt<4>
                                                       cnt_5
    -------------------------------------------------  ---------------------------
    Total                                      9.569ns (6.209ns logic, 3.360ns route)
                                                       (64.9% logic, 35.1% route)

--------------------------------------------------------------------------------
Slack (setup path):     0.411ns (requirement - (data path - clock path skew + uncertainty))
  Source:               cnt_2 (FF)
  Destination:          cnt_5 (FF)
  Requirement:          10.000ns
  Data Path Delay:      9.569ns (Levels of Logic = 16)
  Clock Path Skew:      -0.020ns (0.076 - 0.096)
  Source Clock:         clk_BUFGP rising at 0.000ns
  Destination Clock:    clk_BUFGP rising at 10.000ns
  Clock Uncertainty:    0.000ns

  Maximum Data Path: cnt_2 to cnt_5
    Location             Delay type         Delay(ns)  Physical Resource
                                                       Logical Resource(s)
    -------------------------------------------------  -------------------
    SLICE_X60Y1.XQ       Tcko                  0.626   cnt<2>
                                                       cnt_2
    SLICE_X61Y1.F1       net (fanout=2)        0.515   cnt<2>
    SLICE_X61Y1.COUT     Topcyf                0.894   Madd_mips_clk_input_add0000_cy<3>
                                                       cnt<2>_rt.1
                                                       Madd_mips_clk_input_add0000_cy<2>
                                                       Madd_mips_clk_input_add0000_cy<3>
    SLICE_X61Y2.CIN      net (fanout=1)        0.000   Madd_mips_clk_input_add0000_cy<3>
    SLICE_X61Y2.COUT     Tbyp                  0.111   mips_clk_input_add0000<5>
                                                       Madd_mips_clk_input_add0000_cy<4>
                                                       Madd_mips_clk_input_add0000_cy<5>
    SLICE_X61Y3.CIN      net (fanout=1)        0.000   Madd_mips_clk_input_add0000_cy<5>
    SLICE_X61Y3.COUT     Tbyp                  0.111   mips_clk_input_add0000<6>
                                                       Madd_mips_clk_input_add0000_cy<6>
                                                       Madd_mips_clk_input_add0000_cy<7>
    SLICE_X61Y4.CIN      net (fanout=1)        0.000   Madd_mips_clk_input_add0000_cy<7>
    SLICE_X61Y4.COUT     Tbyp                  0.111   mips_clk_input_add0000<8>
                                                       Madd_mips_clk_input_add0000_cy<8>
                                                       Madd_mips_clk_input_add0000_cy<9>
    SLICE_X61Y5.CIN      net (fanout=1)        0.000   Madd_mips_clk_input_add0000_cy<9>
    SLICE_X61Y5.COUT     Tbyp                  0.111   mips_clk_input_add0000<10>
                                                       Madd_mips_clk_input_add0000_cy<10>
                                                       Madd_mips_clk_input_add0000_cy<11>
    SLICE_X61Y6.CIN      net (fanout=1)        0.000   Madd_mips_clk_input_add0000_cy<11>
    SLICE_X61Y6.COUT     Tbyp                  0.111   mips_clk_input_add0000<12>
                                                       Madd_mips_clk_input_add0000_cy<12>
                                                       Madd_mips_clk_input_add0000_cy<13>
    SLICE_X61Y7.CIN      net (fanout=1)        0.000   Madd_mips_clk_input_add0000_cy<13>
    SLICE_X61Y7.COUT     Tbyp                  0.111   mips_clk_input_add0000<14>
                                                       Madd_mips_clk_input_add0000_cy<14>
                                                       Madd_mips_clk_input_add0000_cy<15>
    SLICE_X61Y8.CIN      net (fanout=1)        0.000   Madd_mips_clk_input_add0000_cy<15>
    SLICE_X61Y8.COUT     Tbyp                  0.111   mips_clk_input_add0000<16>
                                                       Madd_mips_clk_input_add0000_cy<16>
                                                       Madd_mips_clk_input_add0000_cy<17>
    SLICE_X61Y9.CIN      net (fanout=1)        0.000   Madd_mips_clk_input_add0000_cy<17>
    SLICE_X61Y9.COUT     Tbyp                  0.111   mips_clk_input_add0000<18>
                                                       Madd_mips_clk_input_add0000_cy<18>
                                                       Madd_mips_clk_input_add0000_cy<19>
    SLICE_X61Y10.CIN     net (fanout=1)        0.000   Madd_mips_clk_input_add0000_cy<19>
    SLICE_X61Y10.COUT    Tbyp                  0.111   mips_clk_input_add0000<20>
                                                       Madd_mips_clk_input_add0000_cy<20>
                                                       Madd_mips_clk_input_add0000_cy<21>
    SLICE_X61Y11.CIN     net (fanout=1)        0.000   Madd_mips_clk_input_add0000_cy<21>
    SLICE_X61Y11.COUT    Tbyp                  0.111   mips_clk_input_add0000<22>
                                                       Madd_mips_clk_input_add0000_cy<22>
                                                       Madd_mips_clk_input_add0000_cy<23>
    SLICE_X61Y12.CIN     net (fanout=1)        0.000   Madd_mips_clk_input_add0000_cy<23>
    SLICE_X61Y12.COUT    Tbyp                  0.111   mips_clk_input_add0000<24>
                                                       Madd_mips_clk_input_add0000_cy<24>
                                                       Madd_mips_clk_input_add0000_cy<25>
    SLICE_X61Y13.CIN     net (fanout=1)        0.000   Madd_mips_clk_input_add0000_cy<25>
    SLICE_X61Y13.Y       Tciny                 0.803   mips_clk_input_add0000<26>
                                                       Madd_mips_clk_input_add0000_cy<26>
                                                       Madd_mips_clk_input_add0000_xor<27>
    SLICE_X63Y9.F1       net (fanout=2)        1.152   mips_clk_input_add0000<27>
    SLICE_X63Y9.COUT     Topcyf                0.894   Mcompar_mips_clk_input_cmp_lt0000_cy<11>1
                                                       Mcompar_mips_clk_input_cmp_lt0000_lut<10>1
                                                       Mcompar_mips_clk_input_cmp_lt0000_cy<10>_0
                                                       Mcompar_mips_clk_input_cmp_lt0000_cy<11>_0
    SLICE_X63Y10.CIN     net (fanout=1)        0.000   Mcompar_mips_clk_input_cmp_lt0000_cy<11>1
    SLICE_X63Y10.XB      Tcinxb                0.279   cnt_cmp_ge0000
                                                       Mcompar_mips_clk_input_cmp_lt0000_cy<12>_0
    SLICE_X63Y11.G4      net (fanout=1)        0.345   cnt_cmp_ge0000
    SLICE_X63Y11.Y       Tilo                  0.479   mips_clk_input_or0000
                                                       cnt_or00001
    SLICE_X60Y2.SR       net (fanout=16)       1.469   cnt_or0000
    SLICE_X60Y2.CLK      Tsrck                 0.892   cnt<4>
                                                       cnt_5
    -------------------------------------------------  ---------------------------
    Total                                      9.569ns (6.088ns logic, 3.481ns route)
                                                       (63.6% logic, 36.4% route)

--------------------------------------------------------------------------------
Slack (setup path):     0.457ns (requirement - (data path - clock path skew + uncertainty))
  Source:               cnt_3 (FF)
  Destination:          cnt_5 (FF)
  Requirement:          10.000ns
  Data Path Delay:      9.523ns (Levels of Logic = 16)
  Clock Path Skew:      -0.020ns (0.076 - 0.096)
  Source Clock:         clk_BUFGP rising at 0.000ns
  Destination Clock:    clk_BUFGP rising at 10.000ns
  Clock Uncertainty:    0.000ns

  Maximum Data Path: cnt_3 to cnt_5
    Location             Delay type         Delay(ns)  Physical Resource
                                                       Logical Resource(s)
    -------------------------------------------------  -------------------
    SLICE_X60Y1.YQ       Tcko                  0.626   cnt<2>
                                                       cnt_3
    SLICE_X61Y1.G2       net (fanout=2)        0.459   cnt<3>
    SLICE_X61Y1.COUT     Topcyg                0.904   Madd_mips_clk_input_add0000_cy<3>
                                                       cnt<3>_rt.1
                                                       Madd_mips_clk_input_add0000_cy<3>
    SLICE_X61Y2.CIN      net (fanout=1)        0.000   Madd_mips_clk_input_add0000_cy<3>
    SLICE_X61Y2.COUT     Tbyp                  0.111   mips_clk_input_add0000<5>
                                                       Madd_mips_clk_input_add0000_cy<4>
                                                       Madd_mips_clk_input_add0000_cy<5>
    SLICE_X61Y3.CIN      net (fanout=1)        0.000   Madd_mips_clk_input_add0000_cy<5>
    SLICE_X61Y3.COUT     Tbyp                  0.111   mips_clk_input_add0000<6>
                                                       Madd_mips_clk_input_add0000_cy<6>
                                                       Madd_mips_clk_input_add0000_cy<7>
    SLICE_X61Y4.CIN      net (fanout=1)        0.000   Madd_mips_clk_input_add0000_cy<7>
    SLICE_X61Y4.COUT     Tbyp                  0.111   mips_clk_input_add0000<8>
                                                       Madd_mips_clk_input_add0000_cy<8>
                                                       Madd_mips_clk_input_add0000_cy<9>
    SLICE_X61Y5.CIN      net (fanout=1)        0.000   Madd_mips_clk_input_add0000_cy<9>
    SLICE_X61Y5.COUT     Tbyp                  0.111   mips_clk_input_add0000<10>
                                                       Madd_mips_clk_input_add0000_cy<10>
                                                       Madd_mips_clk_input_add0000_cy<11>
    SLICE_X61Y6.CIN      net (fanout=1)        0.000   Madd_mips_clk_input_add0000_cy<11>
    SLICE_X61Y6.COUT     Tbyp                  0.111   mips_clk_input_add0000<12>
                                                       Madd_mips_clk_input_add0000_cy<12>
                                                       Madd_mips_clk_input_add0000_cy<13>
    SLICE_X61Y7.CIN      net (fanout=1)        0.000   Madd_mips_clk_input_add0000_cy<13>
    SLICE_X61Y7.COUT     Tbyp                  0.111   mips_clk_input_add0000<14>
                                                       Madd_mips_clk_input_add0000_cy<14>
                                                       Madd_mips_clk_input_add0000_cy<15>
    SLICE_X61Y8.CIN      net (fanout=1)        0.000   Madd_mips_clk_input_add0000_cy<15>
    SLICE_X61Y8.COUT     Tbyp                  0.111   mips_clk_input_add0000<16>
                                                       Madd_mips_clk_input_add0000_cy<16>
                                                       Madd_mips_clk_input_add0000_cy<17>
    SLICE_X61Y9.CIN      net (fanout=1)        0.000   Madd_mips_clk_input_add0000_cy<17>
    SLICE_X61Y9.COUT     Tbyp                  0.111   mips_clk_input_add0000<18>
                                                       Madd_mips_clk_input_add0000_cy<18>
                                                       Madd_mips_clk_input_add0000_cy<19>
    SLICE_X61Y10.CIN     net (fanout=1)        0.000   Madd_mips_clk_input_add0000_cy<19>
    SLICE_X61Y10.COUT    Tbyp                  0.111   mips_clk_input_add0000<20>
                                                       Madd_mips_clk_input_add0000_cy<20>
                                                       Madd_mips_clk_input_add0000_cy<21>
    SLICE_X61Y11.CIN     net (fanout=1)        0.000   Madd_mips_clk_input_add0000_cy<21>
    SLICE_X61Y11.COUT    Tbyp                  0.111   mips_clk_input_add0000<22>
                                                       Madd_mips_clk_input_add0000_cy<22>
                                                       Madd_mips_clk_input_add0000_cy<23>
    SLICE_X61Y12.CIN     net (fanout=1)        0.000   Madd_mips_clk_input_add0000_cy<23>
    SLICE_X61Y12.COUT    Tbyp                  0.111   mips_clk_input_add0000<24>
                                                       Madd_mips_clk_input_add0000_cy<24>
                                                       Madd_mips_clk_input_add0000_cy<25>
    SLICE_X61Y13.CIN     net (fanout=1)        0.000   Madd_mips_clk_input_add0000_cy<25>
    SLICE_X61Y13.Y       Tciny                 0.803   mips_clk_input_add0000<26>
                                                       Madd_mips_clk_input_add0000_cy<26>
                                                       Madd_mips_clk_input_add0000_xor<27>
    SLICE_X63Y9.F1       net (fanout=2)        1.152   mips_clk_input_add0000<27>
    SLICE_X63Y9.COUT     Topcyf                0.894   Mcompar_mips_clk_input_cmp_lt0000_cy<11>1
                                                       Mcompar_mips_clk_input_cmp_lt0000_lut<10>1
                                                       Mcompar_mips_clk_input_cmp_lt0000_cy<10>_0
                                                       Mcompar_mips_clk_input_cmp_lt0000_cy<11>_0
    SLICE_X63Y10.CIN     net (fanout=1)        0.000   Mcompar_mips_clk_input_cmp_lt0000_cy<11>1
    SLICE_X63Y10.XB      Tcinxb                0.279   cnt_cmp_ge0000
                                                       Mcompar_mips_clk_input_cmp_lt0000_cy<12>_0
    SLICE_X63Y11.G4      net (fanout=1)        0.345   cnt_cmp_ge0000
    SLICE_X63Y11.Y       Tilo                  0.479   mips_clk_input_or0000
                                                       cnt_or00001
    SLICE_X60Y2.SR       net (fanout=16)       1.469   cnt_or0000
    SLICE_X60Y2.CLK      Tsrck                 0.892   cnt<4>
                                                       cnt_5
    -------------------------------------------------  ---------------------------
    Total                                      9.523ns (6.098ns logic, 3.425ns route)
                                                       (64.0% logic, 36.0% route)

--------------------------------------------------------------------------------

Paths for end point cnt_20 (SLICE_X60Y10.SR), 507 paths
--------------------------------------------------------------------------------
Slack (setup path):     0.537ns (requirement - (data path - clock path skew + uncertainty))
  Source:               cnt_1 (FF)
  Destination:          cnt_20 (FF)
  Requirement:          10.000ns
  Data Path Delay:      9.407ns (Levels of Logic = 17)
  Clock Path Skew:      -0.056ns (0.170 - 0.226)
  Source Clock:         clk_BUFGP rising at 0.000ns
  Destination Clock:    clk_BUFGP rising at 10.000ns
  Clock Uncertainty:    0.000ns

  Maximum Data Path: cnt_1 to cnt_20
    Location             Delay type         Delay(ns)  Physical Resource
                                                       Logical Resource(s)
    -------------------------------------------------  -------------------
    SLICE_X60Y0.YQ       Tcko                  0.626   cnt<0>
                                                       cnt_1
    SLICE_X61Y0.G3       net (fanout=2)        0.394   cnt<1>
    SLICE_X61Y0.COUT     Topcyg                0.904   Madd_mips_clk_input_add0000_cy<1>
                                                       cnt<1>_rt.1
                                                       Madd_mips_clk_input_add0000_cy<1>
    SLICE_X61Y1.CIN      net (fanout=1)        0.000   Madd_mips_clk_input_add0000_cy<1>
    SLICE_X61Y1.COUT     Tbyp                  0.111   Madd_mips_clk_input_add0000_cy<3>
                                                       Madd_mips_clk_input_add0000_cy<2>
                                                       Madd_mips_clk_input_add0000_cy<3>
    SLICE_X61Y2.CIN      net (fanout=1)        0.000   Madd_mips_clk_input_add0000_cy<3>
    SLICE_X61Y2.COUT     Tbyp                  0.111   mips_clk_input_add0000<5>
                                                       Madd_mips_clk_input_add0000_cy<4>
                                                       Madd_mips_clk_input_add0000_cy<5>
    SLICE_X61Y3.CIN      net (fanout=1)        0.000   Madd_mips_clk_input_add0000_cy<5>
    SLICE_X61Y3.COUT     Tbyp                  0.111   mips_clk_input_add0000<6>
                                                       Madd_mips_clk_input_add0000_cy<6>
                                                       Madd_mips_clk_input_add0000_cy<7>
    SLICE_X61Y4.CIN      net (fanout=1)        0.000   Madd_mips_clk_input_add0000_cy<7>
    SLICE_X61Y4.COUT     Tbyp                  0.111   mips_clk_input_add0000<8>
                                                       Madd_mips_clk_input_add0000_cy<8>
                                                       Madd_mips_clk_input_add0000_cy<9>
    SLICE_X61Y5.CIN      net (fanout=1)        0.000   Madd_mips_clk_input_add0000_cy<9>
    SLICE_X61Y5.COUT     Tbyp                  0.111   mips_clk_input_add0000<10>
                                                       Madd_mips_clk_input_add0000_cy<10>
                                                       Madd_mips_clk_input_add0000_cy<11>
    SLICE_X61Y6.CIN      net (fanout=1)        0.000   Madd_mips_clk_input_add0000_cy<11>
    SLICE_X61Y6.COUT     Tbyp                  0.111   mips_clk_input_add0000<12>
                                                       Madd_mips_clk_input_add0000_cy<12>
                                                       Madd_mips_clk_input_add0000_cy<13>
    SLICE_X61Y7.CIN      net (fanout=1)        0.000   Madd_mips_clk_input_add0000_cy<13>
    SLICE_X61Y7.COUT     Tbyp                  0.111   mips_clk_input_add0000<14>
                                                       Madd_mips_clk_input_add0000_cy<14>
                                                       Madd_mips_clk_input_add0000_cy<15>
    SLICE_X61Y8.CIN      net (fanout=1)        0.000   Madd_mips_clk_input_add0000_cy<15>
    SLICE_X61Y8.COUT     Tbyp                  0.111   mips_clk_input_add0000<16>
                                                       Madd_mips_clk_input_add0000_cy<16>
                                                       Madd_mips_clk_input_add0000_cy<17>
    SLICE_X61Y9.CIN      net (fanout=1)        0.000   Madd_mips_clk_input_add0000_cy<17>
    SLICE_X61Y9.COUT     Tbyp                  0.111   mips_clk_input_add0000<18>
                                                       Madd_mips_clk_input_add0000_cy<18>
                                                       Madd_mips_clk_input_add0000_cy<19>
    SLICE_X61Y10.CIN     net (fanout=1)        0.000   Madd_mips_clk_input_add0000_cy<19>
    SLICE_X61Y10.COUT    Tbyp                  0.111   mips_clk_input_add0000<20>
                                                       Madd_mips_clk_input_add0000_cy<20>
                                                       Madd_mips_clk_input_add0000_cy<21>
    SLICE_X61Y11.CIN     net (fanout=1)        0.000   Madd_mips_clk_input_add0000_cy<21>
    SLICE_X61Y11.COUT    Tbyp                  0.111   mips_clk_input_add0000<22>
                                                       Madd_mips_clk_input_add0000_cy<22>
                                                       Madd_mips_clk_input_add0000_cy<23>
    SLICE_X61Y12.CIN     net (fanout=1)        0.000   Madd_mips_clk_input_add0000_cy<23>
    SLICE_X61Y12.COUT    Tbyp                  0.111   mips_clk_input_add0000<24>
                                                       Madd_mips_clk_input_add0000_cy<24>
                                                       Madd_mips_clk_input_add0000_cy<25>
    SLICE_X61Y13.CIN     net (fanout=1)        0.000   Madd_mips_clk_input_add0000_cy<25>
    SLICE_X61Y13.Y       Tciny                 0.803   mips_clk_input_add0000<26>
                                                       Madd_mips_clk_input_add0000_cy<26>
                                                       Madd_mips_clk_input_add0000_xor<27>
    SLICE_X63Y9.F1       net (fanout=2)        1.152   mips_clk_input_add0000<27>
    SLICE_X63Y9.COUT     Topcyf                0.894   Mcompar_mips_clk_input_cmp_lt0000_cy<11>1
                                                       Mcompar_mips_clk_input_cmp_lt0000_lut<10>1
                                                       Mcompar_mips_clk_input_cmp_lt0000_cy<10>_0
                                                       Mcompar_mips_clk_input_cmp_lt0000_cy<11>_0
    SLICE_X63Y10.CIN     net (fanout=1)        0.000   Mcompar_mips_clk_input_cmp_lt0000_cy<11>1
    SLICE_X63Y10.XB      Tcinxb                0.279   cnt_cmp_ge0000
                                                       Mcompar_mips_clk_input_cmp_lt0000_cy<12>_0
    SLICE_X63Y11.G4      net (fanout=1)        0.345   cnt_cmp_ge0000
    SLICE_X63Y11.Y       Tilo                  0.479   mips_clk_input_or0000
                                                       cnt_or00001
    SLICE_X60Y10.SR      net (fanout=16)       1.307   cnt_or0000
    SLICE_X60Y10.CLK     Tsrck                 0.892   cnt<20>
                                                       cnt_20
    -------------------------------------------------  ---------------------------
    Total                                      9.407ns (6.209ns logic, 3.198ns route)
                                                       (66.0% logic, 34.0% route)

--------------------------------------------------------------------------------
Slack (setup path):     0.537ns (requirement - (data path - clock path skew + uncertainty))
  Source:               cnt_2 (FF)
  Destination:          cnt_20 (FF)
  Requirement:          10.000ns
  Data Path Delay:      9.407ns (Levels of Logic = 16)
  Clock Path Skew:      -0.056ns (0.170 - 0.226)
  Source Clock:         clk_BUFGP rising at 0.000ns
  Destination Clock:    clk_BUFGP rising at 10.000ns
  Clock Uncertainty:    0.000ns

  Maximum Data Path: cnt_2 to cnt_20
    Location             Delay type         Delay(ns)  Physical Resource
                                                       Logical Resource(s)
    -------------------------------------------------  -------------------
    SLICE_X60Y1.XQ       Tcko                  0.626   cnt<2>
                                                       cnt_2
    SLICE_X61Y1.F1       net (fanout=2)        0.515   cnt<2>
    SLICE_X61Y1.COUT     Topcyf                0.894   Madd_mips_clk_input_add0000_cy<3>
                                                       cnt<2>_rt.1
                                                       Madd_mips_clk_input_add0000_cy<2>
                                                       Madd_mips_clk_input_add0000_cy<3>
    SLICE_X61Y2.CIN      net (fanout=1)        0.000   Madd_mips_clk_input_add0000_cy<3>
    SLICE_X61Y2.COUT     Tbyp                  0.111   mips_clk_input_add0000<5>
                                                       Madd_mips_clk_input_add0000_cy<4>
                                                       Madd_mips_clk_input_add0000_cy<5>
    SLICE_X61Y3.CIN      net (fanout=1)        0.000   Madd_mips_clk_input_add0000_cy<5>
    SLICE_X61Y3.COUT     Tbyp                  0.111   mips_clk_input_add0000<6>
                                                       Madd_mips_clk_input_add0000_cy<6>
                                                       Madd_mips_clk_input_add0000_cy<7>
    SLICE_X61Y4.CIN      net (fanout=1)        0.000   Madd_mips_clk_input_add0000_cy<7>
    SLICE_X61Y4.COUT     Tbyp                  0.111   mips_clk_input_add0000<8>
                                                       Madd_mips_clk_input_add0000_cy<8>
                                                       Madd_mips_clk_input_add0000_cy<9>
    SLICE_X61Y5.CIN      net (fanout=1)        0.000   Madd_mips_clk_input_add0000_cy<9>
    SLICE_X61Y5.COUT     Tbyp                  0.111   mips_clk_input_add0000<10>
                                                       Madd_mips_clk_input_add0000_cy<10>
                                                       Madd_mips_clk_input_add0000_cy<11>
    SLICE_X61Y6.CIN      net (fanout=1)        0.000   Madd_mips_clk_input_add0000_cy<11>
    SLICE_X61Y6.COUT     Tbyp                  0.111   mips_clk_input_add0000<12>
                                                       Madd_mips_clk_input_add0000_cy<12>
                                                       Madd_mips_clk_input_add0000_cy<13>
    SLICE_X61Y7.CIN      net (fanout=1)        0.000   Madd_mips_clk_input_add0000_cy<13>
    SLICE_X61Y7.COUT     Tbyp                  0.111   mips_clk_input_add0000<14>
                                                       Madd_mips_clk_input_add0000_cy<14>
                                                       Madd_mips_clk_input_add0000_cy<15>
    SLICE_X61Y8.CIN      net (fanout=1)        0.000   Madd_mips_clk_input_add0000_cy<15>
    SLICE_X61Y8.COUT     Tbyp                  0.111   mips_clk_input_add0000<16>
                                                       Madd_mips_clk_input_add0000_cy<16>
                                                       Madd_mips_clk_input_add0000_cy<17>
    SLICE_X61Y9.CIN      net (fanout=1)        0.000   Madd_mips_clk_input_add0000_cy<17>
    SLICE_X61Y9.COUT     Tbyp                  0.111   mips_clk_input_add0000<18>
                                                       Madd_mips_clk_input_add0000_cy<18>
                                                       Madd_mips_clk_input_add0000_cy<19>
    SLICE_X61Y10.CIN     net (fanout=1)        0.000   Madd_mips_clk_input_add0000_cy<19>
    SLICE_X61Y10.COUT    Tbyp                  0.111   mips_clk_input_add0000<20>
                                                       Madd_mips_clk_input_add0000_cy<20>
                                                       Madd_mips_clk_input_add0000_cy<21>
    SLICE_X61Y11.CIN     net (fanout=1)        0.000   Madd_mips_clk_input_add0000_cy<21>
    SLICE_X61Y11.COUT    Tbyp                  0.111   mips_clk_input_add0000<22>
                                                       Madd_mips_clk_input_add0000_cy<22>
                                                       Madd_mips_clk_input_add0000_cy<23>
    SLICE_X61Y12.CIN     net (fanout=1)        0.000   Madd_mips_clk_input_add0000_cy<23>
    SLICE_X61Y12.COUT    Tbyp                  0.111   mips_clk_input_add0000<24>
                                                       Madd_mips_clk_input_add0000_cy<24>
                                                       Madd_mips_clk_input_add0000_cy<25>
    SLICE_X61Y13.CIN     net (fanout=1)        0.000   Madd_mips_clk_input_add0000_cy<25>
    SLICE_X61Y13.Y       Tciny                 0.803   mips_clk_input_add0000<26>
                                                       Madd_mips_clk_input_add0000_cy<26>
                                                       Madd_mips_clk_input_add0000_xor<27>
    SLICE_X63Y9.F1       net (fanout=2)        1.152   mips_clk_input_add0000<27>
    SLICE_X63Y9.COUT     Topcyf                0.894   Mcompar_mips_clk_input_cmp_lt0000_cy<11>1
                                                       Mcompar_mips_clk_input_cmp_lt0000_lut<10>1
                                                       Mcompar_mips_clk_input_cmp_lt0000_cy<10>_0
                                                       Mcompar_mips_clk_input_cmp_lt0000_cy<11>_0
    SLICE_X63Y10.CIN     net (fanout=1)        0.000   Mcompar_mips_clk_input_cmp_lt0000_cy<11>1
    SLICE_X63Y10.XB      Tcinxb                0.279   cnt_cmp_ge0000
                                                       Mcompar_mips_clk_input_cmp_lt0000_cy<12>_0
    SLICE_X63Y11.G4      net (fanout=1)        0.345   cnt_cmp_ge0000
    SLICE_X63Y11.Y       Tilo                  0.479   mips_clk_input_or0000
                                                       cnt_or00001
    SLICE_X60Y10.SR      net (fanout=16)       1.307   cnt_or0000
    SLICE_X60Y10.CLK     Tsrck                 0.892   cnt<20>
                                                       cnt_20
    -------------------------------------------------  ---------------------------
    Total                                      9.407ns (6.088ns logic, 3.319ns route)
                                                       (64.7% logic, 35.3% route)

--------------------------------------------------------------------------------
Slack (setup path):     0.583ns (requirement - (data path - clock path skew + uncertainty))
  Source:               cnt_3 (FF)
  Destination:          cnt_20 (FF)
  Requirement:          10.000ns
  Data Path Delay:      9.361ns (Levels of Logic = 16)
  Clock Path Skew:      -0.056ns (0.170 - 0.226)
  Source Clock:         clk_BUFGP rising at 0.000ns
  Destination Clock:    clk_BUFGP rising at 10.000ns
  Clock Uncertainty:    0.000ns

  Maximum Data Path: cnt_3 to cnt_20
    Location             Delay type         Delay(ns)  Physical Resource
                                                       Logical Resource(s)
    -------------------------------------------------  -------------------
    SLICE_X60Y1.YQ       Tcko                  0.626   cnt<2>
                                                       cnt_3
    SLICE_X61Y1.G2       net (fanout=2)        0.459   cnt<3>
    SLICE_X61Y1.COUT     Topcyg                0.904   Madd_mips_clk_input_add0000_cy<3>
                                                       cnt<3>_rt.1
                                                       Madd_mips_clk_input_add0000_cy<3>
    SLICE_X61Y2.CIN      net (fanout=1)        0.000   Madd_mips_clk_input_add0000_cy<3>
    SLICE_X61Y2.COUT     Tbyp                  0.111   mips_clk_input_add0000<5>
                                                       Madd_mips_clk_input_add0000_cy<4>
                                                       Madd_mips_clk_input_add0000_cy<5>
    SLICE_X61Y3.CIN      net (fanout=1)        0.000   Madd_mips_clk_input_add0000_cy<5>
    SLICE_X61Y3.COUT     Tbyp                  0.111   mips_clk_input_add0000<6>
                                                       Madd_mips_clk_input_add0000_cy<6>
                                                       Madd_mips_clk_input_add0000_cy<7>
    SLICE_X61Y4.CIN      net (fanout=1)        0.000   Madd_mips_clk_input_add0000_cy<7>
    SLICE_X61Y4.COUT     Tbyp                  0.111   mips_clk_input_add0000<8>
                                                       Madd_mips_clk_input_add0000_cy<8>
                                                       Madd_mips_clk_input_add0000_cy<9>
    SLICE_X61Y5.CIN      net (fanout=1)        0.000   Madd_mips_clk_input_add0000_cy<9>
    SLICE_X61Y5.COUT     Tbyp                  0.111   mips_clk_input_add0000<10>
                                                       Madd_mips_clk_input_add0000_cy<10>
                                                       Madd_mips_clk_input_add0000_cy<11>
    SLICE_X61Y6.CIN      net (fanout=1)        0.000   Madd_mips_clk_input_add0000_cy<11>
    SLICE_X61Y6.COUT     Tbyp                  0.111   mips_clk_input_add0000<12>
                                                       Madd_mips_clk_input_add0000_cy<12>
                                                       Madd_mips_clk_input_add0000_cy<13>
    SLICE_X61Y7.CIN      net (fanout=1)        0.000   Madd_mips_clk_input_add0000_cy<13>
    SLICE_X61Y7.COUT     Tbyp                  0.111   mips_clk_input_add0000<14>
                                                       Madd_mips_clk_input_add0000_cy<14>
                                                       Madd_mips_clk_input_add0000_cy<15>
    SLICE_X61Y8.CIN      net (fanout=1)        0.000   Madd_mips_clk_input_add0000_cy<15>
    SLICE_X61Y8.COUT     Tbyp                  0.111   mips_clk_input_add0000<16>
                                                       Madd_mips_clk_input_add0000_cy<16>
                                                       Madd_mips_clk_input_add0000_cy<17>
    SLICE_X61Y9.CIN      net (fanout=1)        0.000   Madd_mips_clk_input_add0000_cy<17>
    SLICE_X61Y9.COUT     Tbyp                  0.111   mips_clk_input_add0000<18>
                                                       Madd_mips_clk_input_add0000_cy<18>
                                                       Madd_mips_clk_input_add0000_cy<19>
    SLICE_X61Y10.CIN     net (fanout=1)        0.000   Madd_mips_clk_input_add0000_cy<19>
    SLICE_X61Y10.COUT    Tbyp                  0.111   mips_clk_input_add0000<20>
                                                       Madd_mips_clk_input_add0000_cy<20>
                                                       Madd_mips_clk_input_add0000_cy<21>
    SLICE_X61Y11.CIN     net (fanout=1)        0.000   Madd_mips_clk_input_add0000_cy<21>
    SLICE_X61Y11.COUT    Tbyp                  0.111   mips_clk_input_add0000<22>
                                                       Madd_mips_clk_input_add0000_cy<22>
                                                       Madd_mips_clk_input_add0000_cy<23>
    SLICE_X61Y12.CIN     net (fanout=1)        0.000   Madd_mips_clk_input_add0000_cy<23>
    SLICE_X61Y12.COUT    Tbyp                  0.111   mips_clk_input_add0000<24>
                                                       Madd_mips_clk_input_add0000_cy<24>
                                                       Madd_mips_clk_input_add0000_cy<25>
    SLICE_X61Y13.CIN     net (fanout=1)        0.000   Madd_mips_clk_input_add0000_cy<25>
    SLICE_X61Y13.Y       Tciny                 0.803   mips_clk_input_add0000<26>
                                                       Madd_mips_clk_input_add0000_cy<26>
                                                       Madd_mips_clk_input_add0000_xor<27>
    SLICE_X63Y9.F1       net (fanout=2)        1.152   mips_clk_input_add0000<27>
    SLICE_X63Y9.COUT     Topcyf                0.894   Mcompar_mips_clk_input_cmp_lt0000_cy<11>1
                                                       Mcompar_mips_clk_input_cmp_lt0000_lut<10>1
                                                       Mcompar_mips_clk_input_cmp_lt0000_cy<10>_0
                                                       Mcompar_mips_clk_input_cmp_lt0000_cy<11>_0
    SLICE_X63Y10.CIN     net (fanout=1)        0.000   Mcompar_mips_clk_input_cmp_lt0000_cy<11>1
    SLICE_X63Y10.XB      Tcinxb                0.279   cnt_cmp_ge0000
                                                       Mcompar_mips_clk_input_cmp_lt0000_cy<12>_0
    SLICE_X63Y11.G4      net (fanout=1)        0.345   cnt_cmp_ge0000
    SLICE_X63Y11.Y       Tilo                  0.479   mips_clk_input_or0000
                                                       cnt_or00001
    SLICE_X60Y10.SR      net (fanout=16)       1.307   cnt_or0000
    SLICE_X60Y10.CLK     Tsrck                 0.892   cnt<20>
                                                       cnt_20
    -------------------------------------------------  ---------------------------
    Total                                      9.361ns (6.098ns logic, 3.263ns route)
                                                       (65.1% logic, 34.9% route)

--------------------------------------------------------------------------------

Hold Paths: TS_clk = PERIOD TIMEGRP "clk" 10 ns HIGH 50%;
--------------------------------------------------------------------------------

Paths for end point cnt_2 (SLICE_X60Y1.F4), 1 path
--------------------------------------------------------------------------------
Slack (hold path):      1.161ns (requirement - (clock path skew + uncertainty - data path))
  Source:               cnt_2 (FF)
  Destination:          cnt_2 (FF)
  Requirement:          0.000ns
  Data Path Delay:      1.161ns (Levels of Logic = 1)
  Clock Path Skew:      0.000ns
  Source Clock:         clk_BUFGP rising at 10.000ns
  Destination Clock:    clk_BUFGP rising at 10.000ns
  Clock Uncertainty:    0.000ns

  Minimum Data Path: cnt_2 to cnt_2
    Location             Delay type         Delay(ns)  Physical Resource
                                                       Logical Resource(s)
    -------------------------------------------------  -------------------
    SLICE_X60Y1.XQ       Tcko                  0.501   cnt<2>
                                                       cnt_2
    SLICE_X60Y1.F4       net (fanout=2)        0.278   cnt<2>
    SLICE_X60Y1.CLK      Tckf        (-Th)    -0.382   cnt<2>
                                                       cnt<2>_rt
                                                       Mcount_cnt_xor<2>
                                                       cnt_2
    -------------------------------------------------  ---------------------------
    Total                                      1.161ns (0.883ns logic, 0.278ns route)
                                                       (76.1% logic, 23.9% route)

--------------------------------------------------------------------------------

Paths for end point cnt_8 (SLICE_X60Y4.F4), 1 path
--------------------------------------------------------------------------------
Slack (hold path):      1.161ns (requirement - (clock path skew + uncertainty - data path))
  Source:               cnt_8 (FF)
  Destination:          cnt_8 (FF)
  Requirement:          0.000ns
  Data Path Delay:      1.161ns (Levels of Logic = 1)
  Clock Path Skew:      0.000ns
  Source Clock:         clk_BUFGP rising at 10.000ns
  Destination Clock:    clk_BUFGP rising at 10.000ns
  Clock Uncertainty:    0.000ns

  Minimum Data Path: cnt_8 to cnt_8
    Location             Delay type         Delay(ns)  Physical Resource
                                                       Logical Resource(s)
    -------------------------------------------------  -------------------
    SLICE_X60Y4.XQ       Tcko                  0.501   cnt<8>
                                                       cnt_8
    SLICE_X60Y4.F4       net (fanout=2)        0.278   cnt<8>
    SLICE_X60Y4.CLK      Tckf        (-Th)    -0.382   cnt<8>
                                                       cnt<8>_rt
                                                       Mcount_cnt_xor<8>
                                                       cnt_8
    -------------------------------------------------  ---------------------------
    Total                                      1.161ns (0.883ns logic, 0.278ns route)
                                                       (76.1% logic, 23.9% route)

--------------------------------------------------------------------------------

Paths for end point cnt_12 (SLICE_X60Y6.F4), 1 path
--------------------------------------------------------------------------------
Slack (hold path):      1.161ns (requirement - (clock path skew + uncertainty - data path))
  Source:               cnt_12 (FF)
  Destination:          cnt_12 (FF)
  Requirement:          0.000ns
  Data Path Delay:      1.161ns (Levels of Logic = 1)
  Clock Path Skew:      0.000ns
  Source Clock:         clk_BUFGP rising at 10.000ns
  Destination Clock:    clk_BUFGP rising at 10.000ns
  Clock Uncertainty:    0.000ns

  Minimum Data Path: cnt_12 to cnt_12
    Location             Delay type         Delay(ns)  Physical Resource
                                                       Logical Resource(s)
    -------------------------------------------------  -------------------
    SLICE_X60Y6.XQ       Tcko                  0.501   cnt<12>
                                                       cnt_12
    SLICE_X60Y6.F4       net (fanout=2)        0.278   cnt<12>
    SLICE_X60Y6.CLK      Tckf        (-Th)    -0.382   cnt<12>
                                                       cnt<12>_rt
                                                       Mcount_cnt_xor<12>
                                                       cnt_12
    -------------------------------------------------  ---------------------------
    Total                                      1.161ns (0.883ns logic, 0.278ns route)
                                                       (76.1% logic, 23.9% route)

--------------------------------------------------------------------------------

Component Switching Limit Checks: TS_clk = PERIOD TIMEGRP "clk" 10 ns HIGH 50%;
--------------------------------------------------------------------------------
Slack: 8.634ns (period - (min low pulse limit / (low pulse / period)))
  Period: 10.000ns
  Low pulse: 5.000ns
  Low pulse limit: 0.683ns (Tcl)
  Physical resource: cnt<0>/CLK
  Logical resource: cnt_0/CK
  Location pin: SLICE_X60Y0.CLK
  Clock network: clk_BUFGP
--------------------------------------------------------------------------------
Slack: 8.634ns (period - (min high pulse limit / (high pulse / period)))
  Period: 10.000ns
  High pulse: 5.000ns
  High pulse limit: 0.683ns (Tch)
  Physical resource: cnt<0>/CLK
  Logical resource: cnt_0/CK
  Location pin: SLICE_X60Y0.CLK
  Clock network: clk_BUFGP
--------------------------------------------------------------------------------
Slack: 8.634ns (period - min period limit)
  Period: 10.000ns
  Min period limit: 1.366ns (732.064MHz) (Tcp)
  Physical resource: cnt<0>/CLK
  Logical resource: cnt_0/CK
  Location pin: SLICE_X60Y0.CLK
  Clock network: clk_BUFGP
--------------------------------------------------------------------------------


All constraints were met.


Data Sheet report:
-----------------
All values displayed in nanoseconds (ns)

Clock to Setup on destination clock clk
---------------+---------+---------+---------+---------+
               | Src:Rise| Src:Fall| Src:Rise| Src:Fall|
Source Clock   |Dest:Rise|Dest:Rise|Dest:Fall|Dest:Fall|
---------------+---------+---------+---------+---------+
clk            |    9.589|         |         |         |
---------------+---------+---------+---------+---------+


Timing summary:
---------------

Timing errors: 0  Score: 0  (Setup/Max: 0, Hold: 0)

Constraints cover 17265 paths, 0 nets, and 196 connections

Design statistics:
   Minimum period:   9.589ns{1}   (Maximum frequency: 104.286MHz)


------------------------------------Footnotes-----------------------------------
1)  The minimum period statistic assumes all single cycle delays.

Analysis completed Wed May 17 12:09:23 2017 
--------------------------------------------------------------------------------

Trace Settings:
-------------------------
Trace Settings 

Peak Memory Usage: 199 MB



