V3 11
FL C:/Users/jflinn18/Desktop/MIPS_CPU/vgaBoxes2/box.vhd 2017/05/17.08:39:11 P.20131013
EN work/boxColor 1495038971 \
      FL C:/Users/jflinn18/Desktop/MIPS_CPU/vgaBoxes2/box.vhd \
      PB ieee/std_logic_1164 1381692176 PB ieee/std_logic_arith 1381692177 \
      PB ieee/STD_LOGIC_UNSIGNED 1381692179 PB ieee/NUMERIC_STD 1381692181
AR work/boxColor/behavioral 1495038972 \
      FL C:/Users/jflinn18/Desktop/MIPS_CPU/vgaBoxes2/box.vhd EN work/boxColor 1495038971
FL C:/Users/jflinn18/Desktop/MIPS_CPU/vgaBoxes2/vgaBoxes.vhd 2017/05/17.09:36:01 P.20131013
EN work/vgaBoxes 1495038973 \
      FL C:/Users/jflinn18/Desktop/MIPS_CPU/vgaBoxes2/vgaBoxes.vhd \
      PB ieee/std_logic_1164 1381692176
AR work/vgaBoxes/Behavioral 1495038974 \
      FL C:/Users/jflinn18/Desktop/MIPS_CPU/vgaBoxes2/vgaBoxes.vhd \
      EN work/vgaBoxes 1495038973 CP boxColor
FL C:/Users/jflinn18/Desktop/MIPS_CPU/vgaBoxes2/vgaTest.vhd 2017/05/17.09:10:05 P.20131013
EN work/vgaTest 1495037409 \
      FL C:/Users/jflinn18/Desktop/MIPS_CPU/vgaBoxes2/vgaTest.vhd \
      PB ieee/std_logic_1164 1381692176
AR work/vgaTest/Behavioral 1495037410 \
      FL C:/Users/jflinn18/Desktop/MIPS_CPU/vgaBoxes2/vgaTest.vhd EN work/vgaTest 1495037409 \
      CP vgaBoxes
