AR dmem behave C:/Users/jflinn18/Desktop/MIPS_CPU/MIPS_CPU_FPGA_AND_SIM_V4/mips_mem.vhd sub00/vhpl25 1495075203
EN boxcolor NULL C:/Users/jflinn18/Desktop/MIPS_CPU/MIPS_CPU_FPGA_AND_SIM_V4/box.vhd sub00/vhpl44 1495075208
EN adder NULL C:/Users/jflinn18/Desktop/MIPS_CPU/MIPS_CPU_FPGA_AND_SIM_V4/mips_building_blocks.vhd sub00/vhpl09 1495075181
EN dmem NULL C:/Users/jflinn18/Desktop/MIPS_CPU/MIPS_CPU_FPGA_AND_SIM_V4/mips_mem.vhd sub00/vhpl24 1495075202
EN mux2 NULL C:/Users/jflinn18/Desktop/MIPS_CPU/MIPS_CPU_FPGA_AND_SIM_V4/mips_building_blocks.vhd sub00/vhpl14 1495075185
EN flopr NULL C:/Users/jflinn18/Desktop/MIPS_CPU/MIPS_CPU_FPGA_AND_SIM_V4/mips_building_blocks.vhd sub00/vhpl13 1495075184
EN mux4 NULL C:/Users/jflinn18/Desktop/MIPS_CPU/MIPS_CPU_FPGA_AND_SIM_V4/mips_building_blocks.vhd sub00/vhpl41 1494349281
EN regfile NULL C:/Users/jflinn18/Desktop/MIPS_CPU/MIPS_CPU_FPGA_AND_SIM_V4/mips_building_blocks.vhd sub00/vhpl08 1495075180
EN aludec NULL C:/Users/jflinn18/Desktop/MIPS_CPU/MIPS_CPU_FPGA_AND_SIM_V4/mips_decoder_alu.vhd sub00/vhpl02 1495075200
EN datapath NULL C:/Users/jflinn18/Desktop/MIPS_CPU/MIPS_CPU_FPGA_AND_SIM_V4/mips_datapath.vhd sub00/vhpl28 1495075212
EN vgamem NULL C:/Users/jflinn18/Desktop/MIPS_CPU/MIPS_CPU_FPGA_AND_SIM_V4/mips_mem.vhd sub00/vhpl42 1495075204
EN imem NULL C:/Users/jflinn18/Desktop/MIPS_CPU/MIPS_CPU_FPGA_AND_SIM_V4/mips_mem.vhd sub00/vhpl26 1495075206
AR shiftright behave C:/Users/jflinn18/Desktop/MIPS_CPU/MIPS_CPU_FPGA_AND_SIM_V4/mips_building_blocks.vhd sub00/vhpl38 1495075195
AR mips_fpga_interface test_fpga C:/Users/jflinn18/Desktop/MIPS_CPU/MIPS_CPU_FPGA_AND_SIM_V4/mips_fpga_interface.vhd sub00/vhpl34 1495075223
AR controller struct C:/Users/jflinn18/Desktop/MIPS_CPU/MIPS_CPU_FPGA_AND_SIM_V4/mips_controller.vhd sub00/vhpl05 1495075211
AR vgaboxes behavioral C:/Users/jflinn18/Desktop/MIPS_CPU/MIPS_CPU_FPGA_AND_SIM_V4/vgaBoxes.vhd sub00/vhpl47 1495075219
AR flopr asynchronous C:/Users/jflinn18/Desktop/MIPS_CPU/MIPS_CPU_FPGA_AND_SIM_V4/mips_building_blocks.vhd sub00/vhpl22 1495075192
EN shiftleft NULL C:/Users/jflinn18/Desktop/MIPS_CPU/MIPS_CPU_FPGA_AND_SIM_V4/mips_building_blocks.vhd sub00/vhpl35 1495075186
EN maindec NULL C:/Users/jflinn18/Desktop/MIPS_CPU/MIPS_CPU_FPGA_AND_SIM_V4/mips_decoder_main.vhd sub00/vhpl00 1495075198
AR mips struct C:/Users/jflinn18/Desktop/MIPS_CPU/MIPS_CPU_FPGA_AND_SIM_V4/mips.vhd sub00/vhpl15 1495075217
EN shiftright NULL C:/Users/jflinn18/Desktop/MIPS_CPU/MIPS_CPU_FPGA_AND_SIM_V4/mips_building_blocks.vhd sub00/vhpl36 1495075187
EN testbench NULL C:/CS401/mips_cpu_v2_sim_reorg/mips/mips_top.vhd sub00/vhpl30 1394402431
EN vga NULL C:/Users/jflinn18/Desktop/MIPS_CPU/MIPS_CPU_FPGA_AND_SIM_V4/vga.vhd sub00/vhpl39 1495039341
AR zerodetect behave C:/CS401/mips_cpu_v2_sim_reorg/mips/mips_building_blocks.vhd sub00/vhpl19 1394402410
EN top NULL C:/Users/jflinn18/Desktop/MIPS_CPU/MIPS_CPU_FPGA_AND_SIM_V4/mips_top.vhd sub00/vhpl31 1495075220
AR imem behave C:/Users/jflinn18/Desktop/MIPS_CPU/MIPS_CPU_FPGA_AND_SIM_V4/mips_mem.vhd sub00/vhpl27 1495075207
AR maindec behave C:/Users/jflinn18/Desktop/MIPS_CPU/MIPS_CPU_FPGA_AND_SIM_V4/mips_decoder_main.vhd sub00/vhpl01 1495075199
EN addrdecoder NULL C:/Users/jflinn18/Desktop/MIPS_CPU/MIPS_CPU_FPGA_AND_SIM_V4/addrDecoder.vhd sub00/vhpl48 1495075214
AR sl2 behave C:/Users/jflinn18/Desktop/MIPS_CPU/MIPS_CPU_FPGA_AND_SIM_V4/mips_building_blocks.vhd sub00/vhpl20 1495075190
AR top test C:/Users/jflinn18/Desktop/MIPS_CPU/MIPS_CPU_FPGA_AND_SIM_V4/mips_top.vhd sub00/vhpl32 1495075221
EN zerodetect NULL C:/CS401/mips_cpu_v2_sim_reorg/mips/mips_building_blocks.vhd sub00/vhpl10 1394402403
AR vga behavioral C:/Users/jflinn18/Desktop/MIPS_CPU/MIPS_CPU_FPGA_AND_SIM_V4/vga.vhd sub00/vhpl40 1495039342
AR addrdecoder behavioral C:/Users/jflinn18/Desktop/MIPS_CPU/MIPS_CPU_FPGA_AND_SIM_V4/addrDecoder.vhd sub00/vhpl49 1495075215
EN mips NULL C:/Users/jflinn18/Desktop/MIPS_CPU/MIPS_CPU_FPGA_AND_SIM_V4/mips.vhd sub00/vhpl06 1495075216
AR shiftleft behave C:/Users/jflinn18/Desktop/MIPS_CPU/MIPS_CPU_FPGA_AND_SIM_V4/mips_building_blocks.vhd sub00/vhpl37 1495075194
AR signext behave C:/Users/jflinn18/Desktop/MIPS_CPU/MIPS_CPU_FPGA_AND_SIM_V4/mips_building_blocks.vhd sub00/vhpl21 1495075191
AR aludec behave C:/Users/jflinn18/Desktop/MIPS_CPU/MIPS_CPU_FPGA_AND_SIM_V4/mips_decoder_alu.vhd sub00/vhpl03 1495075201
AR datapath struct C:/Users/jflinn18/Desktop/MIPS_CPU/MIPS_CPU_FPGA_AND_SIM_V4/mips_datapath.vhd sub00/vhpl29 1495075213
AR boxcolor behavioral C:/Users/jflinn18/Desktop/MIPS_CPU/MIPS_CPU_FPGA_AND_SIM_V4/box.vhd sub00/vhpl45 1495075209
AR adder behave C:/Users/jflinn18/Desktop/MIPS_CPU/MIPS_CPU_FPGA_AND_SIM_V4/mips_building_blocks.vhd sub00/vhpl18 1495075189
EN controller NULL C:/Users/jflinn18/Desktop/MIPS_CPU/MIPS_CPU_FPGA_AND_SIM_V4/mips_controller.vhd sub00/vhpl04 1495075210
AR regfile behave C:/Users/jflinn18/Desktop/MIPS_CPU/MIPS_CPU_FPGA_AND_SIM_V4/mips_building_blocks.vhd sub00/vhpl17 1495075188
EN vgaboxes NULL C:/Users/jflinn18/Desktop/MIPS_CPU/MIPS_CPU_FPGA_AND_SIM_V4/vgaBoxes.vhd sub00/vhpl46 1495075218
AR vgamem behave C:/Users/jflinn18/Desktop/MIPS_CPU/MIPS_CPU_FPGA_AND_SIM_V4/mips_mem.vhd sub00/vhpl43 1495075205
EN mips_fpga_interface NULL C:/Users/jflinn18/Desktop/MIPS_CPU/MIPS_CPU_FPGA_AND_SIM_V4/mips_fpga_interface.vhd sub00/vhpl33 1495075222
EN signext NULL C:/Users/jflinn18/Desktop/MIPS_CPU/MIPS_CPU_FPGA_AND_SIM_V4/mips_building_blocks.vhd sub00/vhpl12 1495075183
AR mux2 behave C:/Users/jflinn18/Desktop/MIPS_CPU/MIPS_CPU_FPGA_AND_SIM_V4/mips_building_blocks.vhd sub00/vhpl23 1495075193
EN sl2 NULL C:/Users/jflinn18/Desktop/MIPS_CPU/MIPS_CPU_FPGA_AND_SIM_V4/mips_building_blocks.vhd sub00/vhpl11 1495075182
AR alu behave C:/Users/jflinn18/Desktop/MIPS_CPU/MIPS_CPU_FPGA_AND_SIM_V4/mips_alu.vhd sub00/vhpl16 1495075197
EN alu NULL C:/Users/jflinn18/Desktop/MIPS_CPU/MIPS_CPU_FPGA_AND_SIM_V4/mips_alu.vhd sub00/vhpl07 1495075196
