AR dmem behave C:/Users/jflinn18/Desktop/MIPS_CPU_FPGA_AND_SIM_V4/mips_mem.vhd sub00/vhpl25 1490292887
EN adder NULL C:/Users/jflinn18/Desktop/MIPS_CPU_FPGA_AND_SIM_V4/mips_building_blocks.vhd sub00/vhpl09 1490292859
EN dmem NULL C:/Users/jflinn18/Desktop/MIPS_CPU_FPGA_AND_SIM_V4/mips_mem.vhd sub00/vhpl24 1490292886
EN mux2 NULL C:/Users/jflinn18/Desktop/MIPS_CPU_FPGA_AND_SIM_V4/mips_building_blocks.vhd sub00/vhpl14 1490292863
EN flopr NULL C:/Users/jflinn18/Desktop/MIPS_CPU_FPGA_AND_SIM_V4/mips_building_blocks.vhd sub00/vhpl13 1490292862
EN regfile NULL C:/Users/jflinn18/Desktop/MIPS_CPU_FPGA_AND_SIM_V4/mips_building_blocks.vhd sub00/vhpl08 1490292858
EN aludec NULL C:/Users/jflinn18/Desktop/MIPS_CPU_FPGA_AND_SIM_V4/mips_decoder_alu.vhd sub00/vhpl02 1490292878
EN datapath NULL C:/Users/jflinn18/Desktop/MIPS_CPU_FPGA_AND_SIM_V4/mips_datapath.vhd sub00/vhpl28 1490292882
EN imem NULL C:/Users/jflinn18/Desktop/MIPS_CPU_FPGA_AND_SIM_V4/mips_mem.vhd sub00/vhpl26 1490292888
AR shiftright behave C:/Users/jflinn18/Desktop/MIPS_CPU_FPGA_AND_SIM_V4/mips_building_blocks.vhd sub00/vhpl38 1490292873
AR mips_fpga_interface test_fpga C:/Users/jflinn18/Desktop/MIPS_CPU_FPGA_AND_SIM_V4/mips_fpga_interface.vhd sub00/vhpl34 1490292893
AR controller struct C:/Users/jflinn18/Desktop/MIPS_CPU_FPGA_AND_SIM_V4/mips_controller.vhd sub00/vhpl05 1490292881
AR flopr asynchronous C:/Users/jflinn18/Desktop/MIPS_CPU_FPGA_AND_SIM_V4/mips_building_blocks.vhd sub00/vhpl22 1490292870
EN shiftleft NULL C:/Users/jflinn18/Desktop/MIPS_CPU_FPGA_AND_SIM_V4/mips_building_blocks.vhd sub00/vhpl35 1490292864
EN maindec NULL C:/Users/jflinn18/Desktop/MIPS_CPU_FPGA_AND_SIM_V4/mips_decoder_main.vhd sub00/vhpl00 1493914250
AR mips struct C:/Users/jflinn18/Desktop/MIPS_CPU_FPGA_AND_SIM_V4/mips.vhd sub00/vhpl15 1490292885
EN shiftright NULL C:/Users/jflinn18/Desktop/MIPS_CPU_FPGA_AND_SIM_V4/mips_building_blocks.vhd sub00/vhpl36 1490292865
EN testbench NULL C:/CS401/mips_cpu_v2_sim_reorg/mips/mips_top.vhd sub00/vhpl30 1394402431
EN vga NULL C:/Users/jflinn18/Desktop/MIPS_CPU_FPGA_AND_SIM_V4/mips/vga.vhd sub00/vhpl39 1493914311
AR zerodetect behave C:/CS401/mips_cpu_v2_sim_reorg/mips/mips_building_blocks.vhd sub00/vhpl19 1394402410
EN top NULL C:/Users/jflinn18/Desktop/MIPS_CPU_FPGA_AND_SIM_V4/mips_top.vhd sub00/vhpl31 1490292890
AR imem behave C:/Users/jflinn18/Desktop/MIPS_CPU_FPGA_AND_SIM_V4/mips_mem.vhd sub00/vhpl27 1490292889
AR maindec behave C:/Users/jflinn18/Desktop/MIPS_CPU_FPGA_AND_SIM_V4/mips_decoder_main.vhd sub00/vhpl01 1493914251
AR sl2 behave C:/Users/jflinn18/Desktop/MIPS_CPU_FPGA_AND_SIM_V4/mips_building_blocks.vhd sub00/vhpl20 1490292868
AR top test C:/Users/jflinn18/Desktop/MIPS_CPU_FPGA_AND_SIM_V4/mips_top.vhd sub00/vhpl32 1490292891
EN zerodetect NULL C:/CS401/mips_cpu_v2_sim_reorg/mips/mips_building_blocks.vhd sub00/vhpl10 1394402403
AR vga behavioral C:/Users/jflinn18/Desktop/MIPS_CPU_FPGA_AND_SIM_V4/mips/vga.vhd sub00/vhpl40 1493914312
EN mips NULL C:/Users/jflinn18/Desktop/MIPS_CPU_FPGA_AND_SIM_V4/mips.vhd sub00/vhpl06 1490292884
AR shiftleft behave C:/Users/jflinn18/Desktop/MIPS_CPU_FPGA_AND_SIM_V4/mips_building_blocks.vhd sub00/vhpl37 1490292872
AR signext behave C:/Users/jflinn18/Desktop/MIPS_CPU_FPGA_AND_SIM_V4/mips_building_blocks.vhd sub00/vhpl21 1490292869
AR aludec behave C:/Users/jflinn18/Desktop/MIPS_CPU_FPGA_AND_SIM_V4/mips_decoder_alu.vhd sub00/vhpl03 1490292879
AR datapath struct C:/Users/jflinn18/Desktop/MIPS_CPU_FPGA_AND_SIM_V4/mips_datapath.vhd sub00/vhpl29 1490292883
AR adder behave C:/Users/jflinn18/Desktop/MIPS_CPU_FPGA_AND_SIM_V4/mips_building_blocks.vhd sub00/vhpl18 1490292867
EN controller NULL C:/Users/jflinn18/Desktop/MIPS_CPU_FPGA_AND_SIM_V4/mips_controller.vhd sub00/vhpl04 1490292880
AR regfile behave C:/Users/jflinn18/Desktop/MIPS_CPU_FPGA_AND_SIM_V4/mips_building_blocks.vhd sub00/vhpl17 1490292866
EN mips_fpga_interface NULL C:/Users/jflinn18/Desktop/MIPS_CPU_FPGA_AND_SIM_V4/mips_fpga_interface.vhd sub00/vhpl33 1490292892
EN signext NULL C:/Users/jflinn18/Desktop/MIPS_CPU_FPGA_AND_SIM_V4/mips_building_blocks.vhd sub00/vhpl12 1490292861
AR mux2 behave C:/Users/jflinn18/Desktop/MIPS_CPU_FPGA_AND_SIM_V4/mips_building_blocks.vhd sub00/vhpl23 1490292871
EN sl2 NULL C:/Users/jflinn18/Desktop/MIPS_CPU_FPGA_AND_SIM_V4/mips_building_blocks.vhd sub00/vhpl11 1490292860
AR alu behave C:/Users/jflinn18/Desktop/MIPS_CPU_FPGA_AND_SIM_V4/mips_alu.vhd sub00/vhpl16 1490292875
EN alu NULL C:/Users/jflinn18/Desktop/MIPS_CPU_FPGA_AND_SIM_V4/mips_alu.vhd sub00/vhpl07 1490292874
