V3 108
FL //cs1/cs_classdata/401_Computer_Architecture/Session_07_MIPS_Architecture/MIPS_CPU_FPGA_AND_SIM_V4/mips.vhd 2014/03/09.14:58:11 P.20131013
FL //cs1/cs_classdata/401_Computer_Architecture/Session_07_MIPS_Architecture/MIPS_CPU_FPGA_AND_SIM_V4/mips_alu.vhd 2014/03/11.20:26:29 P.20131013
FL //cs1/cs_classdata/401_Computer_Architecture/Session_07_MIPS_Architecture/MIPS_CPU_FPGA_AND_SIM_V4/mips_building_blocks.vhd 2014/03/09.15:05:48 P.20131013
FL //cs1/cs_classdata/401_Computer_Architecture/Session_07_MIPS_Architecture/MIPS_CPU_FPGA_AND_SIM_V4/mips_controller.vhd 2014/03/09.13:52:57 P.20131013
FL //cs1/cs_classdata/401_Computer_Architecture/Session_07_MIPS_Architecture/MIPS_CPU_FPGA_AND_SIM_V4/mips_datapath.vhd 2014/03/11.20:19:47 P.20131013
FL //cs1/cs_classdata/401_Computer_Architecture/Session_07_MIPS_Architecture/MIPS_CPU_FPGA_AND_SIM_V4/mips_decoder_alu.vhd 2014/03/09.13:57:10 P.20131013
FL //cs1/cs_classdata/401_Computer_Architecture/Session_07_MIPS_Architecture/MIPS_CPU_FPGA_AND_SIM_V4/mips_decoder_main.vhd 2014/03/09.17:44:12 P.20131013
FL //cs1/cs_classdata/401_Computer_Architecture/Session_07_MIPS_Architecture/MIPS_CPU_FPGA_AND_SIM_V4/mips_fpga_interface.vhd 2014/03/09.16:35:30 P.20131013
FL //cs1/cs_classdata/401_Computer_Architecture/Session_07_MIPS_Architecture/MIPS_CPU_FPGA_AND_SIM_V4/mips_mem.vhd 2014/03/09.14:45:30 P.20131013
FL //cs1/cs_classdata/401_Computer_Architecture/Session_07_MIPS_Architecture/MIPS_CPU_FPGA_AND_SIM_V4/mips_top.vhd 2014/03/09.18:15:26 P.20131013
FL C:/CS401/MIPS_CPU_FPGA_AND_SIM_V3/mips/mips.vhd 2014/03/09.14:58:11 P.20131013
FL C:/CS401/MIPS_CPU_FPGA_AND_SIM_V3/mips/mips_alu.vhd 2014/03/09.14:48:58 P.20131013
FL C:/CS401/MIPS_CPU_FPGA_AND_SIM_V3/mips/mips_building_blocks.vhd 2014/03/09.15:05:48 P.20131013
FL C:/CS401/MIPS_CPU_FPGA_AND_SIM_V3/mips/mips_controller.vhd 2014/03/09.13:52:57 P.20131013
FL C:/CS401/MIPS_CPU_FPGA_AND_SIM_V3/mips/mips_datapath.vhd 2014/03/09.14:45:15 P.20131013
FL C:/CS401/MIPS_CPU_FPGA_AND_SIM_V3/mips/mips_decoder_alu.vhd 2014/03/09.13:57:10 P.20131013
FL C:/CS401/MIPS_CPU_FPGA_AND_SIM_V3/mips/mips_decoder_main.vhd 2014/03/09.17:44:12 P.20131013
FL C:/CS401/MIPS_CPU_FPGA_AND_SIM_V3/mips/mips_fpga_interface.vhd 2014/03/09.16:35:30 P.20131013
FL C:/CS401/MIPS_CPU_FPGA_AND_SIM_V3/mips/mips_mem.vhd 2014/03/09.14:45:30 P.20131013
FL C:/CS401/MIPS_CPU_FPGA_AND_SIM_V3/mips/mips_top.vhd 2014/03/09.15:56:13 P.20131013
FL C:/CS401/mips_cpu_v2_sim_reorg/mips/mips.vhd 2014/03/09.14:58:11 P.20131013
FL C:/CS401/mips_cpu_v2_sim_reorg/mips/mips_alu.vhd 2014/03/09.14:48:58 P.20131013
FL C:/CS401/mips_cpu_v2_sim_reorg/mips/mips_building_blocks.vhd 2014/03/09.14:59:01 P.20131013
EN work/zerodetect 1394402403 \
      FL C:/CS401/mips_cpu_v2_sim_reorg/mips/mips_building_blocks.vhd \
      PB ieee/std_logic_1164 1370735607 PB ieee/STD_LOGIC_UNSIGNED 1370735609
AR work/zerodetect/behave 1394402410 \
      FL C:/CS401/mips_cpu_v2_sim_reorg/mips/mips_building_blocks.vhd \
      EN work/zerodetect 1394402403
FL C:/CS401/mips_cpu_v2_sim_reorg/mips/mips_controller.vhd 2014/03/09.13:52:57 P.20131013
FL C:/CS401/mips_cpu_v2_sim_reorg/mips/mips_datapath.vhd 2014/03/09.14:45:15 P.20131013
FL C:/CS401/mips_cpu_v2_sim_reorg/mips/mips_decoder_alu.vhd 2014/03/09.13:57:10 P.20131013
FL C:/CS401/mips_cpu_v2_sim_reorg/mips/mips_decoder_main.vhd 2014/03/09.13:56:42 P.20131013
FL C:/CS401/mips_cpu_v2_sim_reorg/mips/mips_mem.vhd 2014/03/09.14:45:30 P.20131013
FL C:/CS401/mips_cpu_v2_sim_reorg/mips/mips_top.vhd 2014/03/09.14:10:05 P.20131013
EN work/testbench 1394402431 FL C:/CS401/mips_cpu_v2_sim_reorg/mips/mips_top.vhd \
      PB ieee/std_logic_1164 1370735607 PB ieee/STD_LOGIC_UNSIGNED 1370735609
FL C:/CS401/mips_cpu_v3_fpga/mips/mips.vhd 2014/03/09.14:58:11 P.20131013
FL C:/CS401/mips_cpu_v3_fpga/mips/mips_alu.vhd 2014/03/09.14:48:58 P.20131013
FL C:/CS401/mips_cpu_v3_fpga/mips/mips_building_blocks.vhd 2014/03/09.15:05:48 P.20131013
FL C:/CS401/mips_cpu_v3_fpga/mips/mips_controller.vhd 2014/03/09.13:52:57 P.20131013
FL C:/CS401/mips_cpu_v3_fpga/mips/mips_datapath.vhd 2014/03/09.14:45:15 P.20131013
FL C:/CS401/mips_cpu_v3_fpga/mips/mips_decoder_alu.vhd 2014/03/09.13:57:10 P.20131013
FL C:/CS401/mips_cpu_v3_fpga/mips/mips_decoder_main.vhd 2014/03/09.13:56:42 P.20131013
FL C:/CS401/mips_cpu_v3_fpga/mips/mips_fpga_interface.vhd 2014/03/09.16:35:30 P.20131013
FL C:/CS401/mips_cpu_v3_fpga/mips/mips_mem.vhd 2014/03/09.14:45:30 P.20131013
FL C:/CS401/mips_cpu_v3_fpga/mips/mips_top.vhd 2014/03/09.15:56:13 P.20131013
FL C:/Users/jflinn18/Desktop/MIPS_CPU_FPGA_AND_SIM_V4/mips.vhd 2017/03/23.10:32:13 P.20131013
EN work/mips 1490292884 \
      FL C:/Users/jflinn18/Desktop/MIPS_CPU_FPGA_AND_SIM_V4/mips.vhd \
      PB ieee/std_logic_1164 1370735607
AR work/mips/struct 1490292885 \
      FL C:/Users/jflinn18/Desktop/MIPS_CPU_FPGA_AND_SIM_V4/mips.vhd EN work/mips 1490292884 \
      CP controller CP datapath
FL C:/Users/jflinn18/Desktop/MIPS_CPU_FPGA_AND_SIM_V4/mips/vga.vhd 2017/05/04.09:11:48 P.20131013
EN work/vga 1493914311 \
      FL C:/Users/jflinn18/Desktop/MIPS_CPU_FPGA_AND_SIM_V4/mips/vga.vhd \
      PB ieee/std_logic_1164 1370735607
AR work/vga/Behavioral 1493914312 \
      FL C:/Users/jflinn18/Desktop/MIPS_CPU_FPGA_AND_SIM_V4/mips/vga.vhd \
      EN work/vga 1493914311
FL C:/Users/jflinn18/Desktop/MIPS_CPU_FPGA_AND_SIM_V4/mips_alu.vhd 2017/03/23.10:55:28 P.20131013
EN work/alu 1490292874 \
      FL C:/Users/jflinn18/Desktop/MIPS_CPU_FPGA_AND_SIM_V4/mips_alu.vhd \
      PB ieee/std_logic_1164 1370735607 PB ieee/STD_LOGIC_UNSIGNED 1370735609
AR work/alu/behave 1490292875 \
      FL C:/Users/jflinn18/Desktop/MIPS_CPU_FPGA_AND_SIM_V4/mips_alu.vhd \
      EN work/alu 1490292874 CP ShiftLeft CP ShiftRight
FL C:/Users/jflinn18/Desktop/MIPS_CPU_FPGA_AND_SIM_V4/mips_building_blocks.vhd 2017/03/21.11:05:57 P.20131013
EN work/regfile 1490292858 \
      FL C:/Users/jflinn18/Desktop/MIPS_CPU_FPGA_AND_SIM_V4/mips_building_blocks.vhd \
      PB ieee/std_logic_1164 1370735607 PB ieee/STD_LOGIC_UNSIGNED 1370735609 \
      PB ieee/NUMERIC_STD 1370735611
EN work/adder 1490292859 \
      FL C:/Users/jflinn18/Desktop/MIPS_CPU_FPGA_AND_SIM_V4/mips_building_blocks.vhd \
      PB ieee/std_logic_1164 1370735607 PB ieee/STD_LOGIC_UNSIGNED 1370735609
EN work/sl2 1490292860 \
      FL C:/Users/jflinn18/Desktop/MIPS_CPU_FPGA_AND_SIM_V4/mips_building_blocks.vhd \
      PB ieee/std_logic_1164 1370735607
EN work/signext 1490292861 \
      FL C:/Users/jflinn18/Desktop/MIPS_CPU_FPGA_AND_SIM_V4/mips_building_blocks.vhd \
      PB ieee/std_logic_1164 1370735607
EN work/flopr 1490292862 \
      FL C:/Users/jflinn18/Desktop/MIPS_CPU_FPGA_AND_SIM_V4/mips_building_blocks.vhd \
      PB ieee/std_logic_1164 1370735607 PB ieee/NUMERIC_STD 1370735611
EN work/mux2 1490292863 \
      FL C:/Users/jflinn18/Desktop/MIPS_CPU_FPGA_AND_SIM_V4/mips_building_blocks.vhd \
      PB ieee/std_logic_1164 1370735607
EN work/ShiftLeft 1490292864 \
      FL C:/Users/jflinn18/Desktop/MIPS_CPU_FPGA_AND_SIM_V4/mips_building_blocks.vhd \
      PB ieee/std_logic_1164 1370735607 PB ieee/NUMERIC_STD 1370735611
EN work/ShiftRight 1490292865 \
      FL C:/Users/jflinn18/Desktop/MIPS_CPU_FPGA_AND_SIM_V4/mips_building_blocks.vhd \
      PB ieee/std_logic_1164 1370735607 PB ieee/NUMERIC_STD 1370735611
AR work/regfile/behave 1490292866 \
      FL C:/Users/jflinn18/Desktop/MIPS_CPU_FPGA_AND_SIM_V4/mips_building_blocks.vhd \
      EN work/regfile 1490292858
AR work/adder/behave 1490292867 \
      FL C:/Users/jflinn18/Desktop/MIPS_CPU_FPGA_AND_SIM_V4/mips_building_blocks.vhd \
      EN work/adder 1490292859
AR work/sl2/behave 1490292868 \
      FL C:/Users/jflinn18/Desktop/MIPS_CPU_FPGA_AND_SIM_V4/mips_building_blocks.vhd \
      EN work/sl2 1490292860
AR work/signext/behave 1490292869 \
      FL C:/Users/jflinn18/Desktop/MIPS_CPU_FPGA_AND_SIM_V4/mips_building_blocks.vhd \
      EN work/signext 1490292861
AR work/flopr/asynchronous 1490292870 \
      FL C:/Users/jflinn18/Desktop/MIPS_CPU_FPGA_AND_SIM_V4/mips_building_blocks.vhd \
      EN work/flopr 1490292862
AR work/mux2/behave 1490292871 \
      FL C:/Users/jflinn18/Desktop/MIPS_CPU_FPGA_AND_SIM_V4/mips_building_blocks.vhd \
      EN work/mux2 1490292863
AR work/ShiftLeft/behave 1490292872 \
      FL C:/Users/jflinn18/Desktop/MIPS_CPU_FPGA_AND_SIM_V4/mips_building_blocks.vhd \
      EN work/ShiftLeft 1490292864
AR work/ShiftRight/behave 1490292873 \
      FL C:/Users/jflinn18/Desktop/MIPS_CPU_FPGA_AND_SIM_V4/mips_building_blocks.vhd \
      EN work/ShiftRight 1490292865
FL C:/Users/jflinn18/Desktop/MIPS_CPU_FPGA_AND_SIM_V4/mips_controller.vhd 2017/03/21.12:09:00 P.20131013
EN work/controller 1490292880 \
      FL C:/Users/jflinn18/Desktop/MIPS_CPU_FPGA_AND_SIM_V4/mips_controller.vhd \
      PB ieee/std_logic_1164 1370735607
AR work/controller/struct 1490292881 \
      FL C:/Users/jflinn18/Desktop/MIPS_CPU_FPGA_AND_SIM_V4/mips_controller.vhd \
      EN work/controller 1490292880 CP maindec CP aludec
FL C:/Users/jflinn18/Desktop/MIPS_CPU_FPGA_AND_SIM_V4/mips_datapath.vhd 2017/03/23.10:35:12 P.20131013
EN work/datapath 1490292882 \
      FL C:/Users/jflinn18/Desktop/MIPS_CPU_FPGA_AND_SIM_V4/mips_datapath.vhd \
      PB ieee/std_logic_1164 1370735607 PB ieee/NUMERIC_STD 1370735611
AR work/datapath/struct 1490292883 \
      FL C:/Users/jflinn18/Desktop/MIPS_CPU_FPGA_AND_SIM_V4/mips_datapath.vhd \
      EN work/datapath 1490292882 CP flopr CP adder CP sl2 CP mux2 CP regfile \
      CP signext CP alu
FL C:/Users/jflinn18/Desktop/MIPS_CPU_FPGA_AND_SIM_V4/mips_decoder_alu.vhd 2017/03/23.10:51:45 P.20131013
EN work/aludec 1490292878 \
      FL C:/Users/jflinn18/Desktop/MIPS_CPU_FPGA_AND_SIM_V4/mips_decoder_alu.vhd \
      PB ieee/std_logic_1164 1370735607
AR work/aludec/behave 1490292879 \
      FL C:/Users/jflinn18/Desktop/MIPS_CPU_FPGA_AND_SIM_V4/mips_decoder_alu.vhd \
      EN work/aludec 1490292878
FL C:/Users/jflinn18/Desktop/MIPS_CPU_FPGA_AND_SIM_V4/mips_decoder_main.vhd 2017/04/27.10:18:52 P.20131013
EN work/maindec 1493914250 \
      FL C:/Users/jflinn18/Desktop/MIPS_CPU_FPGA_AND_SIM_V4/mips_decoder_main.vhd \
      PB ieee/std_logic_1164 1370735607
AR work/maindec/behave 1493914251 \
      FL C:/Users/jflinn18/Desktop/MIPS_CPU_FPGA_AND_SIM_V4/mips_decoder_main.vhd \
      EN work/maindec 1493914250
FL C:/Users/jflinn18/Desktop/MIPS_CPU_FPGA_AND_SIM_V4/mips_fpga_interface.vhd 2017/03/16.09:10:53 P.20131013
EN work/mips_fpga_interface 1490292892 \
      FL C:/Users/jflinn18/Desktop/MIPS_CPU_FPGA_AND_SIM_V4/mips_fpga_interface.vhd \
      PB ieee/std_logic_1164 1370735607 PB ieee/STD_LOGIC_UNSIGNED 1370735609 \
      PB ieee/NUMERIC_STD 1370735611
AR work/mips_fpga_interface/test_fpga 1490292893 \
      FL C:/Users/jflinn18/Desktop/MIPS_CPU_FPGA_AND_SIM_V4/mips_fpga_interface.vhd \
      EN work/mips_fpga_interface 1490292892 CP top
FL C:/Users/jflinn18/Desktop/MIPS_CPU_FPGA_AND_SIM_V4/mips_mem.vhd 2017/03/16.11:08:47 P.20131013
EN work/dmem 1490292886 \
      FL C:/Users/jflinn18/Desktop/MIPS_CPU_FPGA_AND_SIM_V4/mips_mem.vhd \
      PB ieee/std_logic_1164 1370735607 PB std/TEXTIO 1370735606 \
      PB ieee/STD_LOGIC_UNSIGNED 1370735609 PB ieee/NUMERIC_STD 1370735611
AR work/dmem/behave 1490292887 \
      FL C:/Users/jflinn18/Desktop/MIPS_CPU_FPGA_AND_SIM_V4/mips_mem.vhd \
      EN work/dmem 1490292886
EN work/imem 1490292888 \
      FL C:/Users/jflinn18/Desktop/MIPS_CPU_FPGA_AND_SIM_V4/mips_mem.vhd \
      PB ieee/std_logic_1164 1370735607 PB std/TEXTIO 1370735606 \
      PB ieee/STD_LOGIC_UNSIGNED 1370735609 PB ieee/NUMERIC_STD 1370735611
AR work/imem/behave 1490292889 \
      FL C:/Users/jflinn18/Desktop/MIPS_CPU_FPGA_AND_SIM_V4/mips_mem.vhd \
      EN work/imem 1490292888
FL C:/Users/jflinn18/Desktop/MIPS_CPU_FPGA_AND_SIM_V4/mips_top.vhd 2017/03/16.09:10:53 P.20131013
EN work/top 1490292890 \
      FL C:/Users/jflinn18/Desktop/MIPS_CPU_FPGA_AND_SIM_V4/mips_top.vhd \
      PB ieee/std_logic_1164 1370735607 PB ieee/STD_LOGIC_UNSIGNED 1370735609
AR work/top/test 1490292891 \
      FL C:/Users/jflinn18/Desktop/MIPS_CPU_FPGA_AND_SIM_V4/mips_top.vhd \
      EN work/top 1490292890 CP mips CP imem CP dmem
