EN boxcolor NULL C:/Users/dhansen17/Desktop/MIPS_CPU/vgaBoxes/box.vhd sub00/vhpl00 1495000196
AR vgaboxes behavioral C:/Users/dhansen17/Desktop/MIPS_CPU/vgaBoxes/vgaBoxes.vhd sub00/vhpl03 1495000192
AR boxcolor behavioral C:/Users/dhansen17/Desktop/MIPS_CPU/vgaBoxes/box.vhd sub00/vhpl01 1495000197
EN vgaboxes NULL C:/Users/dhansen17/Desktop/MIPS_CPU/vgaBoxes/vgaBoxes.vhd sub00/vhpl02 1495000191
