V3 7
FL //cs1/2017/dhansen17/cs401-1/vgaBoxes/box.vhd 2017/05/11.12:06:31 P.20131013
FL C:/Users/dhansen17/Desktop/MIPS_CPU/vgaBoxes/box.vhd 2017/05/16.22:40:27 P.20131013
EN work/boxColor 1495000196 \
      FL C:/Users/dhansen17/Desktop/MIPS_CPU/vgaBoxes/box.vhd \
      PB ieee/std_logic_1164 1381692176 PB ieee/std_logic_arith 1381692177 \
      PB ieee/STD_LOGIC_UNSIGNED 1381692179 PB ieee/NUMERIC_STD 1381692181
AR work/boxColor/behavioral 1495000197 \
      FL C:/Users/dhansen17/Desktop/MIPS_CPU/vgaBoxes/box.vhd EN work/boxColor 1495000196
FL C:/Users/dhansen17/Desktop/MIPS_CPU/vgaBoxes/vgaBoxes.vhd 2017/05/16.22:49:47 P.20131013
EN work/vgaBoxes 1495000191 \
      FL C:/Users/dhansen17/Desktop/MIPS_CPU/vgaBoxes/vgaBoxes.vhd \
      PB ieee/std_logic_1164 1381692176
AR work/vgaBoxes/Behavioral 1495000192 \
      FL C:/Users/dhansen17/Desktop/MIPS_CPU/vgaBoxes/vgaBoxes.vhd \
      EN work/vgaBoxes 1495000191
